
> travel-assistant-frontend@0.1.0 dev
> next dev

 ⚠ Warning: Next.js inferred your workspace root, but it may not be correct.
 We detected multiple lockfiles and selected the directory of D:\agent_learning\travel_assistant\package-lock.json as the root directory.
 To silence this warning, set `outputFileTracingRoot` in your Next.js config, or consider removing one of the lockfiles if it's not needed.
   See https://nextjs.org/docs/app/api-reference/config/next-config-js/output#caveats for more information.
 Detected additional lockfiles: 
   * D:\agent_learning\travel_assistant\frontend\package-lock.json

 ⚠ Port 3000 is in use by process 36348, using available port 3006 instead.
   ▲ Next.js 15.5.14
   - Local:        http://localhost:3006
   - Network:      http://172.29.192.1:3006
   - Environments: .env.local

 ✓ Starting...
 ✓ Ready in 6.1s
 ○ Compiling /chat ...
 ✓ Compiled /chat in 4.4s (2491 modules)
 GET /chat 200 in 5022ms
 ✓ Compiled in 205ms (1147 modules)
 GET /chat 200 in 111ms
 GET /chat 200 in 35ms
 GET /chat 200 in 114ms
 GET /chat 200 in 108ms
