[     528ms] [INFO] %cDownload the React DevTools for a better development experience: https://react.dev/link/react-devtools font-weight:bold @ webpack-internal:///(app-pages-browser)/./node_modules/next/dist/compiled/react-dom/cjs/react-dom-client.development.js:25630
[     744ms] [LOG] [Chat] Store conversation changed: 63d28fe3-637f-488d-a2b9-df4f86be47e3 @ webpack-internal:///(app-pages-browser)/./app/chat/page.tsx:161
[     748ms] [WARNING] WebSocket connection to 'ws://localhost:8000/ws/chat' failed: WebSocket is closed before the connection is established. @ webpack-internal:///(app-pages-browser)/./lib/chat-transport.ts:56
[     752ms] [LOG] [Chat] Store conversation changed: 63d28fe3-637f-488d-a2b9-df4f86be47e3 @ webpack-internal:///(app-pages-browser)/./app/chat/page.tsx:161
[     768ms] [ERROR] [ChatTransport] WebSocket error: Event @ webpack-internal:///(app-pages-browser)/./node_modules/next/dist/next-devtools/userspace/app/errors/intercept-console-error.js:56
[     769ms] [ERROR] Event @ webpack-internal:///(app-pages-browser)/./node_modules/next/dist/next-devtools/userspace/app/errors/intercept-console-error.js:56
[     769ms] [LOG] [ChatTransport] WebSocket disconnected 1006  @ webpack-internal:///(app-pages-browser)/./lib/chat-transport.ts:36
[     769ms] [LOG] [ChatTransport] Reconnecting... (1/5) @ webpack-internal:///(app-pages-browser)/./lib/chat-transport.ts:41
[     787ms] [LOG] [Chat] User initialized: f62f4ec5-1874-4821-97e9-b2c70b35805d @ webpack-internal:///(app-pages-browser)/./app/chat/page.tsx:54
[     788ms] [LOG] [Chat] User initialized: f62f4ec5-1874-4821-97e9-b2c70b35805d @ webpack-internal:///(app-pages-browser)/./app/chat/page.tsx:54
[     805ms] [LOG] [Chat] User ID set to transport: f62f4ec5-1874-4821-97e9-b2c70b35805d @ webpack-internal:///(app-pages-browser)/./app/chat/page.tsx:97
[    1069ms] [LOG] [ChatTransport] WebSocket connected @ webpack-internal:///(app-pages-browser)/./lib/chat-transport.ts:25
[    2090ms] [LOG] [ChatTransport] WebSocket connected @ webpack-internal:///(app-pages-browser)/./lib/chat-transport.ts:25
[   22049ms] [LOG] [Auth] Synced user ID to userManager: f62f4ec5-1874-4821-97e9-b2c70b35805d @ webpack-internal:///(app-pages-browser)/./lib/store/auth-store.ts:97
[   93035ms] [LOG] [ChatTransport] sendMessage called, content: 查北京天气 @ webpack-internal:///(app-pages-browser)/./lib/chat-transport.ts:81
[   93035ms] [LOG] [ChatTransport] isConnected: true ws.readyState: 1 @ webpack-internal:///(app-pages-browser)/./lib/chat-transport.ts:82
[   93035ms] [LOG] [ChatTransport] has_image: false @ webpack-internal:///(app-pages-browser)/./lib/chat-transport.ts:83
[   93036ms] [LOG] [ChatTransport] Sending WebSocket message: msg_1776339152976_7z11u5c 查北京天气 @ webpack-internal:///(app-pages-browser)/./lib/chat-transport.ts:100
[   93036ms] [LOG] [ChatTransport] send() called, isConnected: true readyState: 1 @ webpack-internal:///(app-pages-browser)/./lib/chat-transport.ts:69
[   93036ms] [LOG] [ChatTransport] Sending WebSocket data: {"type":"message","session_id":"session_1776339060691_f4comgd","conversation_id":"63d28fe3-637f-488d-a2b9-df4f86be47e3","user_id":"f62f4ec5-1874-4821-97e9-b2c70b35805d","content":"查北京天气","has_image":false} @ webpack-internal:///(app-pages-browser)/./lib/chat-transport.ts:71
[   99698ms] [LOG] [ChatTransport] Received WebSocket response: {"type":"delta","content":"根据","error":null,"message_id":"c2d6ac7d-a854-488c-bb3c-c3fe212ec4a5","conversation_id":null,"itinerary":null} @ webpack-internal:///(app-pages-browser)/./lib/chat-transport.ts:103
[   99786ms] [LOG] [ChatTransport] Received WebSocket response: {"type":"delta","content":"查询","error":null,"message_id":"c2d6ac7d-a854-488c-bb3c-c3fe212ec4a5","conversation_id":null,"itinerary":null} @ webpack-internal:///(app-pages-browser)/./lib/chat-transport.ts:103
[   99855ms] [LOG] [ChatTransport] Received WebSocket response: {"type":"delta","content":"结果","error":null,"message_id":"c2d6ac7d-a854-488c-bb3c-c3fe212ec4a5","conversation_id":null,"itinerary":null} @ webpack-internal:///(app-pages-browser)/./lib/chat-transport.ts:103
[   99855ms] [LOG] [ChatTransport] Received WebSocket response: {"type":"delta","content":"，","error":null,"message_id":"c2d6ac7d-a854-488c-bb3c-c3fe212ec4a5","conversation_id":null,"itinerary":null} @ webpack-internal:///(app-pages-browser)/./lib/chat-transport.ts:103
[   99914ms] [LOG] [ChatTransport] Received WebSocket response: {"type":"delta","content":"**","error":null,"message_id":"c2d6ac7d-a854-488c-bb3c-c3fe212ec4a5","conversation_id":null,"itinerary":null} @ webpack-internal:///(app-pages-browser)/./lib/chat-transport.ts:103
[   99924ms] [LOG] [ChatTransport] Received WebSocket response: {"type":"delta","content":"北京","error":null,"message_id":"c2d6ac7d-a854-488c-bb3c-c3fe212ec4a5","conversation_id":null,"itinerary":null} @ webpack-internal:///(app-pages-browser)/./lib/chat-transport.ts:103
[   99969ms] [LOG] [ChatTransport] Received WebSocket response: {"type":"delta","content":"明天","error":null,"message_id":"c2d6ac7d-a854-488c-bb3c-c3fe212ec4a5","conversation_id":null,"itinerary":null} @ webpack-internal:///(app-pages-browser)/./lib/chat-transport.ts:103
[   99990ms] [LOG] [ChatTransport] Received WebSocket response: {"type":"delta","content":"（","error":null,"message_id":"c2d6ac7d-a854-488c-bb3c-c3fe212ec4a5","conversation_id":null,"itinerary":null} @ webpack-internal:///(app-pages-browser)/./lib/chat-transport.ts:103
[  100049ms] [LOG] [ChatTransport] Received WebSocket response: {"type":"delta","content":"202","error":null,"message_id":"c2d6ac7d-a854-488c-bb3c-c3fe212ec4a5","conversation_id":null,"itinerary":null} @ webpack-internal:///(app-pages-browser)/./lib/chat-transport.ts:103
[  100067ms] [LOG] [ChatTransport] Received WebSocket response: {"type":"delta","content":"6","error":null,"message_id":"c2d6ac7d-a854-488c-bb3c-c3fe212ec4a5","conversation_id":null,"itinerary":null} @ webpack-internal:///(app-pages-browser)/./lib/chat-transport.ts:103
[  100099ms] [LOG] [ChatTransport] Received WebSocket response: {"type":"delta","content":"年","error":null,"message_id":"c2d6ac7d-a854-488c-bb3c-c3fe212ec4a5","conversation_id":null,"itinerary":null} @ webpack-internal:///(app-pages-browser)/./lib/chat-transport.ts:103
[  100111ms] [LOG] [ChatTransport] Received WebSocket response: {"type":"delta","content":"4","error":null,"message_id":"c2d6ac7d-a854-488c-bb3c-c3fe212ec4a5","conversation_id":null,"itinerary":null} @ webpack-internal:///(app-pages-browser)/./lib/chat-transport.ts:103
[  100251ms] [LOG] [ChatTransport] Received WebSocket response: {"type":"delta","content":"月","error":null,"message_id":"c2d6ac7d-a854-488c-bb3c-c3fe212ec4a5","conversation_id":null,"itinerary":null} @ webpack-internal:///(app-pages-browser)/./lib/chat-transport.ts:103
[  100251ms] [LOG] [ChatTransport] Received WebSocket response: {"type":"delta","content":"17","error":null,"message_id":"c2d6ac7d-a854-488c-bb3c-c3fe212ec4a5","conversation_id":null,"itinerary":null} @ webpack-internal:///(app-pages-browser)/./lib/chat-transport.ts:103
[  100274ms] [LOG] [ChatTransport] Received WebSocket response: {"type":"delta","content":"日","error":null,"message_id":"c2d6ac7d-a854-488c-bb3c-c3fe212ec4a5","conversation_id":null,"itinerary":null} @ webpack-internal:///(app-pages-browser)/./lib/chat-transport.ts:103
[  100297ms] [LOG] [ChatTransport] Received WebSocket response: {"type":"delta","content":"，","error":null,"message_id":"c2d6ac7d-a854-488c-bb3c-c3fe212ec4a5","conversation_id":null,"itinerary":null} @ webpack-internal:///(app-pages-browser)/./lib/chat-transport.ts:103
[  100298ms] [LOG] [ChatTransport] Received WebSocket response: {"type":"delta","content":"周五","error":null,"message_id":"c2d6ac7d-a854-488c-bb3c-c3fe212ec4a5","conversation_id":null,"itinerary":null} @ webpack-internal:///(app-pages-browser)/./lib/chat-transport.ts:103
[  100298ms] [LOG] [ChatTransport] Received WebSocket response: {"type":"delta","content":"）","error":null,"message_id":"c2d6ac7d-a854-488c-bb3c-c3fe212ec4a5","conversation_id":null,"itinerary":null} @ webpack-internal:///(app-pages-browser)/./lib/chat-transport.ts:103
[  100340ms] [LOG] [ChatTransport] Received WebSocket response: {"type":"delta","content":"的","error":null,"message_id":"c2d6ac7d-a854-488c-bb3c-c3fe212ec4a5","conversation_id":null,"itinerary":null} @ webpack-internal:///(app-pages-browser)/./lib/chat-transport.ts:103
[  100361ms] [LOG] [ChatTransport] Received WebSocket response: {"type":"delta","content":"天气","error":null,"message_id":"c2d6ac7d-a854-488c-bb3c-c3fe212ec4a5","conversation_id":null,"itinerary":null} @ webpack-internal:///(app-pages-browser)/./lib/chat-transport.ts:103
[  100392ms] [LOG] [ChatTransport] Received WebSocket response: {"type":"delta","content":"情况","error":null,"message_id":"c2d6ac7d-a854-488c-bb3c-c3fe212ec4a5","conversation_id":null,"itinerary":null} @ webpack-internal:///(app-pages-browser)/./lib/chat-transport.ts:103
[  100410ms] [LOG] [ChatTransport] Received WebSocket response: {"type":"delta","content":"如下","error":null,"message_id":"c2d6ac7d-a854-488c-bb3c-c3fe212ec4a5","conversation_id":null,"itinerary":null} @ webpack-internal:///(app-pages-browser)/./lib/chat-transport.ts:103
[  100483ms] [LOG] [ChatTransport] Received WebSocket response: {"type":"delta","content":"**","error":null,"message_id":"c2d6ac7d-a854-488c-bb3c-c3fe212ec4a5","conversation_id":null,"itinerary":null} @ webpack-internal:///(app-pages-browser)/./lib/chat-transport.ts:103
[  100503ms] [LOG] [ChatTransport] Received WebSocket response: {"type":"delta","content":"：\n\n","error":null,"message_id":"c2d6ac7d-a854-488c-bb3c-c3fe212ec4a5","conversation_id":null,"itinerary":null} @ webpack-internal:///(app-pages-browser)/./lib/chat-transport.ts:103
[  100576ms] [LOG] [ChatTransport] Received WebSocket response: {"type":"delta","content":"##","error":null,"message_id":"c2d6ac7d-a854-488c-bb3c-c3fe212ec4a5","conversation_id":null,"itinerary":null} @ webpack-internal:///(app-pages-browser)/./lib/chat-transport.ts:103
[  100577ms] [LOG] [ChatTransport] Received WebSocket response: {"type":"delta","content":" 🌤","error":null,"message_id":"c2d6ac7d-a854-488c-bb3c-c3fe212ec4a5","conversation_id":null,"itinerary":null} @ webpack-internal:///(app-pages-browser)/./lib/chat-transport.ts:103
[  100592ms] [LOG] [ChatTransport] Received WebSocket response: {"type":"delta","content":"️","error":null,"message_id":"c2d6ac7d-a854-488c-bb3c-c3fe212ec4a5","conversation_id":null,"itinerary":null} @ webpack-internal:///(app-pages-browser)/./lib/chat-transport.ts:103
[  100638ms] [LOG] [ChatTransport] Received WebSocket response: {"type":"delta","content":" **","error":null,"message_id":"c2d6ac7d-a854-488c-bb3c-c3fe212ec4a5","conversation_id":null,"itinerary":null} @ webpack-internal:///(app-pages-browser)/./lib/chat-transport.ts:103
[  100655ms] [LOG] [ChatTransport] Received WebSocket response: {"type":"delta","content":"北京","error":null,"message_id":"c2d6ac7d-a854-488c-bb3c-c3fe212ec4a5","conversation_id":null,"itinerary":null} @ webpack-internal:///(app-pages-browser)/./lib/chat-transport.ts:103
[  100705ms] [LOG] [ChatTransport] Received WebSocket response: {"type":"delta","content":"明日","error":null,"message_id":"c2d6ac7d-a854-488c-bb3c-c3fe212ec4a5","conversation_id":null,"itinerary":null} @ webpack-internal:///(app-pages-browser)/./lib/chat-transport.ts:103
[  100724ms] [LOG] [ChatTransport] Received WebSocket response: {"type":"delta","content":"天气","error":null,"message_id":"c2d6ac7d-a854-488c-bb3c-c3fe212ec4a5","conversation_id":null,"itinerary":null} @ webpack-internal:///(app-pages-browser)/./lib/chat-transport.ts:103
[  100766ms] [LOG] [ChatTransport] Received WebSocket response: {"type":"delta","content":"详情","error":null,"message_id":"c2d6ac7d-a854-488c-bb3c-c3fe212ec4a5","conversation_id":null,"itinerary":null} @ webpack-internal:///(app-pages-browser)/./lib/chat-transport.ts:103
[  100785ms] [LOG] [ChatTransport] Received WebSocket response: {"type":"delta","content":"**\n","error":null,"message_id":"c2d6ac7d-a854-488c-bb3c-c3fe212ec4a5","conversation_id":null,"itinerary":null} @ webpack-internal:///(app-pages-browser)/./lib/chat-transport.ts:103
[  100825ms] [LOG] [ChatTransport] Received WebSocket response: {"type":"delta","content":"-","error":null,"message_id":"c2d6ac7d-a854-488c-bb3c-c3fe212ec4a5","conversation_id":null,"itinerary":null} @ webpack-internal:///(app-pages-browser)/./lib/chat-transport.ts:103
[  100825ms] [LOG] [ChatTransport] Received WebSocket response: {"type":"delta","content":" **","error":null,"message_id":"c2d6ac7d-a854-488c-bb3c-c3fe212ec4a5","conversation_id":null,"itinerary":null} @ webpack-internal:///(app-pages-browser)/./lib/chat-transport.ts:103
[  100886ms] [LOG] [ChatTransport] Received WebSocket response: {"type":"delta","content":"天气","error":null,"message_id":"c2d6ac7d-a854-488c-bb3c-c3fe212ec4a5","conversation_id":null,"itinerary":null} @ webpack-internal:///(app-pages-browser)/./lib/chat-transport.ts:103
[  100886ms] [LOG] [ChatTransport] Received WebSocket response: {"type":"delta","content":"**","error":null,"message_id":"c2d6ac7d-a854-488c-bb3c-c3fe212ec4a5","conversation_id":null,"itinerary":null} @ webpack-internal:///(app-pages-browser)/./lib/chat-transport.ts:103
[  100945ms] [LOG] [ChatTransport] Received WebSocket response: {"type":"delta","content":"：","error":null,"message_id":"c2d6ac7d-a854-488c-bb3c-c3fe212ec4a5","conversation_id":null,"itinerary":null} @ webpack-internal:///(app-pages-browser)/./lib/chat-transport.ts:103
[  100963ms] [LOG] [ChatTransport] Received WebSocket response: {"type":"delta","content":"晴","error":null,"message_id":"c2d6ac7d-a854-488c-bb3c-c3fe212ec4a5","conversation_id":null,"itinerary":null} @ webpack-internal:///(app-pages-browser)/./lib/chat-transport.ts:103
[  101009ms] [LOG] [ChatTransport] Received WebSocket response: {"type":"delta","content":"转","error":null,"message_id":"c2d6ac7d-a854-488c-bb3c-c3fe212ec4a5","conversation_id":null,"itinerary":null} @ webpack-internal:///(app-pages-browser)/./lib/chat-transport.ts:103
[  101009ms] [LOG] [ChatTransport] Received WebSocket response: {"type":"delta","content":"晴","error":null,"message_id":"c2d6ac7d-a854-488c-bb3c-c3fe212ec4a5","conversation_id":null,"itinerary":null} @ webpack-internal:///(app-pages-browser)/./lib/chat-transport.ts:103
[  101084ms] [LOG] [ChatTransport] Received WebSocket response: {"type":"delta","content":" ☀","error":null,"message_id":"c2d6ac7d-a854-488c-bb3c-c3fe212ec4a5","conversation_id":null,"itinerary":null} @ webpack-internal:///(app-pages-browser)/./lib/chat-transport.ts:103
[  101124ms] [LOG] [ChatTransport] Received WebSocket response: {"type":"delta","content":"️","error":null,"message_id":"c2d6ac7d-a854-488c-bb3c-c3fe212ec4a5","conversation_id":null,"itinerary":null} @ webpack-internal:///(app-pages-browser)/./lib/chat-transport.ts:103
[  101138ms] [LOG] [ChatTransport] Received WebSocket response: {"type":"delta","content":"\n","error":null,"message_id":"c2d6ac7d-a854-488c-bb3c-c3fe212ec4a5","conversation_id":null,"itinerary":null} @ webpack-internal:///(app-pages-browser)/./lib/chat-transport.ts:103
[  101267ms] [LOG] [ChatTransport] Received WebSocket response: {"type":"delta","content":"-","error":null,"message_id":"c2d6ac7d-a854-488c-bb3c-c3fe212ec4a5","conversation_id":null,"itinerary":null} @ webpack-internal:///(app-pages-browser)/./lib/chat-transport.ts:103
[  101285ms] [LOG] [ChatTransport] Received WebSocket response: {"type":"delta","content":" **","error":null,"message_id":"c2d6ac7d-a854-488c-bb3c-c3fe212ec4a5","conversation_id":null,"itinerary":null} @ webpack-internal:///(app-pages-browser)/./lib/chat-transport.ts:103
[  101287ms] [LOG] [ChatTransport] Received WebSocket response: {"type":"delta","content":"温度","error":null,"message_id":"c2d6ac7d-a854-488c-bb3c-c3fe212ec4a5","conversation_id":null,"itinerary":null} @ webpack-internal:///(app-pages-browser)/./lib/chat-transport.ts:103
[  101287ms] [LOG] [ChatTransport] Received WebSocket response: {"type":"delta","content":"**","error":null,"message_id":"c2d6ac7d-a854-488c-bb3c-c3fe212ec4a5","conversation_id":null,"itinerary":null} @ webpack-internal:///(app-pages-browser)/./lib/chat-transport.ts:103
[  101309ms] [LOG] [ChatTransport] Received WebSocket response: {"type":"delta","content":"：","error":null,"message_id":"c2d6ac7d-a854-488c-bb3c-c3fe212ec4a5","conversation_id":null,"itinerary":null} @ webpack-internal:///(app-pages-browser)/./lib/chat-transport.ts:103
[  101326ms] [LOG] [ChatTransport] Received WebSocket response: {"type":"delta","content":"13","error":null,"message_id":"c2d6ac7d-a854-488c-bb3c-c3fe212ec4a5","conversation_id":null,"itinerary":null} @ webpack-internal:///(app-pages-browser)/./lib/chat-transport.ts:103
[  101380ms] [LOG] [ChatTransport] Received WebSocket response: {"type":"delta","content":"°","error":null,"message_id":"c2d6ac7d-a854-488c-bb3c-c3fe212ec4a5","conversation_id":null,"itinerary":null} @ webpack-internal:///(app-pages-browser)/./lib/chat-transport.ts:103
[  101399ms] [LOG] [ChatTransport] Received WebSocket response: {"type":"delta","content":"C","error":null,"message_id":"c2d6ac7d-a854-488c-bb3c-c3fe212ec4a5","conversation_id":null,"itinerary":null} @ webpack-internal:///(app-pages-browser)/./lib/chat-transport.ts:103
[  101433ms] [LOG] [ChatTransport] Received WebSocket response: {"type":"delta","content":" ~","error":null,"message_id":"c2d6ac7d-a854-488c-bb3c-c3fe212ec4a5","conversation_id":null,"itinerary":null} @ webpack-internal:///(app-pages-browser)/./lib/chat-transport.ts:103
[  101450ms] [LOG] [ChatTransport] Received WebSocket response: {"type":"delta","content":" ","error":null,"message_id":"c2d6ac7d-a854-488c-bb3c-c3fe212ec4a5","conversation_id":null,"itinerary":null} @ webpack-internal:///(app-pages-browser)/./lib/chat-transport.ts:103
[  101592ms] [LOG] [ChatTransport] Received WebSocket response: {"type":"delta","content":"24","error":null,"message_id":"c2d6ac7d-a854-488c-bb3c-c3fe212ec4a5","conversation_id":null,"itinerary":null} @ webpack-internal:///(app-pages-browser)/./lib/chat-transport.ts:103
[  101610ms] [LOG] [ChatTransport] Received WebSocket response: {"type":"delta","content":"°","error":null,"message_id":"c2d6ac7d-a854-488c-bb3c-c3fe212ec4a5","conversation_id":null,"itinerary":null} @ webpack-internal:///(app-pages-browser)/./lib/chat-transport.ts:103
[  101633ms] [LOG] [ChatTransport] Received WebSocket response: {"type":"delta","content":"C","error":null,"message_id":"c2d6ac7d-a854-488c-bb3c-c3fe212ec4a5","conversation_id":null,"itinerary":null} @ webpack-internal:///(app-pages-browser)/./lib/chat-transport.ts:103
[  101634ms] [LOG] [ChatTransport] Received WebSocket response: {"type":"delta","content":"（","error":null,"message_id":"c2d6ac7d-a854-488c-bb3c-c3fe212ec4a5","conversation_id":null,"itinerary":null} @ webpack-internal:///(app-pages-browser)/./lib/chat-transport.ts:103
[  101662ms] [LOG] [ChatTransport] Received WebSocket response: {"type":"delta","content":"舒适","error":null,"message_id":"c2d6ac7d-a854-488c-bb3c-c3fe212ec4a5","conversation_id":null,"itinerary":null} @ webpack-internal:///(app-pages-browser)/./lib/chat-transport.ts:103
[  101662ms] [LOG] [ChatTransport] Received WebSocket response: {"type":"delta","content":"宜","error":null,"message_id":"c2d6ac7d-a854-488c-bb3c-c3fe212ec4a5","conversation_id":null,"itinerary":null} @ webpack-internal:///(app-pages-browser)/./lib/chat-transport.ts:103
[  101680ms] [LOG] [ChatTransport] Received WebSocket response: {"type":"delta","content":"人","error":null,"message_id":"c2d6ac7d-a854-488c-bb3c-c3fe212ec4a5","conversation_id":null,"itinerary":null} @ webpack-internal:///(app-pages-browser)/./lib/chat-transport.ts:103
[  101687ms] [LOG] [ChatTransport] Received WebSocket response: {"type":"delta","content":"）\n","error":null,"message_id":"c2d6ac7d-a854-488c-bb3c-c3fe212ec4a5","conversation_id":null,"itinerary":null} @ webpack-internal:///(app-pages-browser)/./lib/chat-transport.ts:103
[  101737ms] [LOG] [ChatTransport] Received WebSocket response: {"type":"delta","content":"-","error":null,"message_id":"c2d6ac7d-a854-488c-bb3c-c3fe212ec4a5","conversation_id":null,"itinerary":null} @ webpack-internal:///(app-pages-browser)/./lib/chat-transport.ts:103
[  101737ms] [LOG] [ChatTransport] Received WebSocket response: {"type":"delta","content":" **","error":null,"message_id":"c2d6ac7d-a854-488c-bb3c-c3fe212ec4a5","conversation_id":null,"itinerary":null} @ webpack-internal:///(app-pages-browser)/./lib/chat-transport.ts:103
[  101807ms] [LOG] [ChatTransport] Received WebSocket response: {"type":"delta","content":"风力","error":null,"message_id":"c2d6ac7d-a854-488c-bb3c-c3fe212ec4a5","conversation_id":null,"itinerary":null} @ webpack-internal:///(app-pages-browser)/./lib/chat-transport.ts:103
[  101822ms] [LOG] [ChatTransport] Received WebSocket response: {"type":"delta","content":"**","error":null,"message_id":"c2d6ac7d-a854-488c-bb3c-c3fe212ec4a5","conversation_id":null,"itinerary":null} @ webpack-internal:///(app-pages-browser)/./lib/chat-transport.ts:103
[  101862ms] [LOG] [ChatTransport] Received WebSocket response: {"type":"delta","content":"：","error":null,"message_id":"c2d6ac7d-a854-488c-bb3c-c3fe212ec4a5","conversation_id":null,"itinerary":null} @ webpack-internal:///(app-pages-browser)/./lib/chat-transport.ts:103
[  101884ms] [LOG] [ChatTransport] Received WebSocket response: {"type":"delta","content":"南","error":null,"message_id":"c2d6ac7d-a854-488c-bb3c-c3fe212ec4a5","conversation_id":null,"itinerary":null} @ webpack-internal:///(app-pages-browser)/./lib/chat-transport.ts:103
[  101941ms] [LOG] [ChatTransport] Received WebSocket response: {"type":"delta","content":"风","error":null,"message_id":"c2d6ac7d-a854-488c-bb3c-c3fe212ec4a5","conversation_id":null,"itinerary":null} @ webpack-internal:///(app-pages-browser)/./lib/chat-transport.ts:103
[  101941ms] [LOG] [ChatTransport] Received WebSocket response: {"type":"delta","content":"1","error":null,"message_id":"c2d6ac7d-a854-488c-bb3c-c3fe212ec4a5","conversation_id":null,"itinerary":null} @ webpack-internal:///(app-pages-browser)/./lib/chat-transport.ts:103
[  101997ms] [LOG] [ChatTransport] Received WebSocket response: {"type":"delta","content":"-","error":null,"message_id":"c2d6ac7d-a854-488c-bb3c-c3fe212ec4a5","conversation_id":null,"itinerary":null} @ webpack-internal:///(app-pages-browser)/./lib/chat-transport.ts:103
[  101997ms] [LOG] [ChatTransport] Received WebSocket response: {"type":"delta","content":"3","error":null,"message_id":"c2d6ac7d-a854-488c-bb3c-c3fe212ec4a5","conversation_id":null,"itinerary":null} @ webpack-internal:///(app-pages-browser)/./lib/chat-transport.ts:103
[  102251ms] [LOG] [ChatTransport] Received WebSocket response: {"type":"delta","content":"级","error":null,"message_id":"c2d6ac7d-a854-488c-bb3c-c3fe212ec4a5","conversation_id":null,"itinerary":null} @ webpack-internal:///(app-pages-browser)/./lib/chat-transport.ts:103
[  102251ms] [LOG] [ChatTransport] Received WebSocket response: {"type":"delta","content":"（","error":null,"message_id":"c2d6ac7d-a854-488c-bb3c-c3fe212ec4a5","conversation_id":null,"itinerary":null} @ webpack-internal:///(app-pages-browser)/./lib/chat-transport.ts:103
[  102267ms] [LOG] [ChatTransport] Received WebSocket response: {"type":"delta","content":"微风","error":null,"message_id":"c2d6ac7d-a854-488c-bb3c-c3fe212ec4a5","conversation_id":null,"itinerary":null} @ webpack-internal:///(app-pages-browser)/./lib/chat-transport.ts:103
[  102268ms] [LOG] [ChatTransport] Received WebSocket response: {"type":"delta","content":"）\n","error":null,"message_id":"c2d6ac7d-a854-488c-bb3c-c3fe212ec4a5","conversation_id":null,"itinerary":null} @ webpack-internal:///(app-pages-browser)/./lib/chat-transport.ts:103
[  102269ms] [LOG] [ChatTransport] Received WebSocket response: {"type":"delta","content":"-","error":null,"message_id":"c2d6ac7d-a854-488c-bb3c-c3fe212ec4a5","conversation_id":null,"itinerary":null} @ webpack-internal:///(app-pages-browser)/./lib/chat-transport.ts:103
[  102269ms] [LOG] [ChatTransport] Received WebSocket response: {"type":"delta","content":" **","error":null,"message_id":"c2d6ac7d-a854-488c-bb3c-c3fe212ec4a5","conversation_id":null,"itinerary":null} @ webpack-internal:///(app-pages-browser)/./lib/chat-transport.ts:103
[  102269ms] [LOG] [ChatTransport] Received WebSocket response: {"type":"delta","content":"出行","error":null,"message_id":"c2d6ac7d-a854-488c-bb3c-c3fe212ec4a5","conversation_id":null,"itinerary":null} @ webpack-internal:///(app-pages-browser)/./lib/chat-transport.ts:103
[  102269ms] [LOG] [ChatTransport] Received WebSocket response: {"type":"delta","content":"建议","error":null,"message_id":"c2d6ac7d-a854-488c-bb3c-c3fe212ec4a5","conversation_id":null,"itinerary":null} @ webpack-internal:///(app-pages-browser)/./lib/chat-transport.ts:103
[  102306ms] [LOG] [ChatTransport] Received WebSocket response: {"type":"delta","content":"**","error":null,"message_id":"c2d6ac7d-a854-488c-bb3c-c3fe212ec4a5","conversation_id":null,"itinerary":null} @ webpack-internal:///(app-pages-browser)/./lib/chat-transport.ts:103
[  102318ms] [LOG] [ChatTransport] Received WebSocket response: {"type":"delta","content":"：","error":null,"message_id":"c2d6ac7d-a854-488c-bb3c-c3fe212ec4a5","conversation_id":null,"itinerary":null} @ webpack-internal:///(app-pages-browser)/./lib/chat-transport.ts:103
[  102366ms] [LOG] [ChatTransport] Received WebSocket response: {"type":"delta","content":"天气","error":null,"message_id":"c2d6ac7d-a854-488c-bb3c-c3fe212ec4a5","conversation_id":null,"itinerary":null} @ webpack-internal:///(app-pages-browser)/./lib/chat-transport.ts:103
[  102375ms] [LOG] [ChatTransport] Received WebSocket response: {"type":"delta","content":"晴朗","error":null,"message_id":"c2d6ac7d-a854-488c-bb3c-c3fe212ec4a5","conversation_id":null,"itinerary":null} @ webpack-internal:///(app-pages-browser)/./lib/chat-transport.ts:103
[  102422ms] [LOG] [ChatTransport] Received WebSocket response: {"type":"delta","content":"，","error":null,"message_id":"c2d6ac7d-a854-488c-bb3c-c3fe212ec4a5","conversation_id":null,"itinerary":null} @ webpack-internal:///(app-pages-browser)/./lib/chat-transport.ts:103
[  102432ms] [LOG] [ChatTransport] Received WebSocket response: {"type":"delta","content":"适合","error":null,"message_id":"c2d6ac7d-a854-488c-bb3c-c3fe212ec4a5","conversation_id":null,"itinerary":null} @ webpack-internal:///(app-pages-browser)/./lib/chat-transport.ts:103
[  102529ms] [LOG] [ChatTransport] Received WebSocket response: {"type":"delta","content":"出行","error":null,"message_id":"c2d6ac7d-a854-488c-bb3c-c3fe212ec4a5","conversation_id":null,"itinerary":null} @ webpack-internal:///(app-pages-browser)/./lib/chat-transport.ts:103
[  102550ms] [LOG] [ChatTransport] Received WebSocket response: {"type":"delta","content":"和","error":null,"message_id":"c2d6ac7d-a854-488c-bb3c-c3fe212ec4a5","conversation_id":null,"itinerary":null} @ webpack-internal:///(app-pages-browser)/./lib/chat-transport.ts:103
[  102608ms] [LOG] [ChatTransport] Received WebSocket response: {"type":"delta","content":"拍照","error":null,"message_id":"c2d6ac7d-a854-488c-bb3c-c3fe212ec4a5","conversation_id":null,"itinerary":null} @ webpack-internal:///(app-pages-browser)/./lib/chat-transport.ts:103
[  102609ms] [LOG] [ChatTransport] Received WebSocket response: {"type":"delta","content":"\n\n","error":null,"message_id":"c2d6ac7d-a854-488c-bb3c-c3fe212ec4a5","conversation_id":null,"itinerary":null} @ webpack-internal:///(app-pages-browser)/./lib/chat-transport.ts:103
[  102644ms] [LOG] [ChatTransport] Received WebSocket response: {"type":"delta","content":"##","error":null,"message_id":"c2d6ac7d-a854-488c-bb3c-c3fe212ec4a5","conversation_id":null,"itinerary":null} @ webpack-internal:///(app-pages-browser)/./lib/chat-transport.ts:103
[  102672ms] [LOG] [ChatTransport] Received WebSocket response: {"type":"delta","content":" 📊","error":null,"message_id":"c2d6ac7d-a854-488c-bb3c-c3fe212ec4a5","conversation_id":null,"itinerary":null} @ webpack-internal:///(app-pages-browser)/./lib/chat-transport.ts:103
[  102690ms] [LOG] [ChatTransport] Received WebSocket response: {"type":"delta","content":" **","error":null,"message_id":"c2d6ac7d-a854-488c-bb3c-c3fe212ec4a5","conversation_id":null,"itinerary":null} @ webpack-internal:///(app-pages-browser)/./lib/chat-transport.ts:103
[  102751ms] [LOG] [ChatTransport] Received WebSocket response: {"type":"delta","content":"未来","error":null,"message_id":"c2d6ac7d-a854-488c-bb3c-c3fe212ec4a5","conversation_id":null,"itinerary":null} @ webpack-internal:///(app-pages-browser)/./lib/chat-transport.ts:103
[  102772ms] [LOG] [ChatTransport] Received WebSocket response: {"type":"delta","content":"几天","error":null,"message_id":"c2d6ac7d-a854-488c-bb3c-c3fe212ec4a5","conversation_id":null,"itinerary":null} @ webpack-internal:///(app-pages-browser)/./lib/chat-transport.ts:103
[  102806ms] [LOG] [ChatTransport] Received WebSocket response: {"type":"delta","content":"天气","error":null,"message_id":"c2d6ac7d-a854-488c-bb3c-c3fe212ec4a5","conversation_id":null,"itinerary":null} @ webpack-internal:///(app-pages-browser)/./lib/chat-transport.ts:103
[  102807ms] [LOG] [ChatTransport] Received WebSocket response: {"type":"delta","content":"趋势","error":null,"message_id":"c2d6ac7d-a854-488c-bb3c-c3fe212ec4a5","conversation_id":null,"itinerary":null} @ webpack-internal:///(app-pages-browser)/./lib/chat-transport.ts:103
[  102859ms] [LOG] [ChatTransport] Received WebSocket response: {"type":"delta","content":"**\n","error":null,"message_id":"c2d6ac7d-a854-488c-bb3c-c3fe212ec4a5","conversation_id":null,"itinerary":null} @ webpack-internal:///(app-pages-browser)/./lib/chat-transport.ts:103
[  102875ms] [LOG] [ChatTransport] Received WebSocket response: {"type":"delta","content":"1","error":null,"message_id":"c2d6ac7d-a854-488c-bb3c-c3fe212ec4a5","conversation_id":null,"itinerary":null} @ webpack-internal:///(app-pages-browser)/./lib/chat-transport.ts:103
[  102925ms] [LOG] [ChatTransport] Received WebSocket response: {"type":"delta","content":".","error":null,"message_id":"c2d6ac7d-a854-488c-bb3c-c3fe212ec4a5","conversation_id":null,"itinerary":null} @ webpack-internal:///(app-pages-browser)/./lib/chat-transport.ts:103
[  102936ms] [LOG] [ChatTransport] Received WebSocket response: {"type":"delta","content":" **","error":null,"message_id":"c2d6ac7d-a854-488c-bb3c-c3fe212ec4a5","conversation_id":null,"itinerary":null} @ webpack-internal:///(app-pages-browser)/./lib/chat-transport.ts:103
[  102982ms] [LOG] [ChatTransport] Received WebSocket response: {"type":"delta","content":"今天","error":null,"message_id":"c2d6ac7d-a854-488c-bb3c-c3fe212ec4a5","conversation_id":null,"itinerary":null} @ webpack-internal:///(app-pages-browser)/./lib/chat-transport.ts:103
[  102982ms] [LOG] [ChatTransport] Received WebSocket response: {"type":"delta","content":"（","error":null,"message_id":"c2d6ac7d-a854-488c-bb3c-c3fe212ec4a5","conversation_id":null,"itinerary":null} @ webpack-internal:///(app-pages-browser)/./lib/chat-transport.ts:103
[  103072ms] [LOG] [ChatTransport] Received WebSocket response: {"type":"delta","content":"4","error":null,"message_id":"c2d6ac7d-a854-488c-bb3c-c3fe212ec4a5","conversation_id":null,"itinerary":null} @ webpack-internal:///(app-pages-browser)/./lib/chat-transport.ts:103
[  103072ms] [LOG] [ChatTransport] Received WebSocket response: {"type":"delta","content":"月","error":null,"message_id":"c2d6ac7d-a854-488c-bb3c-c3fe212ec4a5","conversation_id":null,"itinerary":null} @ webpack-internal:///(app-pages-browser)/./lib/chat-transport.ts:103
[  103109ms] [LOG] [ChatTransport] Received WebSocket response: {"type":"delta","content":"16","error":null,"message_id":"c2d6ac7d-a854-488c-bb3c-c3fe212ec4a5","conversation_id":null,"itinerary":null} @ webpack-internal:///(app-pages-browser)/./lib/chat-transport.ts:103
[  103121ms] [LOG] [ChatTransport] Received WebSocket response: {"type":"delta","content":"日","error":null,"message_id":"c2d6ac7d-a854-488c-bb3c-c3fe212ec4a5","conversation_id":null,"itinerary":null} @ webpack-internal:///(app-pages-browser)/./lib/chat-transport.ts:103
[  103189ms] [LOG] [ChatTransport] Received WebSocket response: {"type":"delta","content":"）","error":null,"message_id":"c2d6ac7d-a854-488c-bb3c-c3fe212ec4a5","conversation_id":null,"itinerary":null} @ webpack-internal:///(app-pages-browser)/./lib/chat-transport.ts:103
[  103202ms] [LOG] [ChatTransport] Received WebSocket response: {"type":"delta","content":"**","error":null,"message_id":"c2d6ac7d-a854-488c-bb3c-c3fe212ec4a5","conversation_id":null,"itinerary":null} @ webpack-internal:///(app-pages-browser)/./lib/chat-transport.ts:103
[  103461ms] [LOG] [ChatTransport] Received WebSocket response: {"type":"delta","content":"：","error":null,"message_id":"c2d6ac7d-a854-488c-bb3c-c3fe212ec4a5","conversation_id":null,"itinerary":null} @ webpack-internal:///(app-pages-browser)/./lib/chat-transport.ts:103
[  103462ms] [LOG] [ChatTransport] Received WebSocket response: {"type":"delta","content":"小雨","error":null,"message_id":"c2d6ac7d-a854-488c-bb3c-c3fe212ec4a5","conversation_id":null,"itinerary":null} @ webpack-internal:///(app-pages-browser)/./lib/chat-transport.ts:103
[  103491ms] [LOG] [ChatTransport] Received WebSocket response: {"type":"delta","content":"转","error":null,"message_id":"c2d6ac7d-a854-488c-bb3c-c3fe212ec4a5","conversation_id":null,"itinerary":null} @ webpack-internal:///(app-pages-browser)/./lib/chat-transport.ts:103
[  103502ms] [LOG] [ChatTransport] Received WebSocket response: {"type":"delta","content":"小雨","error":null,"message_id":"c2d6ac7d-a854-488c-bb3c-c3fe212ec4a5","conversation_id":null,"itinerary":null} @ webpack-internal:///(app-pages-browser)/./lib/chat-transport.ts:103
[  103513ms] [LOG] [ChatTransport] Received WebSocket response: {"type":"delta","content":"，","error":null,"message_id":"c2d6ac7d-a854-488c-bb3c-c3fe212ec4a5","conversation_id":null,"itinerary":null} @ webpack-internal:///(app-pages-browser)/./lib/chat-transport.ts:103
[  103513ms] [LOG] [ChatTransport] Received WebSocket response: {"type":"delta","content":"11","error":null,"message_id":"c2d6ac7d-a854-488c-bb3c-c3fe212ec4a5","conversation_id":null,"itinerary":null} @ webpack-internal:///(app-pages-browser)/./lib/chat-transport.ts:103
[  103523ms] [LOG] [ChatTransport] Received WebSocket response: {"type":"delta","content":"-","error":null,"message_id":"c2d6ac7d-a854-488c-bb3c-c3fe212ec4a5","conversation_id":null,"itinerary":null} @ webpack-internal:///(app-pages-browser)/./lib/chat-transport.ts:103
[  103524ms] [LOG] [ChatTransport] Received WebSocket response: {"type":"delta","content":"20","error":null,"message_id":"c2d6ac7d-a854-488c-bb3c-c3fe212ec4a5","conversation_id":null,"itinerary":null} @ webpack-internal:///(app-pages-browser)/./lib/chat-transport.ts:103
[  103524ms] [LOG] [ChatTransport] Received WebSocket response: {"type":"delta","content":"°","error":null,"message_id":"c2d6ac7d-a854-488c-bb3c-c3fe212ec4a5","conversation_id":null,"itinerary":null} @ webpack-internal:///(app-pages-browser)/./lib/chat-transport.ts:103
[  103524ms] [LOG] [ChatTransport] Received WebSocket response: {"type":"delta","content":"C","error":null,"message_id":"c2d6ac7d-a854-488c-bb3c-c3fe212ec4a5","conversation_id":null,"itinerary":null} @ webpack-internal:///(app-pages-browser)/./lib/chat-transport.ts:103
[  103552ms] [LOG] [ChatTransport] Received WebSocket response: {"type":"delta","content":"（","error":null,"message_id":"c2d6ac7d-a854-488c-bb3c-c3fe212ec4a5","conversation_id":null,"itinerary":null} @ webpack-internal:///(app-pages-browser)/./lib/chat-transport.ts:103
[  103570ms] [LOG] [ChatTransport] Received WebSocket response: {"type":"delta","content":"有","error":null,"message_id":"c2d6ac7d-a854-488c-bb3c-c3fe212ec4a5","conversation_id":null,"itinerary":null} @ webpack-internal:///(app-pages-browser)/./lib/chat-transport.ts:103
[  103592ms] [LOG] [ChatTransport] Received WebSocket response: {"type":"delta","content":"雨","error":null,"message_id":"c2d6ac7d-a854-488c-bb3c-c3fe212ec4a5","conversation_id":null,"itinerary":null} @ webpack-internal:///(app-pages-browser)/./lib/chat-transport.ts:103
[  103608ms] [LOG] [ChatTransport] Received WebSocket response: {"type":"delta","content":"）\n","error":null,"message_id":"c2d6ac7d-a854-488c-bb3c-c3fe212ec4a5","conversation_id":null,"itinerary":null} @ webpack-internal:///(app-pages-browser)/./lib/chat-transport.ts:103
[  103656ms] [LOG] [ChatTransport] Received WebSocket response: {"type":"delta","content":"2","error":null,"message_id":"c2d6ac7d-a854-488c-bb3c-c3fe212ec4a5","conversation_id":null,"itinerary":null} @ webpack-internal:///(app-pages-browser)/./lib/chat-transport.ts:103
[  103657ms] [LOG] [ChatTransport] Received WebSocket response: {"type":"delta","content":".","error":null,"message_id":"c2d6ac7d-a854-488c-bb3c-c3fe212ec4a5","conversation_id":null,"itinerary":null} @ webpack-internal:///(app-pages-browser)/./lib/chat-transport.ts:103
[  103732ms] [LOG] [ChatTransport] Received WebSocket response: {"type":"delta","content":" **","error":null,"message_id":"c2d6ac7d-a854-488c-bb3c-c3fe212ec4a5","conversation_id":null,"itinerary":null} @ webpack-internal:///(app-pages-browser)/./lib/chat-transport.ts:103
[  103740ms] [LOG] [ChatTransport] Received WebSocket response: {"type":"delta","content":"明天","error":null,"message_id":"c2d6ac7d-a854-488c-bb3c-c3fe212ec4a5","conversation_id":null,"itinerary":null} @ webpack-internal:///(app-pages-browser)/./lib/chat-transport.ts:103
[  103943ms] [LOG] [ChatTransport] Received WebSocket response: {"type":"delta","content":"（","error":null,"message_id":"c2d6ac7d-a854-488c-bb3c-c3fe212ec4a5","conversation_id":null,"itinerary":null} @ webpack-internal:///(app-pages-browser)/./lib/chat-transport.ts:103
[  103944ms] [LOG] [ChatTransport] Received WebSocket response: {"type":"delta","content":"4","error":null,"message_id":"c2d6ac7d-a854-488c-bb3c-c3fe212ec4a5","conversation_id":null,"itinerary":null} @ webpack-internal:///(app-pages-browser)/./lib/chat-transport.ts:103
[  103958ms] [LOG] [ChatTransport] Received WebSocket response: {"type":"delta","content":"月","error":null,"message_id":"c2d6ac7d-a854-488c-bb3c-c3fe212ec4a5","conversation_id":null,"itinerary":null} @ webpack-internal:///(app-pages-browser)/./lib/chat-transport.ts:103
[  103970ms] [LOG] [ChatTransport] Received WebSocket response: {"type":"delta","content":"17","error":null,"message_id":"c2d6ac7d-a854-488c-bb3c-c3fe212ec4a5","conversation_id":null,"itinerary":null} @ webpack-internal:///(app-pages-browser)/./lib/chat-transport.ts:103
[  103982ms] [LOG] [ChatTransport] Received WebSocket response: {"type":"delta","content":"日","error":null,"message_id":"c2d6ac7d-a854-488c-bb3c-c3fe212ec4a5","conversation_id":null,"itinerary":null} @ webpack-internal:///(app-pages-browser)/./lib/chat-transport.ts:103
[  103993ms] [LOG] [ChatTransport] Received WebSocket response: {"type":"delta","content":"）","error":null,"message_id":"c2d6ac7d-a854-488c-bb3c-c3fe212ec4a5","conversation_id":null,"itinerary":null} @ webpack-internal:///(app-pages-browser)/./lib/chat-transport.ts:103
[  104026ms] [LOG] [ChatTransport] Received WebSocket response: {"type":"delta","content":"**","error":null,"message_id":"c2d6ac7d-a854-488c-bb3c-c3fe212ec4a5","conversation_id":null,"itinerary":null} @ webpack-internal:///(app-pages-browser)/./lib/chat-transport.ts:103
[  104039ms] [LOG] [ChatTransport] Received WebSocket response: {"type":"delta","content":"：","error":null,"message_id":"c2d6ac7d-a854-488c-bb3c-c3fe212ec4a5","conversation_id":null,"itinerary":null} @ webpack-internal:///(app-pages-browser)/./lib/chat-transport.ts:103
[  104094ms] [LOG] [ChatTransport] Received WebSocket response: {"type":"delta","content":"晴","error":null,"message_id":"c2d6ac7d-a854-488c-bb3c-c3fe212ec4a5","conversation_id":null,"itinerary":null} @ webpack-internal:///(app-pages-browser)/./lib/chat-transport.ts:103
[  104101ms] [LOG] [ChatTransport] Received WebSocket response: {"type":"delta","content":"转","error":null,"message_id":"c2d6ac7d-a854-488c-bb3c-c3fe212ec4a5","conversation_id":null,"itinerary":null} @ webpack-internal:///(app-pages-browser)/./lib/chat-transport.ts:103
[  104155ms] [LOG] [ChatTransport] Received WebSocket response: {"type":"delta","content":"晴","error":null,"message_id":"c2d6ac7d-a854-488c-bb3c-c3fe212ec4a5","conversation_id":null,"itinerary":null} @ webpack-internal:///(app-pages-browser)/./lib/chat-transport.ts:103
[  104171ms] [LOG] [ChatTransport] Received WebSocket response: {"type":"delta","content":"，","error":null,"message_id":"c2d6ac7d-a854-488c-bb3c-c3fe212ec4a5","conversation_id":null,"itinerary":null} @ webpack-internal:///(app-pages-browser)/./lib/chat-transport.ts:103
[  104211ms] [LOG] [ChatTransport] Received WebSocket response: {"type":"delta","content":"13","error":null,"message_id":"c2d6ac7d-a854-488c-bb3c-c3fe212ec4a5","conversation_id":null,"itinerary":null} @ webpack-internal:///(app-pages-browser)/./lib/chat-transport.ts:103
[  104211ms] [LOG] [ChatTransport] Received WebSocket response: {"type":"delta","content":"-","error":null,"message_id":"c2d6ac7d-a854-488c-bb3c-c3fe212ec4a5","conversation_id":null,"itinerary":null} @ webpack-internal:///(app-pages-browser)/./lib/chat-transport.ts:103
[  104265ms] [LOG] [ChatTransport] Received WebSocket response: {"type":"delta","content":"24","error":null,"message_id":"c2d6ac7d-a854-488c-bb3c-c3fe212ec4a5","conversation_id":null,"itinerary":null} @ webpack-internal:///(app-pages-browser)/./lib/chat-transport.ts:103
[  104280ms] [LOG] [ChatTransport] Received WebSocket response: {"type":"delta","content":"°","error":null,"message_id":"c2d6ac7d-a854-488c-bb3c-c3fe212ec4a5","conversation_id":null,"itinerary":null} @ webpack-internal:///(app-pages-browser)/./lib/chat-transport.ts:103
[  104366ms] [LOG] [ChatTransport] Received WebSocket response: {"type":"delta","content":"C","error":null,"message_id":"c2d6ac7d-a854-488c-bb3c-c3fe212ec4a5","conversation_id":null,"itinerary":null} @ webpack-internal:///(app-pages-browser)/./lib/chat-transport.ts:103
[  104383ms] [LOG] [ChatTransport] Received WebSocket response: {"type":"delta","content":"（","error":null,"message_id":"c2d6ac7d-a854-488c-bb3c-c3fe212ec4a5","conversation_id":null,"itinerary":null} @ webpack-internal:///(app-pages-browser)/./lib/chat-transport.ts:103
[  104409ms] [LOG] [ChatTransport] Received WebSocket response: {"type":"delta","content":"晴朗","error":null,"message_id":"c2d6ac7d-a854-488c-bb3c-c3fe212ec4a5","conversation_id":null,"itinerary":null} @ webpack-internal:///(app-pages-browser)/./lib/chat-transport.ts:103
[  104427ms] [LOG] [ChatTransport] Received WebSocket response: {"type":"delta","content":"）\n","error":null,"message_id":"c2d6ac7d-a854-488c-bb3c-c3fe212ec4a5","conversation_id":null,"itinerary":null} @ webpack-internal:///(app-pages-browser)/./lib/chat-transport.ts:103
[  104463ms] [LOG] [ChatTransport] Received WebSocket response: {"type":"delta","content":"3","error":null,"message_id":"c2d6ac7d-a854-488c-bb3c-c3fe212ec4a5","conversation_id":null,"itinerary":null} @ webpack-internal:///(app-pages-browser)/./lib/chat-transport.ts:103
[  104481ms] [LOG] [ChatTransport] Received WebSocket response: {"type":"delta","content":".","error":null,"message_id":"c2d6ac7d-a854-488c-bb3c-c3fe212ec4a5","conversation_id":null,"itinerary":null} @ webpack-internal:///(app-pages-browser)/./lib/chat-transport.ts:103
[  104507ms] [LOG] [ChatTransport] Received WebSocket response: {"type":"delta","content":" **","error":null,"message_id":"c2d6ac7d-a854-488c-bb3c-c3fe212ec4a5","conversation_id":null,"itinerary":null} @ webpack-internal:///(app-pages-browser)/./lib/chat-transport.ts:103
[  104531ms] [LOG] [ChatTransport] Received WebSocket response: {"type":"delta","content":"后天","error":null,"message_id":"c2d6ac7d-a854-488c-bb3c-c3fe212ec4a5","conversation_id":null,"itinerary":null} @ webpack-internal:///(app-pages-browser)/./lib/chat-transport.ts:103
[  104564ms] [LOG] [ChatTransport] Received WebSocket response: {"type":"delta","content":"（","error":null,"message_id":"c2d6ac7d-a854-488c-bb3c-c3fe212ec4a5","conversation_id":null,"itinerary":null} @ webpack-internal:///(app-pages-browser)/./lib/chat-transport.ts:103
[  104573ms] [LOG] [ChatTransport] Received WebSocket response: {"type":"delta","content":"4","error":null,"message_id":"c2d6ac7d-a854-488c-bb3c-c3fe212ec4a5","conversation_id":null,"itinerary":null} @ webpack-internal:///(app-pages-browser)/./lib/chat-transport.ts:103
[  104625ms] [LOG] [ChatTransport] Received WebSocket response: {"type":"delta","content":"月","error":null,"message_id":"c2d6ac7d-a854-488c-bb3c-c3fe212ec4a5","conversation_id":null,"itinerary":null} @ webpack-internal:///(app-pages-browser)/./lib/chat-transport.ts:103
[  104628ms] [LOG] [ChatTransport] Received WebSocket response: {"type":"delta","content":"18","error":null,"message_id":"c2d6ac7d-a854-488c-bb3c-c3fe212ec4a5","conversation_id":null,"itinerary":null} @ webpack-internal:///(app-pages-browser)/./lib/chat-transport.ts:103
[  104698ms] [LOG] [ChatTransport] Received WebSocket response: {"type":"delta","content":"日","error":null,"message_id":"c2d6ac7d-a854-488c-bb3c-c3fe212ec4a5","conversation_id":null,"itinerary":null} @ webpack-internal:///(app-pages-browser)/./lib/chat-transport.ts:103
[  104701ms] [LOG] [ChatTransport] Received WebSocket response: {"type":"delta","content":"）","error":null,"message_id":"c2d6ac7d-a854-488c-bb3c-c3fe212ec4a5","conversation_id":null,"itinerary":null} @ webpack-internal:///(app-pages-browser)/./lib/chat-transport.ts:103
[  104746ms] [LOG] [ChatTransport] Received WebSocket response: {"type":"delta","content":"**","error":null,"message_id":"c2d6ac7d-a854-488c-bb3c-c3fe212ec4a5","conversation_id":null,"itinerary":null} @ webpack-internal:///(app-pages-browser)/./lib/chat-transport.ts:103
[  104746ms] [LOG] [ChatTransport] Received WebSocket response: {"type":"delta","content":"：","error":null,"message_id":"c2d6ac7d-a854-488c-bb3c-c3fe212ec4a5","conversation_id":null,"itinerary":null} @ webpack-internal:///(app-pages-browser)/./lib/chat-transport.ts:103
[  104819ms] [LOG] [ChatTransport] Received WebSocket response: {"type":"delta","content":"晴","error":null,"message_id":"c2d6ac7d-a854-488c-bb3c-c3fe212ec4a5","conversation_id":null,"itinerary":null} @ webpack-internal:///(app-pages-browser)/./lib/chat-transport.ts:103
[  104819ms] [LOG] [ChatTransport] Received WebSocket response: {"type":"delta","content":"转","error":null,"message_id":"c2d6ac7d-a854-488c-bb3c-c3fe212ec4a5","conversation_id":null,"itinerary":null} @ webpack-internal:///(app-pages-browser)/./lib/chat-transport.ts:103
[  105128ms] [LOG] [ChatTransport] Received WebSocket response: {"type":"delta","content":"晴","error":null,"message_id":"c2d6ac7d-a854-488c-bb3c-c3fe212ec4a5","conversation_id":null,"itinerary":null} @ webpack-internal:///(app-pages-browser)/./lib/chat-transport.ts:103
[  105137ms] [LOG] [ChatTransport] Received WebSocket response: {"type":"delta","content":"，","error":null,"message_id":"c2d6ac7d-a854-488c-bb3c-c3fe212ec4a5","conversation_id":null,"itinerary":null} @ webpack-internal:///(app-pages-browser)/./lib/chat-transport.ts:103
[  105138ms] [LOG] [ChatTransport] Received WebSocket response: {"type":"delta","content":"16","error":null,"message_id":"c2d6ac7d-a854-488c-bb3c-c3fe212ec4a5","conversation_id":null,"itinerary":null} @ webpack-internal:///(app-pages-browser)/./lib/chat-transport.ts:103
[  105138ms] [LOG] [ChatTransport] Received WebSocket response: {"type":"delta","content":"-","error":null,"message_id":"c2d6ac7d-a854-488c-bb3c-c3fe212ec4a5","conversation_id":null,"itinerary":null} @ webpack-internal:///(app-pages-browser)/./lib/chat-transport.ts:103
[  105151ms] [LOG] [ChatTransport] Received WebSocket response: {"type":"delta","content":"28","error":null,"message_id":"c2d6ac7d-a854-488c-bb3c-c3fe212ec4a5","conversation_id":null,"itinerary":null} @ webpack-internal:///(app-pages-browser)/./lib/chat-transport.ts:103
[  105151ms] [LOG] [ChatTransport] Received WebSocket response: {"type":"delta","content":"°","error":null,"message_id":"c2d6ac7d-a854-488c-bb3c-c3fe212ec4a5","conversation_id":null,"itinerary":null} @ webpack-internal:///(app-pages-browser)/./lib/chat-transport.ts:103
[  105152ms] [LOG] [ChatTransport] Received WebSocket response: {"type":"delta","content":"C","error":null,"message_id":"c2d6ac7d-a854-488c-bb3c-c3fe212ec4a5","conversation_id":null,"itinerary":null} @ webpack-internal:///(app-pages-browser)/./lib/chat-transport.ts:103
[  105152ms] [LOG] [ChatTransport] Received WebSocket response: {"type":"delta","content":"（","error":null,"message_id":"c2d6ac7d-a854-488c-bb3c-c3fe212ec4a5","conversation_id":null,"itinerary":null} @ webpack-internal:///(app-pages-browser)/./lib/chat-transport.ts:103
[  105152ms] [LOG] [ChatTransport] Received WebSocket response: {"type":"delta","content":"晴朗","error":null,"message_id":"c2d6ac7d-a854-488c-bb3c-c3fe212ec4a5","conversation_id":null,"itinerary":null} @ webpack-internal:///(app-pages-browser)/./lib/chat-transport.ts:103
[  105153ms] [LOG] [ChatTransport] Received WebSocket response: {"type":"delta","content":"温暖","error":null,"message_id":"c2d6ac7d-a854-488c-bb3c-c3fe212ec4a5","conversation_id":null,"itinerary":null} @ webpack-internal:///(app-pages-browser)/./lib/chat-transport.ts:103
[  105182ms] [LOG] [ChatTransport] Received WebSocket response: {"type":"delta","content":"）\n","error":null,"message_id":"c2d6ac7d-a854-488c-bb3c-c3fe212ec4a5","conversation_id":null,"itinerary":null} @ webpack-internal:///(app-pages-browser)/./lib/chat-transport.ts:103
[  105272ms] [LOG] [ChatTransport] Received WebSocket response: {"type":"delta","content":"4","error":null,"message_id":"c2d6ac7d-a854-488c-bb3c-c3fe212ec4a5","conversation_id":null,"itinerary":null} @ webpack-internal:///(app-pages-browser)/./lib/chat-transport.ts:103
[  105287ms] [LOG] [ChatTransport] Received WebSocket response: {"type":"delta","content":".","error":null,"message_id":"c2d6ac7d-a854-488c-bb3c-c3fe212ec4a5","conversation_id":null,"itinerary":null} @ webpack-internal:///(app-pages-browser)/./lib/chat-transport.ts:103
[  105305ms] [LOG] [ChatTransport] Received WebSocket response: {"type":"delta","content":" **","error":null,"message_id":"c2d6ac7d-a854-488c-bb3c-c3fe212ec4a5","conversation_id":null,"itinerary":null} @ webpack-internal:///(app-pages-browser)/./lib/chat-transport.ts:103
[  105321ms] [LOG] [ChatTransport] Received WebSocket response: {"type":"delta","content":"大","error":null,"message_id":"c2d6ac7d-a854-488c-bb3c-c3fe212ec4a5","conversation_id":null,"itinerary":null} @ webpack-internal:///(app-pages-browser)/./lib/chat-transport.ts:103
[  105358ms] [LOG] [ChatTransport] Received WebSocket response: {"type":"delta","content":"后天","error":null,"message_id":"c2d6ac7d-a854-488c-bb3c-c3fe212ec4a5","conversation_id":null,"itinerary":null} @ webpack-internal:///(app-pages-browser)/./lib/chat-transport.ts:103
[  105379ms] [LOG] [ChatTransport] Received WebSocket response: {"type":"delta","content":"（","error":null,"message_id":"c2d6ac7d-a854-488c-bb3c-c3fe212ec4a5","conversation_id":null,"itinerary":null} @ webpack-internal:///(app-pages-browser)/./lib/chat-transport.ts:103
[  105422ms] [LOG] [ChatTransport] Received WebSocket response: {"type":"delta","content":"4","error":null,"message_id":"c2d6ac7d-a854-488c-bb3c-c3fe212ec4a5","conversation_id":null,"itinerary":null} @ webpack-internal:///(app-pages-browser)/./lib/chat-transport.ts:103
[  105438ms] [LOG] [ChatTransport] Received WebSocket response: {"type":"delta","content":"月","error":null,"message_id":"c2d6ac7d-a854-488c-bb3c-c3fe212ec4a5","conversation_id":null,"itinerary":null} @ webpack-internal:///(app-pages-browser)/./lib/chat-transport.ts:103
[  105489ms] [LOG] [ChatTransport] Received WebSocket response: {"type":"delta","content":"19","error":null,"message_id":"c2d6ac7d-a854-488c-bb3c-c3fe212ec4a5","conversation_id":null,"itinerary":null} @ webpack-internal:///(app-pages-browser)/./lib/chat-transport.ts:103
[  105506ms] [LOG] [ChatTransport] Received WebSocket response: {"type":"delta","content":"日","error":null,"message_id":"c2d6ac7d-a854-488c-bb3c-c3fe212ec4a5","conversation_id":null,"itinerary":null} @ webpack-internal:///(app-pages-browser)/./lib/chat-transport.ts:103
[  105553ms] [LOG] [ChatTransport] Received WebSocket response: {"type":"delta","content":"）","error":null,"message_id":"c2d6ac7d-a854-488c-bb3c-c3fe212ec4a5","conversation_id":null,"itinerary":null} @ webpack-internal:///(app-pages-browser)/./lib/chat-transport.ts:103
[  105553ms] [LOG] [ChatTransport] Received WebSocket response: {"type":"delta","content":"**","error":null,"message_id":"c2d6ac7d-a854-488c-bb3c-c3fe212ec4a5","conversation_id":null,"itinerary":null} @ webpack-internal:///(app-pages-browser)/./lib/chat-transport.ts:103
[  105603ms] [LOG] [ChatTransport] Received WebSocket response: {"type":"delta","content":"：","error":null,"message_id":"c2d6ac7d-a854-488c-bb3c-c3fe212ec4a5","conversation_id":null,"itinerary":null} @ webpack-internal:///(app-pages-browser)/./lib/chat-transport.ts:103
[  105622ms] [LOG] [ChatTransport] Received WebSocket response: {"type":"delta","content":"多云","error":null,"message_id":"c2d6ac7d-a854-488c-bb3c-c3fe212ec4a5","conversation_id":null,"itinerary":null} @ webpack-internal:///(app-pages-browser)/./lib/chat-transport.ts:103
[  105662ms] [LOG] [ChatTransport] Received WebSocket response: {"type":"delta","content":"转","error":null,"message_id":"c2d6ac7d-a854-488c-bb3c-c3fe212ec4a5","conversation_id":null,"itinerary":null} @ webpack-internal:///(app-pages-browser)/./lib/chat-transport.ts:103
[  105681ms] [LOG] [ChatTransport] Received WebSocket response: {"type":"delta","content":"多云","error":null,"message_id":"c2d6ac7d-a854-488c-bb3c-c3fe212ec4a5","conversation_id":null,"itinerary":null} @ webpack-internal:///(app-pages-browser)/./lib/chat-transport.ts:103
[  105770ms] [LOG] [ChatTransport] Received WebSocket response: {"type":"delta","content":"，","error":null,"message_id":"c2d6ac7d-a854-488c-bb3c-c3fe212ec4a5","conversation_id":null,"itinerary":null} @ webpack-internal:///(app-pages-browser)/./lib/chat-transport.ts:103
[  105788ms] [LOG] [ChatTransport] Received WebSocket response: {"type":"delta","content":"12","error":null,"message_id":"c2d6ac7d-a854-488c-bb3c-c3fe212ec4a5","conversation_id":null,"itinerary":null} @ webpack-internal:///(app-pages-browser)/./lib/chat-transport.ts:103
[  105890ms] [LOG] [ChatTransport] Received WebSocket response: {"type":"delta","content":"-","error":null,"message_id":"c2d6ac7d-a854-488c-bb3c-c3fe212ec4a5","conversation_id":null,"itinerary":null} @ webpack-internal:///(app-pages-browser)/./lib/chat-transport.ts:103
[  105890ms] [LOG] [ChatTransport] Received WebSocket response: {"type":"delta","content":"27","error":null,"message_id":"c2d6ac7d-a854-488c-bb3c-c3fe212ec4a5","conversation_id":null,"itinerary":null} @ webpack-internal:///(app-pages-browser)/./lib/chat-transport.ts:103
[  105912ms] [LOG] [ChatTransport] Received WebSocket response: {"type":"delta","content":"°","error":null,"message_id":"c2d6ac7d-a854-488c-bb3c-c3fe212ec4a5","conversation_id":null,"itinerary":null} @ webpack-internal:///(app-pages-browser)/./lib/chat-transport.ts:103
[  105913ms] [LOG] [ChatTransport] Received WebSocket response: {"type":"delta","content":"C","error":null,"message_id":"c2d6ac7d-a854-488c-bb3c-c3fe212ec4a5","conversation_id":null,"itinerary":null} @ webpack-internal:///(app-pages-browser)/./lib/chat-transport.ts:103
[  105933ms] [LOG] [ChatTransport] Received WebSocket response: {"type":"delta","content":"（","error":null,"message_id":"c2d6ac7d-a854-488c-bb3c-c3fe212ec4a5","conversation_id":null,"itinerary":null} @ webpack-internal:///(app-pages-browser)/./lib/chat-transport.ts:103
[  105933ms] [LOG] [ChatTransport] Received WebSocket response: {"type":"delta","content":"天气","error":null,"message_id":"c2d6ac7d-a854-488c-bb3c-c3fe212ec4a5","conversation_id":null,"itinerary":null} @ webpack-internal:///(app-pages-browser)/./lib/chat-transport.ts:103
[  105973ms] [LOG] [ChatTransport] Received WebSocket response: {"type":"delta","content":"不错","error":null,"message_id":"c2d6ac7d-a854-488c-bb3c-c3fe212ec4a5","conversation_id":null,"itinerary":null} @ webpack-internal:///(app-pages-browser)/./lib/chat-transport.ts:103
[  105979ms] [LOG] [ChatTransport] Received WebSocket response: {"type":"delta","content":"）\n\n","error":null,"message_id":"c2d6ac7d-a854-488c-bb3c-c3fe212ec4a5","conversation_id":null,"itinerary":null} @ webpack-internal:///(app-pages-browser)/./lib/chat-transport.ts:103
[  106033ms] [LOG] [ChatTransport] Received WebSocket response: {"type":"delta","content":"##","error":null,"message_id":"c2d6ac7d-a854-488c-bb3c-c3fe212ec4a5","conversation_id":null,"itinerary":null} @ webpack-internal:///(app-pages-browser)/./lib/chat-transport.ts:103
[  106106ms] [LOG] [ChatTransport] Received WebSocket response: {"type":"delta","content":" 🎯","error":null,"message_id":"c2d6ac7d-a854-488c-bb3c-c3fe212ec4a5","conversation_id":null,"itinerary":null} @ webpack-internal:///(app-pages-browser)/./lib/chat-transport.ts:103
[  106156ms] [LOG] [ChatTransport] Received WebSocket response: {"type":"delta","content":" **","error":null,"message_id":"c2d6ac7d-a854-488c-bb3c-c3fe212ec4a5","conversation_id":null,"itinerary":null} @ webpack-internal:///(app-pages-browser)/./lib/chat-transport.ts:103
[  106169ms] [LOG] [ChatTransport] Received WebSocket response: {"type":"delta","content":"特别","error":null,"message_id":"c2d6ac7d-a854-488c-bb3c-c3fe212ec4a5","conversation_id":null,"itinerary":null} @ webpack-internal:///(app-pages-browser)/./lib/chat-transport.ts:103
[  106217ms] [LOG] [ChatTransport] Received WebSocket response: {"type":"delta","content":"提醒","error":null,"message_id":"c2d6ac7d-a854-488c-bb3c-c3fe212ec4a5","conversation_id":null,"itinerary":null} @ webpack-internal:///(app-pages-browser)/./lib/chat-transport.ts:103
[  106218ms] [LOG] [ChatTransport] Received WebSocket response: {"type":"delta","content":"**\n","error":null,"message_id":"c2d6ac7d-a854-488c-bb3c-c3fe212ec4a5","conversation_id":null,"itinerary":null} @ webpack-internal:///(app-pages-browser)/./lib/chat-transport.ts:103
[  106276ms] [LOG] [ChatTransport] Received WebSocket response: {"type":"delta","content":"您","error":null,"message_id":"c2d6ac7d-a854-488c-bb3c-c3fe212ec4a5","conversation_id":null,"itinerary":null} @ webpack-internal:///(app-pages-browser)/./lib/chat-transport.ts:103
[  106294ms] [LOG] [ChatTransport] Received WebSocket response: {"type":"delta","content":"之前","error":null,"message_id":"c2d6ac7d-a854-488c-bb3c-c3fe212ec4a5","conversation_id":null,"itinerary":null} @ webpack-internal:///(app-pages-browser)/./lib/chat-transport.ts:103
[  106369ms] [LOG] [ChatTransport] Received WebSocket response: {"type":"delta","content":"咨询","error":null,"message_id":"c2d6ac7d-a854-488c-bb3c-c3fe212ec4a5","conversation_id":null,"itinerary":null} @ webpack-internal:///(app-pages-browser)/./lib/chat-transport.ts:103
[  106399ms] [LOG] [ChatTransport] Received WebSocket response: {"type":"delta","content":"的是","error":null,"message_id":"c2d6ac7d-a854-488c-bb3c-c3fe212ec4a5","conversation_id":null,"itinerary":null} @ webpack-internal:///(app-pages-browser)/./lib/chat-transport.ts:103
[  106420ms] [LOG] [ChatTransport] Received WebSocket response: {"type":"delta","content":"**","error":null,"message_id":"c2d6ac7d-a854-488c-bb3c-c3fe212ec4a5","conversation_id":null,"itinerary":null} @ webpack-internal:///(app-pages-browser)/./lib/chat-transport.ts:103
[  106463ms] [LOG] [ChatTransport] Received WebSocket response: {"type":"delta","content":"杭州","error":null,"message_id":"c2d6ac7d-a854-488c-bb3c-c3fe212ec4a5","conversation_id":null,"itinerary":null} @ webpack-internal:///(app-pages-browser)/./lib/chat-transport.ts:103
[  106463ms] [LOG] [ChatTransport] Received WebSocket response: {"type":"delta","content":"**","error":null,"message_id":"c2d6ac7d-a854-488c-bb3c-c3fe212ec4a5","conversation_id":null,"itinerary":null} @ webpack-internal:///(app-pages-browser)/./lib/chat-transport.ts:103
[  106536ms] [LOG] [ChatTransport] Received WebSocket response: {"type":"delta","content":"3","error":null,"message_id":"c2d6ac7d-a854-488c-bb3c-c3fe212ec4a5","conversation_id":null,"itinerary":null} @ webpack-internal:///(app-pages-browser)/./lib/chat-transport.ts:103
[  106552ms] [LOG] [ChatTransport] Received WebSocket response: {"type":"delta","content":"天","error":null,"message_id":"c2d6ac7d-a854-488c-bb3c-c3fe212ec4a5","conversation_id":null,"itinerary":null} @ webpack-internal:///(app-pages-browser)/./lib/chat-transport.ts:103
[  106608ms] [LOG] [ChatTransport] Received WebSocket response: {"type":"delta","content":"2","error":null,"message_id":"c2d6ac7d-a854-488c-bb3c-c3fe212ec4a5","conversation_id":null,"itinerary":null} @ webpack-internal:///(app-pages-browser)/./lib/chat-transport.ts:103
[  106623ms] [LOG] [ChatTransport] Received WebSocket response: {"type":"delta","content":"夜","error":null,"message_id":"c2d6ac7d-a854-488c-bb3c-c3fe212ec4a5","conversation_id":null,"itinerary":null} @ webpack-internal:///(app-pages-browser)/./lib/chat-transport.ts:103
[  106728ms] [LOG] [ChatTransport] Received WebSocket response: {"type":"delta","content":"行程","error":null,"message_id":"c2d6ac7d-a854-488c-bb3c-c3fe212ec4a5","conversation_id":null,"itinerary":null} @ webpack-internal:///(app-pages-browser)/./lib/chat-transport.ts:103
[  106740ms] [LOG] [ChatTransport] Received WebSocket response: {"type":"delta","content":"，","error":null,"message_id":"c2d6ac7d-a854-488c-bb3c-c3fe212ec4a5","conversation_id":null,"itinerary":null} @ webpack-internal:///(app-pages-browser)/./lib/chat-transport.ts:103
[  106740ms] [LOG] [ChatTransport] Received WebSocket response: {"type":"delta","content":"现在","error":null,"message_id":"c2d6ac7d-a854-488c-bb3c-c3fe212ec4a5","conversation_id":null,"itinerary":null} @ webpack-internal:///(app-pages-browser)/./lib/chat-transport.ts:103
[  106740ms] [LOG] [ChatTransport] Received WebSocket response: {"type":"delta","content":"查询","error":null,"message_id":"c2d6ac7d-a854-488c-bb3c-c3fe212ec4a5","conversation_id":null,"itinerary":null} @ webpack-internal:///(app-pages-browser)/./lib/chat-transport.ts:103
[  106771ms] [LOG] [ChatTransport] Received WebSocket response: {"type":"delta","content":"的是","error":null,"message_id":"c2d6ac7d-a854-488c-bb3c-c3fe212ec4a5","conversation_id":null,"itinerary":null} @ webpack-internal:///(app-pages-browser)/./lib/chat-transport.ts:103
[  106786ms] [LOG] [ChatTransport] Received WebSocket response: {"type":"delta","content":"**","error":null,"message_id":"c2d6ac7d-a854-488c-bb3c-c3fe212ec4a5","conversation_id":null,"itinerary":null} @ webpack-internal:///(app-pages-browser)/./lib/chat-transport.ts:103
[  106823ms] [LOG] [ChatTransport] Received WebSocket response: {"type":"delta","content":"北京","error":null,"message_id":"c2d6ac7d-a854-488c-bb3c-c3fe212ec4a5","conversation_id":null,"itinerary":null} @ webpack-internal:///(app-pages-browser)/./lib/chat-transport.ts:103
[  106840ms] [LOG] [ChatTransport] Received WebSocket response: {"type":"delta","content":"**","error":null,"message_id":"c2d6ac7d-a854-488c-bb3c-c3fe212ec4a5","conversation_id":null,"itinerary":null} @ webpack-internal:///(app-pages-browser)/./lib/chat-transport.ts:103
[  106890ms] [LOG] [ChatTransport] Received WebSocket response: {"type":"delta","content":"天气","error":null,"message_id":"c2d6ac7d-a854-488c-bb3c-c3fe212ec4a5","conversation_id":null,"itinerary":null} @ webpack-internal:///(app-pages-browser)/./lib/chat-transport.ts:103
[  106909ms] [LOG] [ChatTransport] Received WebSocket response: {"type":"delta","content":"。","error":null,"message_id":"c2d6ac7d-a854-488c-bb3c-c3fe212ec4a5","conversation_id":null,"itinerary":null} @ webpack-internal:///(app-pages-browser)/./lib/chat-transport.ts:103
[  106952ms] [LOG] [ChatTransport] Received WebSocket response: {"type":"delta","content":"请问","error":null,"message_id":"c2d6ac7d-a854-488c-bb3c-c3fe212ec4a5","conversation_id":null,"itinerary":null} @ webpack-internal:///(app-pages-browser)/./lib/chat-transport.ts:103
[  106968ms] [LOG] [ChatTransport] Received WebSocket response: {"type":"delta","content":"：\n\n","error":null,"message_id":"c2d6ac7d-a854-488c-bb3c-c3fe212ec4a5","conversation_id":null,"itinerary":null} @ webpack-internal:///(app-pages-browser)/./lib/chat-transport.ts:103
[  107207ms] [LOG] [ChatTransport] Received WebSocket response: {"type":"delta","content":"**","error":null,"message_id":"c2d6ac7d-a854-488c-bb3c-c3fe212ec4a5","conversation_id":null,"itinerary":null} @ webpack-internal:///(app-pages-browser)/./lib/chat-transport.ts:103
[  107219ms] [LOG] [ChatTransport] Received WebSocket response: {"type":"delta","content":"您","error":null,"message_id":"c2d6ac7d-a854-488c-bb3c-c3fe212ec4a5","conversation_id":null,"itinerary":null} @ webpack-internal:///(app-pages-browser)/./lib/chat-transport.ts:103
[  107221ms] [LOG] [ChatTransport] Received WebSocket response: {"type":"delta","content":"是想","error":null,"message_id":"c2d6ac7d-a854-488c-bb3c-c3fe212ec4a5","conversation_id":null,"itinerary":null} @ webpack-internal:///(app-pages-browser)/./lib/chat-transport.ts:103
[  107221ms] [LOG] [ChatTransport] Received WebSocket response: {"type":"delta","content":"规划","error":null,"message_id":"c2d6ac7d-a854-488c-bb3c-c3fe212ec4a5","conversation_id":null,"itinerary":null} @ webpack-internal:///(app-pages-browser)/./lib/chat-transport.ts:103
[  107222ms] [LOG] [ChatTransport] Received WebSocket response: {"type":"delta","content":"北京","error":null,"message_id":"c2d6ac7d-a854-488c-bb3c-c3fe212ec4a5","conversation_id":null,"itinerary":null} @ webpack-internal:///(app-pages-browser)/./lib/chat-transport.ts:103
[  107222ms] [LOG] [ChatTransport] Received WebSocket response: {"type":"delta","content":"3","error":null,"message_id":"c2d6ac7d-a854-488c-bb3c-c3fe212ec4a5","conversation_id":null,"itinerary":null} @ webpack-internal:///(app-pages-browser)/./lib/chat-transport.ts:103
[  107234ms] [LOG] [ChatTransport] Received WebSocket response: {"type":"delta","content":"天","error":null,"message_id":"c2d6ac7d-a854-488c-bb3c-c3fe212ec4a5","conversation_id":null,"itinerary":null} @ webpack-internal:///(app-pages-browser)/./lib/chat-transport.ts:103
[  107235ms] [LOG] [ChatTransport] Received WebSocket response: {"type":"delta","content":"2","error":null,"message_id":"c2d6ac7d-a854-488c-bb3c-c3fe212ec4a5","conversation_id":null,"itinerary":null} @ webpack-internal:///(app-pages-browser)/./lib/chat-transport.ts:103
[  107262ms] [LOG] [ChatTransport] Received WebSocket response: {"type":"delta","content":"夜的","error":null,"message_id":"c2d6ac7d-a854-488c-bb3c-c3fe212ec4a5","conversation_id":null,"itinerary":null} @ webpack-internal:///(app-pages-browser)/./lib/chat-transport.ts:103
[  107271ms] [LOG] [ChatTransport] Received WebSocket response: {"type":"delta","content":"旅行","error":null,"message_id":"c2d6ac7d-a854-488c-bb3c-c3fe212ec4a5","conversation_id":null,"itinerary":null} @ webpack-internal:///(app-pages-browser)/./lib/chat-transport.ts:103
[  107327ms] [LOG] [ChatTransport] Received WebSocket response: {"type":"delta","content":"吗","error":null,"message_id":"c2d6ac7d-a854-488c-bb3c-c3fe212ec4a5","conversation_id":null,"itinerary":null} @ webpack-internal:///(app-pages-browser)/./lib/chat-transport.ts:103
[  107339ms] [LOG] [ChatTransport] Received WebSocket response: {"type":"delta","content":"？","error":null,"message_id":"c2d6ac7d-a854-488c-bb3c-c3fe212ec4a5","conversation_id":null,"itinerary":null} @ webpack-internal:///(app-pages-browser)/./lib/chat-transport.ts:103
[  107383ms] [LOG] [ChatTransport] Received WebSocket response: {"type":"delta","content":"**\n\n","error":null,"message_id":"c2d6ac7d-a854-488c-bb3c-c3fe212ec4a5","conversation_id":null,"itinerary":null} @ webpack-internal:///(app-pages-browser)/./lib/chat-transport.ts:103
[  107442ms] [LOG] [ChatTransport] Received WebSocket response: {"type":"delta","content":"如果是","error":null,"message_id":"c2d6ac7d-a854-488c-bb3c-c3fe212ec4a5","conversation_id":null,"itinerary":null} @ webpack-internal:///(app-pages-browser)/./lib/chat-transport.ts:103
[  107459ms] [LOG] [ChatTransport] Received WebSocket response: {"type":"delta","content":"的话","error":null,"message_id":"c2d6ac7d-a854-488c-bb3c-c3fe212ec4a5","conversation_id":null,"itinerary":null} @ webpack-internal:///(app-pages-browser)/./lib/chat-transport.ts:103
[  107497ms] [LOG] [ChatTransport] Received WebSocket response: {"type":"delta","content":"，","error":null,"message_id":"c2d6ac7d-a854-488c-bb3c-c3fe212ec4a5","conversation_id":null,"itinerary":null} @ webpack-internal:///(app-pages-browser)/./lib/chat-transport.ts:103
[  107508ms] [LOG] [ChatTransport] Received WebSocket response: {"type":"delta","content":"**","error":null,"message_id":"c2d6ac7d-a854-488c-bb3c-c3fe212ec4a5","conversation_id":null,"itinerary":null} @ webpack-internal:///(app-pages-browser)/./lib/chat-transport.ts:103
[  107572ms] [LOG] [ChatTransport] Received WebSocket response: {"type":"delta","content":"明天","error":null,"message_id":"c2d6ac7d-a854-488c-bb3c-c3fe212ec4a5","conversation_id":null,"itinerary":null} @ webpack-internal:///(app-pages-browser)/./lib/chat-transport.ts:103
[  107573ms] [LOG] [ChatTransport] Received WebSocket response: {"type":"delta","content":"开始","error":null,"message_id":"c2d6ac7d-a854-488c-bb3c-c3fe212ec4a5","conversation_id":null,"itinerary":null} @ webpack-internal:///(app-pages-browser)/./lib/chat-transport.ts:103
[  107625ms] [LOG] [ChatTransport] Received WebSocket response: {"type":"delta","content":"正好","error":null,"message_id":"c2d6ac7d-a854-488c-bb3c-c3fe212ec4a5","conversation_id":null,"itinerary":null} @ webpack-internal:///(app-pages-browser)/./lib/chat-transport.ts:103
[  107752ms] [LOG] [ChatTransport] Received WebSocket response: {"type":"delta","content":"是","error":null,"message_id":"c2d6ac7d-a854-488c-bb3c-c3fe212ec4a5","conversation_id":null,"itinerary":null} @ webpack-internal:///(app-pages-browser)/./lib/chat-transport.ts:103
[  107767ms] [LOG] [ChatTransport] Received WebSocket response: {"type":"delta","content":"绝","error":null,"message_id":"c2d6ac7d-a854-488c-bb3c-c3fe212ec4a5","conversation_id":null,"itinerary":null} @ webpack-internal:///(app-pages-browser)/./lib/chat-transport.ts:103
[  107776ms] [LOG] [ChatTransport] Received WebSocket response: {"type":"delta","content":"佳的","error":null,"message_id":"c2d6ac7d-a854-488c-bb3c-c3fe212ec4a5","conversation_id":null,"itinerary":null} @ webpack-internal:///(app-pages-browser)/./lib/chat-transport.ts:103
[  107811ms] [LOG] [ChatTransport] Received WebSocket response: {"type":"delta","content":"出行","error":null,"message_id":"c2d6ac7d-a854-488c-bb3c-c3fe212ec4a5","conversation_id":null,"itinerary":null} @ webpack-internal:///(app-pages-browser)/./lib/chat-transport.ts:103
[  107831ms] [LOG] [ChatTransport] Received WebSocket response: {"type":"delta","content":"时机","error":null,"message_id":"c2d6ac7d-a854-488c-bb3c-c3fe212ec4a5","conversation_id":null,"itinerary":null} @ webpack-internal:///(app-pages-browser)/./lib/chat-transport.ts:103
[  107862ms] [LOG] [ChatTransport] Received WebSocket response: {"type":"delta","content":"**","error":null,"message_id":"c2d6ac7d-a854-488c-bb3c-c3fe212ec4a5","conversation_id":null,"itinerary":null} @ webpack-internal:///(app-pages-browser)/./lib/chat-transport.ts:103
[  107876ms] [LOG] [ChatTransport] Received WebSocket response: {"type":"delta","content":"：\n","error":null,"message_id":"c2d6ac7d-a854-488c-bb3c-c3fe212ec4a5","conversation_id":null,"itinerary":null} @ webpack-internal:///(app-pages-browser)/./lib/chat-transport.ts:103
[  108020ms] [LOG] [ChatTransport] Received WebSocket response: {"type":"delta","content":"-","error":null,"message_id":"c2d6ac7d-a854-488c-bb3c-c3fe212ec4a5","conversation_id":null,"itinerary":null} @ webpack-internal:///(app-pages-browser)/./lib/chat-transport.ts:103
[  108021ms] [LOG] [ChatTransport] Received WebSocket response: {"type":"delta","content":" ","error":null,"message_id":"c2d6ac7d-a854-488c-bb3c-c3fe212ec4a5","conversation_id":null,"itinerary":null} @ webpack-internal:///(app-pages-browser)/./lib/chat-transport.ts:103
[  108043ms] [LOG] [ChatTransport] Received WebSocket response: {"type":"delta","content":"连续","error":null,"message_id":"c2d6ac7d-a854-488c-bb3c-c3fe212ec4a5","conversation_id":null,"itinerary":null} @ webpack-internal:///(app-pages-browser)/./lib/chat-transport.ts:103
[  108068ms] [LOG] [ChatTransport] Received WebSocket response: {"type":"delta","content":"3","error":null,"message_id":"c2d6ac7d-a854-488c-bb3c-c3fe212ec4a5","conversation_id":null,"itinerary":null} @ webpack-internal:///(app-pages-browser)/./lib/chat-transport.ts:103
[  108077ms] [LOG] [ChatTransport] Received WebSocket response: {"type":"delta","content":"天","error":null,"message_id":"c2d6ac7d-a854-488c-bb3c-c3fe212ec4a5","conversation_id":null,"itinerary":null} @ webpack-internal:///(app-pages-browser)/./lib/chat-transport.ts:103
[  108077ms] [LOG] [ChatTransport] Received WebSocket response: {"type":"delta","content":"晴朗","error":null,"message_id":"c2d6ac7d-a854-488c-bb3c-c3fe212ec4a5","conversation_id":null,"itinerary":null} @ webpack-internal:///(app-pages-browser)/./lib/chat-transport.ts:103
[  108106ms] [LOG] [ChatTransport] Received WebSocket response: {"type":"delta","content":"/","error":null,"message_id":"c2d6ac7d-a854-488c-bb3c-c3fe212ec4a5","conversation_id":null,"itinerary":null} @ webpack-internal:///(app-pages-browser)/./lib/chat-transport.ts:103
[  108185ms] [LOG] [ChatTransport] Received WebSocket response: {"type":"delta","content":"多云","error":null,"message_id":"c2d6ac7d-a854-488c-bb3c-c3fe212ec4a5","conversation_id":null,"itinerary":null} @ webpack-internal:///(app-pages-browser)/./lib/chat-transport.ts:103
[  108189ms] [LOG] [ChatTransport] Received WebSocket response: {"type":"delta","content":"天气","error":null,"message_id":"c2d6ac7d-a854-488c-bb3c-c3fe212ec4a5","conversation_id":null,"itinerary":null} @ webpack-internal:///(app-pages-browser)/./lib/chat-transport.ts:103
[  108219ms] [LOG] [ChatTransport] Received WebSocket response: {"type":"delta","content":"，","error":null,"message_id":"c2d6ac7d-a854-488c-bb3c-c3fe212ec4a5","conversation_id":null,"itinerary":null} @ webpack-internal:///(app-pages-browser)/./lib/chat-transport.ts:103
[  108234ms] [LOG] [ChatTransport] Received WebSocket response: {"type":"delta","content":"温度","error":null,"message_id":"c2d6ac7d-a854-488c-bb3c-c3fe212ec4a5","conversation_id":null,"itinerary":null} @ webpack-internal:///(app-pages-browser)/./lib/chat-transport.ts:103
[  108342ms] [LOG] [ChatTransport] Received WebSocket response: {"type":"delta","content":"适宜","error":null,"message_id":"c2d6ac7d-a854-488c-bb3c-c3fe212ec4a5","conversation_id":null,"itinerary":null} @ webpack-internal:///(app-pages-browser)/./lib/chat-transport.ts:103
[  108373ms] [LOG] [ChatTransport] Received WebSocket response: {"type":"delta","content":"\n","error":null,"message_id":"c2d6ac7d-a854-488c-bb3c-c3fe212ec4a5","conversation_id":null,"itinerary":null} @ webpack-internal:///(app-pages-browser)/./lib/chat-transport.ts:103
[  108374ms] [LOG] [ChatTransport] Received WebSocket response: {"type":"delta","content":"-","error":null,"message_id":"c2d6ac7d-a854-488c-bb3c-c3fe212ec4a5","conversation_id":null,"itinerary":null} @ webpack-internal:///(app-pages-browser)/./lib/chat-transport.ts:103
[  108648ms] [LOG] [ChatTransport] Received WebSocket response: {"type":"delta","content":" ","error":null,"message_id":"c2d6ac7d-a854-488c-bb3c-c3fe212ec4a5","conversation_id":null,"itinerary":null} @ webpack-internal:///(app-pages-browser)/./lib/chat-transport.ts:103
[  108662ms] [LOG] [ChatTransport] Received WebSocket response: {"type":"delta","content":"非常适合","error":null,"message_id":"c2d6ac7d-a854-488c-bb3c-c3fe212ec4a5","conversation_id":null,"itinerary":null} @ webpack-internal:///(app-pages-browser)/./lib/chat-transport.ts:103
[  108674ms] [LOG] [ChatTransport] Received WebSocket response: {"type":"delta","content":"游览","error":null,"message_id":"c2d6ac7d-a854-488c-bb3c-c3fe212ec4a5","conversation_id":null,"itinerary":null} @ webpack-internal:///(app-pages-browser)/./lib/chat-transport.ts:103
[  108675ms] [LOG] [ChatTransport] Received WebSocket response: {"type":"delta","content":"北京的","error":null,"message_id":"c2d6ac7d-a854-488c-bb3c-c3fe212ec4a5","conversation_id":null,"itinerary":null} @ webpack-internal:///(app-pages-browser)/./lib/chat-transport.ts:103
[  108675ms] [LOG] [ChatTransport] Received WebSocket response: {"type":"delta","content":"户外","error":null,"message_id":"c2d6ac7d-a854-488c-bb3c-c3fe212ec4a5","conversation_id":null,"itinerary":null} @ webpack-internal:///(app-pages-browser)/./lib/chat-transport.ts:103
[  108675ms] [LOG] [ChatTransport] Received WebSocket response: {"type":"delta","content":"景点","error":null,"message_id":"c2d6ac7d-a854-488c-bb3c-c3fe212ec4a5","conversation_id":null,"itinerary":null} @ webpack-internal:///(app-pages-browser)/./lib/chat-transport.ts:103
[  108675ms] [LOG] [ChatTransport] Received WebSocket response: {"type":"delta","content":"\n","error":null,"message_id":"c2d6ac7d-a854-488c-bb3c-c3fe212ec4a5","conversation_id":null,"itinerary":null} @ webpack-internal:///(app-pages-browser)/./lib/chat-transport.ts:103
[  108712ms] [LOG] [ChatTransport] Received WebSocket response: {"type":"delta","content":"-","error":null,"message_id":"c2d6ac7d-a854-488c-bb3c-c3fe212ec4a5","conversation_id":null,"itinerary":null} @ webpack-internal:///(app-pages-browser)/./lib/chat-transport.ts:103
[  108733ms] [LOG] [ChatTransport] Received WebSocket response: {"type":"delta","content":" ","error":null,"message_id":"c2d6ac7d-a854-488c-bb3c-c3fe212ec4a5","conversation_id":null,"itinerary":null} @ webpack-internal:///(app-pages-browser)/./lib/chat-transport.ts:103
[  108783ms] [LOG] [ChatTransport] Received WebSocket response: {"type":"delta","content":"建议","error":null,"message_id":"c2d6ac7d-a854-488c-bb3c-c3fe212ec4a5","conversation_id":null,"itinerary":null} @ webpack-internal:///(app-pages-browser)/./lib/chat-transport.ts:103
[  108813ms] [LOG] [ChatTransport] Received WebSocket response: {"type":"delta","content":"做好","error":null,"message_id":"c2d6ac7d-a854-488c-bb3c-c3fe212ec4a5","conversation_id":null,"itinerary":null} @ webpack-internal:///(app-pages-browser)/./lib/chat-transport.ts:103
[  108877ms] [LOG] [ChatTransport] Received WebSocket response: {"type":"delta","content":"防晒","error":null,"message_id":"c2d6ac7d-a854-488c-bb3c-c3fe212ec4a5","conversation_id":null,"itinerary":null} @ webpack-internal:///(app-pages-browser)/./lib/chat-transport.ts:103
[  108893ms] [LOG] [ChatTransport] Received WebSocket response: {"type":"delta","content":"，","error":null,"message_id":"c2d6ac7d-a854-488c-bb3c-c3fe212ec4a5","conversation_id":null,"itinerary":null} @ webpack-internal:///(app-pages-browser)/./lib/chat-transport.ts:103
[  108938ms] [LOG] [ChatTransport] Received WebSocket response: {"type":"delta","content":"早晚","error":null,"message_id":"c2d6ac7d-a854-488c-bb3c-c3fe212ec4a5","conversation_id":null,"itinerary":null} @ webpack-internal:///(app-pages-browser)/./lib/chat-transport.ts:103
[  108952ms] [LOG] [ChatTransport] Received WebSocket response: {"type":"delta","content":"温差","error":null,"message_id":"c2d6ac7d-a854-488c-bb3c-c3fe212ec4a5","conversation_id":null,"itinerary":null} @ webpack-internal:///(app-pages-browser)/./lib/chat-transport.ts:103
[  109012ms] [LOG] [ChatTransport] Received WebSocket response: {"type":"delta","content":"较大","error":null,"message_id":"c2d6ac7d-a854-488c-bb3c-c3fe212ec4a5","conversation_id":null,"itinerary":null} @ webpack-internal:///(app-pages-browser)/./lib/chat-transport.ts:103
[  109013ms] [LOG] [ChatTransport] Received WebSocket response: {"type":"delta","content":"\n\n","error":null,"message_id":"c2d6ac7d-a854-488c-bb3c-c3fe212ec4a5","conversation_id":null,"itinerary":null} @ webpack-internal:///(app-pages-browser)/./lib/chat-transport.ts:103
[  109054ms] [LOG] [ChatTransport] Received WebSocket response: {"type":"delta","content":"**","error":null,"message_id":"c2d6ac7d-a854-488c-bb3c-c3fe212ec4a5","conversation_id":null,"itinerary":null} @ webpack-internal:///(app-pages-browser)/./lib/chat-transport.ts:103
[  109069ms] [LOG] [ChatTransport] Received WebSocket response: {"type":"delta","content":"需要","error":null,"message_id":"c2d6ac7d-a854-488c-bb3c-c3fe212ec4a5","conversation_id":null,"itinerary":null} @ webpack-internal:///(app-pages-browser)/./lib/chat-transport.ts:103
[  109133ms] [LOG] [ChatTransport] Received WebSocket response: {"type":"delta","content":"我","error":null,"message_id":"c2d6ac7d-a854-488c-bb3c-c3fe212ec4a5","conversation_id":null,"itinerary":null} @ webpack-internal:///(app-pages-browser)/./lib/chat-transport.ts:103
[  109134ms] [LOG] [ChatTransport] Received WebSocket response: {"type":"delta","content":"为您","error":null,"message_id":"c2d6ac7d-a854-488c-bb3c-c3fe212ec4a5","conversation_id":null,"itinerary":null} @ webpack-internal:///(app-pages-browser)/./lib/chat-transport.ts:103
[  109183ms] [LOG] [ChatTransport] Received WebSocket response: {"type":"delta","content":"规划","error":null,"message_id":"c2d6ac7d-a854-488c-bb3c-c3fe212ec4a5","conversation_id":null,"itinerary":null} @ webpack-internal:///(app-pages-browser)/./lib/chat-transport.ts:103
[  109202ms] [LOG] [ChatTransport] Received WebSocket response: {"type":"delta","content":"北京","error":null,"message_id":"c2d6ac7d-a854-488c-bb3c-c3fe212ec4a5","conversation_id":null,"itinerary":null} @ webpack-internal:///(app-pages-browser)/./lib/chat-transport.ts:103
[  109258ms] [LOG] [ChatTransport] Received WebSocket response: {"type":"delta","content":"3","error":null,"message_id":"c2d6ac7d-a854-488c-bb3c-c3fe212ec4a5","conversation_id":null,"itinerary":null} @ webpack-internal:///(app-pages-browser)/./lib/chat-transport.ts:103
[  109259ms] [LOG] [ChatTransport] Received WebSocket response: {"type":"delta","content":"天","error":null,"message_id":"c2d6ac7d-a854-488c-bb3c-c3fe212ec4a5","conversation_id":null,"itinerary":null} @ webpack-internal:///(app-pages-browser)/./lib/chat-transport.ts:103
[  109300ms] [LOG] [ChatTransport] Received WebSocket response: {"type":"delta","content":"2","error":null,"message_id":"c2d6ac7d-a854-488c-bb3c-c3fe212ec4a5","conversation_id":null,"itinerary":null} @ webpack-internal:///(app-pages-browser)/./lib/chat-transport.ts:103
[  109320ms] [LOG] [ChatTransport] Received WebSocket response: {"type":"delta","content":"夜的","error":null,"message_id":"c2d6ac7d-a854-488c-bb3c-c3fe212ec4a5","conversation_id":null,"itinerary":null} @ webpack-internal:///(app-pages-browser)/./lib/chat-transport.ts:103
[  109357ms] [LOG] [ChatTransport] Received WebSocket response: {"type":"delta","content":"行程","error":null,"message_id":"c2d6ac7d-a854-488c-bb3c-c3fe212ec4a5","conversation_id":null,"itinerary":null} @ webpack-internal:///(app-pages-browser)/./lib/chat-transport.ts:103
[  109358ms] [LOG] [ChatTransport] Received WebSocket response: {"type":"delta","content":"吗","error":null,"message_id":"c2d6ac7d-a854-488c-bb3c-c3fe212ec4a5","conversation_id":null,"itinerary":null} @ webpack-internal:///(app-pages-browser)/./lib/chat-transport.ts:103
[  109418ms] [LOG] [ChatTransport] Received WebSocket response: {"type":"delta","content":"？","error":null,"message_id":"c2d6ac7d-a854-488c-bb3c-c3fe212ec4a5","conversation_id":null,"itinerary":null} @ webpack-internal:///(app-pages-browser)/./lib/chat-transport.ts:103
[  109418ms] [LOG] [ChatTransport] Received WebSocket response: {"type":"delta","content":"**","error":null,"message_id":"c2d6ac7d-a854-488c-bb3c-c3fe212ec4a5","conversation_id":null,"itinerary":null} @ webpack-internal:///(app-pages-browser)/./lib/chat-transport.ts:103
[  109472ms] [LOG] [ChatTransport] Received WebSocket response: {"type":"delta","content":" ","error":null,"message_id":"c2d6ac7d-a854-488c-bb3c-c3fe212ec4a5","conversation_id":null,"itinerary":null} @ webpack-internal:///(app-pages-browser)/./lib/chat-transport.ts:103
[  109484ms] [LOG] [ChatTransport] Received WebSocket response: {"type":"delta","content":"我可以","error":null,"message_id":"c2d6ac7d-a854-488c-bb3c-c3fe212ec4a5","conversation_id":null,"itinerary":null} @ webpack-internal:///(app-pages-browser)/./lib/chat-transport.ts:103
[  109532ms] [LOG] [ChatTransport] Received WebSocket response: {"type":"delta","content":"根据","error":null,"message_id":"c2d6ac7d-a854-488c-bb3c-c3fe212ec4a5","conversation_id":null,"itinerary":null} @ webpack-internal:///(app-pages-browser)/./lib/chat-transport.ts:103
[  109533ms] [LOG] [ChatTransport] Received WebSocket response: {"type":"delta","content":"您的","error":null,"message_id":"c2d6ac7d-a854-488c-bb3c-c3fe212ec4a5","conversation_id":null,"itinerary":null} @ webpack-internal:///(app-pages-browser)/./lib/chat-transport.ts:103
[  109591ms] [LOG] [ChatTransport] Received WebSocket response: {"type":"delta","content":"兴趣","error":null,"message_id":"c2d6ac7d-a854-488c-bb3c-c3fe212ec4a5","conversation_id":null,"itinerary":null} @ webpack-internal:///(app-pages-browser)/./lib/chat-transport.ts:103
[  109591ms] [LOG] [ChatTransport] Received WebSocket response: {"type":"delta","content":"偏好","error":null,"message_id":"c2d6ac7d-a854-488c-bb3c-c3fe212ec4a5","conversation_id":null,"itinerary":null} @ webpack-internal:///(app-pages-browser)/./lib/chat-transport.ts:103
[  109653ms] [LOG] [ChatTransport] Received WebSocket response: {"type":"delta","content":"（","error":null,"message_id":"c2d6ac7d-a854-488c-bb3c-c3fe212ec4a5","conversation_id":null,"itinerary":null} @ webpack-internal:///(app-pages-browser)/./lib/chat-transport.ts:103
[  109654ms] [LOG] [ChatTransport] Received WebSocket response: {"type":"delta","content":"历史文化","error":null,"message_id":"c2d6ac7d-a854-488c-bb3c-c3fe212ec4a5","conversation_id":null,"itinerary":null} @ webpack-internal:///(app-pages-browser)/./lib/chat-transport.ts:103
[  109706ms] [LOG] [ChatTransport] Received WebSocket response: {"type":"delta","content":"、","error":null,"message_id":"c2d6ac7d-a854-488c-bb3c-c3fe212ec4a5","conversation_id":null,"itinerary":null} @ webpack-internal:///(app-pages-browser)/./lib/chat-transport.ts:103
[  109724ms] [LOG] [ChatTransport] Received WebSocket response: {"type":"delta","content":"现代","error":null,"message_id":"c2d6ac7d-a854-488c-bb3c-c3fe212ec4a5","conversation_id":null,"itinerary":null} @ webpack-internal:///(app-pages-browser)/./lib/chat-transport.ts:103
[  109762ms] [LOG] [ChatTransport] Received WebSocket response: {"type":"delta","content":"都市","error":null,"message_id":"c2d6ac7d-a854-488c-bb3c-c3fe212ec4a5","conversation_id":null,"itinerary":null} @ webpack-internal:///(app-pages-browser)/./lib/chat-transport.ts:103
[  109778ms] [LOG] [ChatTransport] Received WebSocket response: {"type":"delta","content":"、","error":null,"message_id":"c2d6ac7d-a854-488c-bb3c-c3fe212ec4a5","conversation_id":null,"itinerary":null} @ webpack-internal:///(app-pages-browser)/./lib/chat-transport.ts:103
[  109825ms] [LOG] [ChatTransport] Received WebSocket response: {"type":"delta","content":"美食","error":null,"message_id":"c2d6ac7d-a854-488c-bb3c-c3fe212ec4a5","conversation_id":null,"itinerary":null} @ webpack-internal:///(app-pages-browser)/./lib/chat-transport.ts:103
[  109847ms] [LOG] [ChatTransport] Received WebSocket response: {"type":"delta","content":"体验","error":null,"message_id":"c2d6ac7d-a854-488c-bb3c-c3fe212ec4a5","conversation_id":null,"itinerary":null} @ webpack-internal:///(app-pages-browser)/./lib/chat-transport.ts:103
[  109887ms] [LOG] [ChatTransport] Received WebSocket response: {"type":"delta","content":"等","error":null,"message_id":"c2d6ac7d-a854-488c-bb3c-c3fe212ec4a5","conversation_id":null,"itinerary":null} @ webpack-internal:///(app-pages-browser)/./lib/chat-transport.ts:103
[  109906ms] [LOG] [ChatTransport] Received WebSocket response: {"type":"delta","content":"）","error":null,"message_id":"c2d6ac7d-a854-488c-bb3c-c3fe212ec4a5","conversation_id":null,"itinerary":null} @ webpack-internal:///(app-pages-browser)/./lib/chat-transport.ts:103
[  109938ms] [LOG] [ChatTransport] Received WebSocket response: {"type":"delta","content":"为您","error":null,"message_id":"c2d6ac7d-a854-488c-bb3c-c3fe212ec4a5","conversation_id":null,"itinerary":null} @ webpack-internal:///(app-pages-browser)/./lib/chat-transport.ts:103
[  109939ms] [LOG] [ChatTransport] Received WebSocket response: {"type":"delta","content":"量身","error":null,"message_id":"c2d6ac7d-a854-488c-bb3c-c3fe212ec4a5","conversation_id":null,"itinerary":null} @ webpack-internal:///(app-pages-browser)/./lib/chat-transport.ts:103
[  109997ms] [LOG] [ChatTransport] Received WebSocket response: {"type":"delta","content":"定制","error":null,"message_id":"c2d6ac7d-a854-488c-bb3c-c3fe212ec4a5","conversation_id":null,"itinerary":null} @ webpack-internal:///(app-pages-browser)/./lib/chat-transport.ts:103
[  110012ms] [LOG] [ChatTransport] Received WebSocket response: {"type":"delta","content":"。","error":null,"message_id":"c2d6ac7d-a854-488c-bb3c-c3fe212ec4a5","conversation_id":null,"itinerary":null} @ webpack-internal:///(app-pages-browser)/./lib/chat-transport.ts:103
[  110073ms] [LOG] [ChatTransport] Received WebSocket response: {"type":"done","content":"根据查询结果，**北京明天（2026年4月17日，周五）的天气情况如下**：\n\n## 🌤️ **北京明日天气详情**\n- **天气**：晴转晴 ☀️\n- **温度**：13°C ~ 24°C（舒适宜人）\n- **风力**：南风1-3级（微风）\n- **出行建议**：天气晴朗，适合出行和拍照\n\n## 📊 **未来几天天气趋势**\n1. **今天（4月16日）**：小雨转小雨，11-20°C（有雨）\n2. **明天（4月17日）**：晴转晴，13-24°C（晴朗）\n3. **后天（4月18日）**：晴转晴，16-28°C（晴朗温暖）\n4. **大后天（4月19日）**：多云转多云，12-27°C（天气不错）\n\n## 🎯 **特别提醒**\n您之前咨询的是**杭州**3天2夜行程，现在查询的是**北京**天气。请问：\n\n**您是想规划北京3天2夜的旅行吗？**\n\n如果是的话，**明天开始正好是绝佳的出行时机**：\n- 连续3天晴朗/多云天气，温度适宜\n- 非常适合游览北京的户外景点\n- 建议做好防晒，早晚温差较大\n\n**需要我为您规划北京3天2夜的行程吗？** 我可以根据您的兴趣偏好（历史文化、现代都市、美食体验等）为您量身定制。","error":null,"message_id":"c2d6ac7d-a854-488c-bb3c-c3fe212ec4a5","conversation_id":"63d28fe3-637f-488d-a2b9-df4f86be47e3","itinerary":null} @ webpack-internal:///(app-pages-browser)/./lib/chat-transport.ts:103
[  110074ms] [LOG] [ChatTransport] Updated conversation_id: 63d28fe3-637f-488d-a2b9-df4f86be47e3 @ webpack-internal:///(app-pages-browser)/./lib/chat-transport.ts:125
[  257665ms] [LOG] [Fast Refresh] rebuilding @ webpack-internal:///(app-pages-browser)/./node_modules/next/dist/client/dev/hot-reloader/app/hot-reloader-app.js:196
[  258364ms] [LOG] [Fast Refresh] done in 700ms @ webpack-internal:///(app-pages-browser)/./node_modules/next/dist/client/dev/report-hmr-latency.js:13
