[    5554ms] [INFO] %cDownload the React DevTools for a better development experience: https://react.dev/link/react-devtools font-weight:bold @ webpack-internal:///(app-pages-browser)/./node_modules/next/dist/compiled/react-dom/cjs/react-dom-client.development.js:25630
[    6467ms] [LOG] [Fast Refresh] rebuilding @ webpack-internal:///(app-pages-browser)/./node_modules/next/dist/client/dev/hot-reloader/app/hot-reloader-app.js:196
[    9580ms] [LOG] [Fast Refresh] done in 3114ms @ webpack-internal:///(app-pages-browser)/./node_modules/next/dist/client/dev/report-hmr-latency.js:13
[    9918ms] [WARNING] Detected `scroll-behavior: smooth` on the `<html>` element. In a future version, Next.js will no longer automatically disable smooth scrolling during route transitions. To prepare for this change, add `data-scroll-behavior="smooth"` to your <html> element. Learn more: https://nextjs.org/docs/messages/missing-data-scroll-behavior @ webpack-internal:///(app-pages-browser)/./node_modules/next/dist/shared/lib/utils/warn-once.js:15
[    9923ms] [WARNING] WebSocket connection to 'ws://localhost:8000/ws/chat' failed: WebSocket is closed before the connection is established. @ webpack-internal:///(app-pages-browser)/./lib/chat-transport.ts:56
[    9935ms] [ERROR] [ChatTransport] WebSocket error: Event @ webpack-internal:///(app-pages-browser)/./node_modules/next/dist/next-devtools/userspace/app/errors/intercept-console-error.js:56
[    9935ms] [ERROR] Event @ webpack-internal:///(app-pages-browser)/./node_modules/next/dist/next-devtools/userspace/app/errors/intercept-console-error.js:56
[    9935ms] [LOG] [ChatTransport] WebSocket disconnected 1006  @ webpack-internal:///(app-pages-browser)/./lib/chat-transport.ts:36
[    9935ms] [LOG] [ChatTransport] Reconnecting... (1/5) @ webpack-internal:///(app-pages-browser)/./lib/chat-transport.ts:41
[   10002ms] [LOG] [Chat] User initialized: ec00cf57-a21e-4bf3-8ae5-0c88707545e6 @ webpack-internal:///(app-pages-browser)/./app/chat/page.tsx:51
[   10002ms] [LOG] [Chat] User initialized: e5b634c2-f55c-4f9e-ac50-64fde09b9eea @ webpack-internal:///(app-pages-browser)/./app/chat/page.tsx:51
[   10007ms] [LOG] [Chat] User ID set to transport: e5b634c2-f55c-4f9e-ac50-64fde09b9eea @ webpack-internal:///(app-pages-browser)/./app/chat/page.tsx:94
[   10251ms] [LOG] [ChatTransport] WebSocket connected @ webpack-internal:///(app-pages-browser)/./lib/chat-transport.ts:25
[   11247ms] [LOG] [ChatTransport] WebSocket connected @ webpack-internal:///(app-pages-browser)/./lib/chat-transport.ts:25
[   17174ms] [LOG] [ChatTransport] sendMessage called, content: 你好 @ webpack-internal:///(app-pages-browser)/./lib/chat-transport.ts:81
[   17174ms] [LOG] [ChatTransport] isConnected: true ws.readyState: 1 @ webpack-internal:///(app-pages-browser)/./lib/chat-transport.ts:82
[   17174ms] [LOG] [ChatTransport] has_image: false @ webpack-internal:///(app-pages-browser)/./lib/chat-transport.ts:83
[   17174ms] [LOG] [ChatTransport] Sending WebSocket message: msg_1776336289365_14u125e 你好 @ webpack-internal:///(app-pages-browser)/./lib/chat-transport.ts:100
[   17175ms] [LOG] [ChatTransport] send() called, isConnected: true readyState: 1 @ webpack-internal:///(app-pages-browser)/./lib/chat-transport.ts:69
[   17175ms] [LOG] [ChatTransport] Sending WebSocket data: {"type":"message","session_id":"session_1776336282115_im1p72p","user_id":"e5b634c2-f55c-4f9e-ac50-64fde09b9eea","content":"你好","has_image":false} @ webpack-internal:///(app-pages-browser)/./lib/chat-transport.ts:71
[   40221ms] [INFO] %cDownload the React DevTools for a better development experience: https://react.dev/link/react-devtools font-weight:bold @ webpack-internal:///(app-pages-browser)/./node_modules/next/dist/compiled/react-dom/cjs/react-dom-client.development.js:25630
[   40345ms] [WARNING] WebSocket connection to 'ws://localhost:8000/ws/chat' failed: WebSocket is closed before the connection is established. @ webpack-internal:///(app-pages-browser)/./lib/chat-transport.ts:56
[   40357ms] [ERROR] [ChatTransport] WebSocket error: Event @ webpack-internal:///(app-pages-browser)/./node_modules/next/dist/next-devtools/userspace/app/errors/intercept-console-error.js:56
[   40357ms] [ERROR] Event @ webpack-internal:///(app-pages-browser)/./node_modules/next/dist/next-devtools/userspace/app/errors/intercept-console-error.js:56
[   40357ms] [LOG] [ChatTransport] WebSocket disconnected 1006  @ webpack-internal:///(app-pages-browser)/./lib/chat-transport.ts:36
[   40357ms] [LOG] [ChatTransport] Reconnecting... (1/5) @ webpack-internal:///(app-pages-browser)/./lib/chat-transport.ts:41
[   42032ms] [LOG] [ChatTransport] WebSocket connected @ webpack-internal:///(app-pages-browser)/./lib/chat-transport.ts:25
[   42432ms] [LOG] [Chat] User initialized: e5b634c2-f55c-4f9e-ac50-64fde09b9eea @ webpack-internal:///(app-pages-browser)/./app/chat/page.tsx:51
[   42440ms] [LOG] [ChatTransport] WebSocket connected @ webpack-internal:///(app-pages-browser)/./lib/chat-transport.ts:25
[   42441ms] [LOG] [Chat] User ID set to transport: e5b634c2-f55c-4f9e-ac50-64fde09b9eea @ webpack-internal:///(app-pages-browser)/./app/chat/page.tsx:94
[   42581ms] [LOG] [Chat] User initialized: e5b634c2-f55c-4f9e-ac50-64fde09b9eea @ webpack-internal:///(app-pages-browser)/./app/chat/page.tsx:51
[   46297ms] [LOG] [Chat] Synced auth user ID to userManager: f62f4ec5-1874-4821-97e9-b2c70b35805d @ webpack-internal:///(app-pages-browser)/./app/chat/page.tsx:108
[   46297ms] [LOG] [Chat] Updated transport user ID: f62f4ec5-1874-4821-97e9-b2c70b35805d @ webpack-internal:///(app-pages-browser)/./app/chat/page.tsx:112
[   46304ms] [LOG] [Chat] User ID set to transport: f62f4ec5-1874-4821-97e9-b2c70b35805d @ webpack-internal:///(app-pages-browser)/./app/chat/page.tsx:94
[   46315ms] [LOG] [Auth] Synced user ID to userManager: f62f4ec5-1874-4821-97e9-b2c70b35805d @ webpack-internal:///(app-pages-browser)/./lib/store/auth-store.ts:97
[   80143ms] [LOG] [ChatTransport] sendMessage called, content: 你好，我想去北京旅行 @ webpack-internal:///(app-pages-browser)/./lib/chat-transport.ts:81
[   80143ms] [LOG] [ChatTransport] isConnected: true ws.readyState: 1 @ webpack-internal:///(app-pages-browser)/./lib/chat-transport.ts:82
[   80144ms] [LOG] [ChatTransport] has_image: false @ webpack-internal:///(app-pages-browser)/./lib/chat-transport.ts:83
[   80144ms] [LOG] [ChatTransport] Sending WebSocket message: msg_1776336352334_i4qg9zc 你好，我想去北京旅行 @ webpack-internal:///(app-pages-browser)/./lib/chat-transport.ts:100
[   80144ms] [LOG] [ChatTransport] send() called, isConnected: true readyState: 1 @ webpack-internal:///(app-pages-browser)/./lib/chat-transport.ts:69
[   80145ms] [LOG] [ChatTransport] Sending WebSocket data: {"type":"message","session_id":"session_1776336312537_2uy8i5q","user_id":"f62f4ec5-1874-4821-97e9-b2c70b35805d","content":"你好，我想去北京旅行","has_image":false} @ webpack-internal:///(app-pages-browser)/./lib/chat-transport.ts:71
[   91186ms] [LOG] [ChatTransport] Received WebSocket response: {"type":"delta","content":"您好","error":null,"message_id":"aa2b15b3-e5f6-4424-bdd3-3445ef933b65","conversation_id":null,"itinerary":null} @ webpack-internal:///(app-pages-browser)/./lib/chat-transport.ts:103
[   91412ms] [LOG] [ChatTransport] Received WebSocket response: {"type":"delta","content":"！","error":null,"message_id":"aa2b15b3-e5f6-4424-bdd3-3445ef933b65","conversation_id":null,"itinerary":null} @ webpack-internal:///(app-pages-browser)/./lib/chat-transport.ts:103
[   91488ms] [LOG] [ChatTransport] Received WebSocket response: {"type":"delta","content":"很高兴","error":null,"message_id":"aa2b15b3-e5f6-4424-bdd3-3445ef933b65","conversation_id":null,"itinerary":null} @ webpack-internal:///(app-pages-browser)/./lib/chat-transport.ts:103
[   91505ms] [LOG] [ChatTransport] Received WebSocket response: {"type":"delta","content":"为您","error":null,"message_id":"aa2b15b3-e5f6-4424-bdd3-3445ef933b65","conversation_id":null,"itinerary":null} @ webpack-internal:///(app-pages-browser)/./lib/chat-transport.ts:103
[   91671ms] [LOG] [ChatTransport] Received WebSocket response: {"type":"delta","content":"提供","error":null,"message_id":"aa2b15b3-e5f6-4424-bdd3-3445ef933b65","conversation_id":null,"itinerary":null} @ webpack-internal:///(app-pages-browser)/./lib/chat-transport.ts:103
[   91741ms] [LOG] [ChatTransport] Received WebSocket response: {"type":"delta","content":"北京","error":null,"message_id":"aa2b15b3-e5f6-4424-bdd3-3445ef933b65","conversation_id":null,"itinerary":null} @ webpack-internal:///(app-pages-browser)/./lib/chat-transport.ts:103
[   91756ms] [LOG] [ChatTransport] Received WebSocket response: {"type":"delta","content":"旅","error":null,"message_id":"aa2b15b3-e5f6-4424-bdd3-3445ef933b65","conversation_id":null,"itinerary":null} @ webpack-internal:///(app-pages-browser)/./lib/chat-transport.ts:103
[   91784ms] [LOG] [ChatTransport] Received WebSocket response: {"type":"delta","content":"行的","error":null,"message_id":"aa2b15b3-e5f6-4424-bdd3-3445ef933b65","conversation_id":null,"itinerary":null} @ webpack-internal:///(app-pages-browser)/./lib/chat-transport.ts:103
[   91785ms] [LOG] [ChatTransport] Received WebSocket response: {"type":"delta","content":"帮助","error":null,"message_id":"aa2b15b3-e5f6-4424-bdd3-3445ef933b65","conversation_id":null,"itinerary":null} @ webpack-internal:///(app-pages-browser)/./lib/chat-transport.ts:103
[   91904ms] [LOG] [ChatTransport] Received WebSocket response: {"type":"delta","content":"。","error":null,"message_id":"aa2b15b3-e5f6-4424-bdd3-3445ef933b65","conversation_id":null,"itinerary":null} @ webpack-internal:///(app-pages-browser)/./lib/chat-transport.ts:103
[   91904ms] [LOG] [ChatTransport] Received WebSocket response: {"type":"delta","content":"北京","error":null,"message_id":"aa2b15b3-e5f6-4424-bdd3-3445ef933b65","conversation_id":null,"itinerary":null} @ webpack-internal:///(app-pages-browser)/./lib/chat-transport.ts:103
[   91917ms] [LOG] [ChatTransport] Received WebSocket response: {"type":"delta","content":"作为","error":null,"message_id":"aa2b15b3-e5f6-4424-bdd3-3445ef933b65","conversation_id":null,"itinerary":null} @ webpack-internal:///(app-pages-browser)/./lib/chat-transport.ts:103
[   91981ms] [LOG] [ChatTransport] Received WebSocket response: {"type":"delta","content":"中国的","error":null,"message_id":"aa2b15b3-e5f6-4424-bdd3-3445ef933b65","conversation_id":null,"itinerary":null} @ webpack-internal:///(app-pages-browser)/./lib/chat-transport.ts:103
[   91996ms] [LOG] [ChatTransport] Received WebSocket response: {"type":"delta","content":"首都","error":null,"message_id":"aa2b15b3-e5f6-4424-bdd3-3445ef933b65","conversation_id":null,"itinerary":null} @ webpack-internal:///(app-pages-browser)/./lib/chat-transport.ts:103
[   92078ms] [LOG] [ChatTransport] Received WebSocket response: {"type":"delta","content":"，","error":null,"message_id":"aa2b15b3-e5f6-4424-bdd3-3445ef933b65","conversation_id":null,"itinerary":null} @ webpack-internal:///(app-pages-browser)/./lib/chat-transport.ts:103
[   92078ms] [LOG] [ChatTransport] Received WebSocket response: {"type":"delta","content":"拥有","error":null,"message_id":"aa2b15b3-e5f6-4424-bdd3-3445ef933b65","conversation_id":null,"itinerary":null} @ webpack-internal:///(app-pages-browser)/./lib/chat-transport.ts:103
[   92216ms] [LOG] [ChatTransport] Received WebSocket response: {"type":"delta","content":"丰富","error":null,"message_id":"aa2b15b3-e5f6-4424-bdd3-3445ef933b65","conversation_id":null,"itinerary":null} @ webpack-internal:///(app-pages-browser)/./lib/chat-transport.ts:103
[   92235ms] [LOG] [ChatTransport] Received WebSocket response: {"type":"delta","content":"的历史","error":null,"message_id":"aa2b15b3-e5f6-4424-bdd3-3445ef933b65","conversation_id":null,"itinerary":null} @ webpack-internal:///(app-pages-browser)/./lib/chat-transport.ts:103
[   92247ms] [LOG] [ChatTransport] Received WebSocket response: {"type":"delta","content":"文化遗产","error":null,"message_id":"aa2b15b3-e5f6-4424-bdd3-3445ef933b65","conversation_id":null,"itinerary":null} @ webpack-internal:///(app-pages-browser)/./lib/chat-transport.ts:103
[   92247ms] [LOG] [ChatTransport] Received WebSocket response: {"type":"delta","content":"和","error":null,"message_id":"aa2b15b3-e5f6-4424-bdd3-3445ef933b65","conversation_id":null,"itinerary":null} @ webpack-internal:///(app-pages-browser)/./lib/chat-transport.ts:103
[   92274ms] [LOG] [ChatTransport] Received WebSocket response: {"type":"delta","content":"现代化的","error":null,"message_id":"aa2b15b3-e5f6-4424-bdd3-3445ef933b65","conversation_id":null,"itinerary":null} @ webpack-internal:///(app-pages-browser)/./lib/chat-transport.ts:103
[   92362ms] [LOG] [ChatTransport] Received WebSocket response: {"type":"delta","content":"城市","error":null,"message_id":"aa2b15b3-e5f6-4424-bdd3-3445ef933b65","conversation_id":null,"itinerary":null} @ webpack-internal:///(app-pages-browser)/./lib/chat-transport.ts:103
[   92362ms] [LOG] [ChatTransport] Received WebSocket response: {"type":"delta","content":"风貌","error":null,"message_id":"aa2b15b3-e5f6-4424-bdd3-3445ef933b65","conversation_id":null,"itinerary":null} @ webpack-internal:///(app-pages-browser)/./lib/chat-transport.ts:103
[   92443ms] [LOG] [ChatTransport] Received WebSocket response: {"type":"delta","content":"。","error":null,"message_id":"aa2b15b3-e5f6-4424-bdd3-3445ef933b65","conversation_id":null,"itinerary":null} @ webpack-internal:///(app-pages-browser)/./lib/chat-transport.ts:103
[   92444ms] [LOG] [ChatTransport] Received WebSocket response: {"type":"delta","content":"我可以","error":null,"message_id":"aa2b15b3-e5f6-4424-bdd3-3445ef933b65","conversation_id":null,"itinerary":null} @ webpack-internal:///(app-pages-browser)/./lib/chat-transport.ts:103
[   92508ms] [LOG] [ChatTransport] Received WebSocket response: {"type":"delta","content":"帮","error":null,"message_id":"aa2b15b3-e5f6-4424-bdd3-3445ef933b65","conversation_id":null,"itinerary":null} @ webpack-internal:///(app-pages-browser)/./lib/chat-transport.ts:103
[   92586ms] [LOG] [ChatTransport] Received WebSocket response: {"type":"delta","content":"您","error":null,"message_id":"aa2b15b3-e5f6-4424-bdd3-3445ef933b65","conversation_id":null,"itinerary":null} @ webpack-internal:///(app-pages-browser)/./lib/chat-transport.ts:103
[   92598ms] [LOG] [ChatTransport] Received WebSocket response: {"type":"delta","content":"：\n\n","error":null,"message_id":"aa2b15b3-e5f6-4424-bdd3-3445ef933b65","conversation_id":null,"itinerary":null} @ webpack-internal:///(app-pages-browser)/./lib/chat-transport.ts:103
[   92668ms] [LOG] [ChatTransport] Received WebSocket response: {"type":"delta","content":"1","error":null,"message_id":"aa2b15b3-e5f6-4424-bdd3-3445ef933b65","conversation_id":null,"itinerary":null} @ webpack-internal:///(app-pages-browser)/./lib/chat-transport.ts:103
[   92684ms] [LOG] [ChatTransport] Received WebSocket response: {"type":"delta","content":".","error":null,"message_id":"aa2b15b3-e5f6-4424-bdd3-3445ef933b65","conversation_id":null,"itinerary":null} @ webpack-internal:///(app-pages-browser)/./lib/chat-transport.ts:103
[   92749ms] [LOG] [ChatTransport] Received WebSocket response: {"type":"delta","content":" **","error":null,"message_id":"aa2b15b3-e5f6-4424-bdd3-3445ef933b65","conversation_id":null,"itinerary":null} @ webpack-internal:///(app-pages-browser)/./lib/chat-transport.ts:103
[   92749ms] [LOG] [ChatTransport] Received WebSocket response: {"type":"delta","content":"行程","error":null,"message_id":"aa2b15b3-e5f6-4424-bdd3-3445ef933b65","conversation_id":null,"itinerary":null} @ webpack-internal:///(app-pages-browser)/./lib/chat-transport.ts:103
[   92824ms] [LOG] [ChatTransport] Received WebSocket response: {"type":"delta","content":"规划","error":null,"message_id":"aa2b15b3-e5f6-4424-bdd3-3445ef933b65","conversation_id":null,"itinerary":null} @ webpack-internal:///(app-pages-browser)/./lib/chat-transport.ts:103
[   92834ms] [LOG] [ChatTransport] Received WebSocket response: {"type":"delta","content":"**","error":null,"message_id":"aa2b15b3-e5f6-4424-bdd3-3445ef933b65","conversation_id":null,"itinerary":null} @ webpack-internal:///(app-pages-browser)/./lib/chat-transport.ts:103
[   92904ms] [LOG] [ChatTransport] Received WebSocket response: {"type":"delta","content":" -","error":null,"message_id":"aa2b15b3-e5f6-4424-bdd3-3445ef933b65","conversation_id":null,"itinerary":null} @ webpack-internal:///(app-pages-browser)/./lib/chat-transport.ts:103
[   92917ms] [LOG] [ChatTransport] Received WebSocket response: {"type":"delta","content":" ","error":null,"message_id":"aa2b15b3-e5f6-4424-bdd3-3445ef933b65","conversation_id":null,"itinerary":null} @ webpack-internal:///(app-pages-browser)/./lib/chat-transport.ts:103
[   92999ms] [LOG] [ChatTransport] Received WebSocket response: {"type":"delta","content":"根据","error":null,"message_id":"aa2b15b3-e5f6-4424-bdd3-3445ef933b65","conversation_id":null,"itinerary":null} @ webpack-internal:///(app-pages-browser)/./lib/chat-transport.ts:103
[   92999ms] [LOG] [ChatTransport] Received WebSocket response: {"type":"delta","content":"您的","error":null,"message_id":"aa2b15b3-e5f6-4424-bdd3-3445ef933b65","conversation_id":null,"itinerary":null} @ webpack-internal:///(app-pages-browser)/./lib/chat-transport.ts:103
[   93056ms] [LOG] [ChatTransport] Received WebSocket response: {"type":"delta","content":"旅行","error":null,"message_id":"aa2b15b3-e5f6-4424-bdd3-3445ef933b65","conversation_id":null,"itinerary":null} @ webpack-internal:///(app-pages-browser)/./lib/chat-transport.ts:103
[   93057ms] [LOG] [ChatTransport] Received WebSocket response: {"type":"delta","content":"天数","error":null,"message_id":"aa2b15b3-e5f6-4424-bdd3-3445ef933b65","conversation_id":null,"itinerary":null} @ webpack-internal:///(app-pages-browser)/./lib/chat-transport.ts:103
[   93142ms] [LOG] [ChatTransport] Received WebSocket response: {"type":"delta","content":"、","error":null,"message_id":"aa2b15b3-e5f6-4424-bdd3-3445ef933b65","conversation_id":null,"itinerary":null} @ webpack-internal:///(app-pages-browser)/./lib/chat-transport.ts:103
[   93159ms] [LOG] [ChatTransport] Received WebSocket response: {"type":"delta","content":"兴趣","error":null,"message_id":"aa2b15b3-e5f6-4424-bdd3-3445ef933b65","conversation_id":null,"itinerary":null} @ webpack-internal:///(app-pages-browser)/./lib/chat-transport.ts:103
[   93216ms] [LOG] [ChatTransport] Received WebSocket response: {"type":"delta","content":"偏好","error":null,"message_id":"aa2b15b3-e5f6-4424-bdd3-3445ef933b65","conversation_id":null,"itinerary":null} @ webpack-internal:///(app-pages-browser)/./lib/chat-transport.ts:103
[   93300ms] [LOG] [ChatTransport] Received WebSocket response: {"type":"delta","content":"（","error":null,"message_id":"aa2b15b3-e5f6-4424-bdd3-3445ef933b65","conversation_id":null,"itinerary":null} @ webpack-internal:///(app-pages-browser)/./lib/chat-transport.ts:103
[   93377ms] [LOG] [ChatTransport] Received WebSocket response: {"type":"delta","content":"历史","error":null,"message_id":"aa2b15b3-e5f6-4424-bdd3-3445ef933b65","conversation_id":null,"itinerary":null} @ webpack-internal:///(app-pages-browser)/./lib/chat-transport.ts:103
[   93395ms] [LOG] [ChatTransport] Received WebSocket response: {"type":"delta","content":"、","error":null,"message_id":"aa2b15b3-e5f6-4424-bdd3-3445ef933b65","conversation_id":null,"itinerary":null} @ webpack-internal:///(app-pages-browser)/./lib/chat-transport.ts:103
[   93448ms] [LOG] [ChatTransport] Received WebSocket response: {"type":"delta","content":"美食","error":null,"message_id":"aa2b15b3-e5f6-4424-bdd3-3445ef933b65","conversation_id":null,"itinerary":null} @ webpack-internal:///(app-pages-browser)/./lib/chat-transport.ts:103
[   93525ms] [LOG] [ChatTransport] Received WebSocket response: {"type":"delta","content":"、","error":null,"message_id":"aa2b15b3-e5f6-4424-bdd3-3445ef933b65","conversation_id":null,"itinerary":null} @ webpack-internal:///(app-pages-browser)/./lib/chat-transport.ts:103
[   93534ms] [LOG] [ChatTransport] Received WebSocket response: {"type":"delta","content":"购物","error":null,"message_id":"aa2b15b3-e5f6-4424-bdd3-3445ef933b65","conversation_id":null,"itinerary":null} @ webpack-internal:///(app-pages-browser)/./lib/chat-transport.ts:103
[   93636ms] [LOG] [ChatTransport] Received WebSocket response: {"type":"delta","content":"等","error":null,"message_id":"aa2b15b3-e5f6-4424-bdd3-3445ef933b65","conversation_id":null,"itinerary":null} @ webpack-internal:///(app-pages-browser)/./lib/chat-transport.ts:103
[   93674ms] [LOG] [ChatTransport] Received WebSocket response: {"type":"delta","content":"）","error":null,"message_id":"aa2b15b3-e5f6-4424-bdd3-3445ef933b65","conversation_id":null,"itinerary":null} @ webpack-internal:///(app-pages-browser)/./lib/chat-transport.ts:103
[   93688ms] [LOG] [ChatTransport] Received WebSocket response: {"type":"delta","content":"和时间","error":null,"message_id":"aa2b15b3-e5f6-4424-bdd3-3445ef933b65","conversation_id":null,"itinerary":null} @ webpack-internal:///(app-pages-browser)/./lib/chat-transport.ts:103
[   93987ms] [LOG] [ChatTransport] Received WebSocket response: {"type":"delta","content":"安排","error":null,"message_id":"aa2b15b3-e5f6-4424-bdd3-3445ef933b65","conversation_id":null,"itinerary":null} @ webpack-internal:///(app-pages-browser)/./lib/chat-transport.ts:103
[   93988ms] [LOG] [ChatTransport] Received WebSocket response: {"type":"delta","content":"\n","error":null,"message_id":"aa2b15b3-e5f6-4424-bdd3-3445ef933b65","conversation_id":null,"itinerary":null} @ webpack-internal:///(app-pages-browser)/./lib/chat-transport.ts:103
[   94001ms] [LOG] [ChatTransport] Received WebSocket response: {"type":"delta","content":"2","error":null,"message_id":"aa2b15b3-e5f6-4424-bdd3-3445ef933b65","conversation_id":null,"itinerary":null} @ webpack-internal:///(app-pages-browser)/./lib/chat-transport.ts:103
[   94002ms] [LOG] [ChatTransport] Received WebSocket response: {"type":"delta","content":".","error":null,"message_id":"aa2b15b3-e5f6-4424-bdd3-3445ef933b65","conversation_id":null,"itinerary":null} @ webpack-internal:///(app-pages-browser)/./lib/chat-transport.ts:103
[   94003ms] [LOG] [ChatTransport] Received WebSocket response: {"type":"delta","content":" **","error":null,"message_id":"aa2b15b3-e5f6-4424-bdd3-3445ef933b65","conversation_id":null,"itinerary":null} @ webpack-internal:///(app-pages-browser)/./lib/chat-transport.ts:103
[   94003ms] [LOG] [ChatTransport] Received WebSocket response: {"type":"delta","content":"景点","error":null,"message_id":"aa2b15b3-e5f6-4424-bdd3-3445ef933b65","conversation_id":null,"itinerary":null} @ webpack-internal:///(app-pages-browser)/./lib/chat-transport.ts:103
[   94018ms] [LOG] [ChatTransport] Received WebSocket response: {"type":"delta","content":"推荐","error":null,"message_id":"aa2b15b3-e5f6-4424-bdd3-3445ef933b65","conversation_id":null,"itinerary":null} @ webpack-internal:///(app-pages-browser)/./lib/chat-transport.ts:103
[   94029ms] [LOG] [ChatTransport] Received WebSocket response: {"type":"delta","content":"**","error":null,"message_id":"aa2b15b3-e5f6-4424-bdd3-3445ef933b65","conversation_id":null,"itinerary":null} @ webpack-internal:///(app-pages-browser)/./lib/chat-transport.ts:103
[   94098ms] [LOG] [ChatTransport] Received WebSocket response: {"type":"delta","content":" -","error":null,"message_id":"aa2b15b3-e5f6-4424-bdd3-3445ef933b65","conversation_id":null,"itinerary":null} @ webpack-internal:///(app-pages-browser)/./lib/chat-transport.ts:103
[   94103ms] [LOG] [ChatTransport] Received WebSocket response: {"type":"delta","content":" ","error":null,"message_id":"aa2b15b3-e5f6-4424-bdd3-3445ef933b65","conversation_id":null,"itinerary":null} @ webpack-internal:///(app-pages-browser)/./lib/chat-transport.ts:103
[   94139ms] [LOG] [ChatTransport] Received WebSocket response: {"type":"delta","content":"故宫","error":null,"message_id":"aa2b15b3-e5f6-4424-bdd3-3445ef933b65","conversation_id":null,"itinerary":null} @ webpack-internal:///(app-pages-browser)/./lib/chat-transport.ts:103
[   94155ms] [LOG] [ChatTransport] Received WebSocket response: {"type":"delta","content":"、","error":null,"message_id":"aa2b15b3-e5f6-4424-bdd3-3445ef933b65","conversation_id":null,"itinerary":null} @ webpack-internal:///(app-pages-browser)/./lib/chat-transport.ts:103
[   94236ms] [LOG] [ChatTransport] Received WebSocket response: {"type":"delta","content":"天","error":null,"message_id":"aa2b15b3-e5f6-4424-bdd3-3445ef933b65","conversation_id":null,"itinerary":null} @ webpack-internal:///(app-pages-browser)/./lib/chat-transport.ts:103
[   94236ms] [LOG] [ChatTransport] Received WebSocket response: {"type":"delta","content":"安门","error":null,"message_id":"aa2b15b3-e5f6-4424-bdd3-3445ef933b65","conversation_id":null,"itinerary":null} @ webpack-internal:///(app-pages-browser)/./lib/chat-transport.ts:103
[   94291ms] [LOG] [ChatTransport] Received WebSocket response: {"type":"delta","content":"、","error":null,"message_id":"aa2b15b3-e5f6-4424-bdd3-3445ef933b65","conversation_id":null,"itinerary":null} @ webpack-internal:///(app-pages-browser)/./lib/chat-transport.ts:103
[   94302ms] [LOG] [ChatTransport] Received WebSocket response: {"type":"delta","content":"长城","error":null,"message_id":"aa2b15b3-e5f6-4424-bdd3-3445ef933b65","conversation_id":null,"itinerary":null} @ webpack-internal:///(app-pages-browser)/./lib/chat-transport.ts:103
[   94414ms] [LOG] [ChatTransport] Received WebSocket response: {"type":"delta","content":"、","error":null,"message_id":"aa2b15b3-e5f6-4424-bdd3-3445ef933b65","conversation_id":null,"itinerary":null} @ webpack-internal:///(app-pages-browser)/./lib/chat-transport.ts:103
[   94415ms] [LOG] [ChatTransport] Received WebSocket response: {"type":"delta","content":"颐","error":null,"message_id":"aa2b15b3-e5f6-4424-bdd3-3445ef933b65","conversation_id":null,"itinerary":null} @ webpack-internal:///(app-pages-browser)/./lib/chat-transport.ts:103
[   94473ms] [LOG] [ChatTransport] Received WebSocket response: {"type":"delta","content":"和","error":null,"message_id":"aa2b15b3-e5f6-4424-bdd3-3445ef933b65","conversation_id":null,"itinerary":null} @ webpack-internal:///(app-pages-browser)/./lib/chat-transport.ts:103
[   94474ms] [LOG] [ChatTransport] Received WebSocket response: {"type":"delta","content":"园","error":null,"message_id":"aa2b15b3-e5f6-4424-bdd3-3445ef933b65","conversation_id":null,"itinerary":null} @ webpack-internal:///(app-pages-browser)/./lib/chat-transport.ts:103
[   94551ms] [LOG] [ChatTransport] Received WebSocket response: {"type":"delta","content":"等","error":null,"message_id":"aa2b15b3-e5f6-4424-bdd3-3445ef933b65","conversation_id":null,"itinerary":null} @ webpack-internal:///(app-pages-browser)/./lib/chat-transport.ts:103
[   94562ms] [LOG] [ChatTransport] Received WebSocket response: {"type":"delta","content":"经典","error":null,"message_id":"aa2b15b3-e5f6-4424-bdd3-3445ef933b65","conversation_id":null,"itinerary":null} @ webpack-internal:///(app-pages-browser)/./lib/chat-transport.ts:103
[   94615ms] [LOG] [ChatTransport] Received WebSocket response: {"type":"delta","content":"景点","error":null,"message_id":"aa2b15b3-e5f6-4424-bdd3-3445ef933b65","conversation_id":null,"itinerary":null} @ webpack-internal:///(app-pages-browser)/./lib/chat-transport.ts:103
[   94616ms] [LOG] [ChatTransport] Received WebSocket response: {"type":"delta","content":"，","error":null,"message_id":"aa2b15b3-e5f6-4424-bdd3-3445ef933b65","conversation_id":null,"itinerary":null} @ webpack-internal:///(app-pages-browser)/./lib/chat-transport.ts:103
[   94838ms] [LOG] [ChatTransport] Received WebSocket response: {"type":"delta","content":"以及","error":null,"message_id":"aa2b15b3-e5f6-4424-bdd3-3445ef933b65","conversation_id":null,"itinerary":null} @ webpack-internal:///(app-pages-browser)/./lib/chat-transport.ts:103
[   94839ms] [LOG] [ChatTransport] Received WebSocket response: {"type":"delta","content":"一些小","error":null,"message_id":"aa2b15b3-e5f6-4424-bdd3-3445ef933b65","conversation_id":null,"itinerary":null} @ webpack-internal:///(app-pages-browser)/./lib/chat-transport.ts:103
[   94848ms] [LOG] [ChatTransport] Received WebSocket response: {"type":"delta","content":"众","error":null,"message_id":"aa2b15b3-e5f6-4424-bdd3-3445ef933b65","conversation_id":null,"itinerary":null} @ webpack-internal:///(app-pages-browser)/./lib/chat-transport.ts:103
[   94849ms] [LOG] [ChatTransport] Received WebSocket response: {"type":"delta","content":"特色","error":null,"message_id":"aa2b15b3-e5f6-4424-bdd3-3445ef933b65","conversation_id":null,"itinerary":null} @ webpack-internal:///(app-pages-browser)/./lib/chat-transport.ts:103
[   94860ms] [LOG] [ChatTransport] Received WebSocket response: {"type":"delta","content":"地点","error":null,"message_id":"aa2b15b3-e5f6-4424-bdd3-3445ef933b65","conversation_id":null,"itinerary":null} @ webpack-internal:///(app-pages-browser)/./lib/chat-transport.ts:103
[   94937ms] [LOG] [ChatTransport] Received WebSocket response: {"type":"delta","content":"\n","error":null,"message_id":"aa2b15b3-e5f6-4424-bdd3-3445ef933b65","conversation_id":null,"itinerary":null} @ webpack-internal:///(app-pages-browser)/./lib/chat-transport.ts:103
[   94937ms] [LOG] [ChatTransport] Received WebSocket response: {"type":"delta","content":"3","error":null,"message_id":"aa2b15b3-e5f6-4424-bdd3-3445ef933b65","conversation_id":null,"itinerary":null} @ webpack-internal:///(app-pages-browser)/./lib/chat-transport.ts:103
[   95034ms] [LOG] [ChatTransport] Received WebSocket response: {"type":"delta","content":".","error":null,"message_id":"aa2b15b3-e5f6-4424-bdd3-3445ef933b65","conversation_id":null,"itinerary":null} @ webpack-internal:///(app-pages-browser)/./lib/chat-transport.ts:103
[   95044ms] [LOG] [ChatTransport] Received WebSocket response: {"type":"delta","content":" **","error":null,"message_id":"aa2b15b3-e5f6-4424-bdd3-3445ef933b65","conversation_id":null,"itinerary":null} @ webpack-internal:///(app-pages-browser)/./lib/chat-transport.ts:103
[   95140ms] [LOG] [ChatTransport] Received WebSocket response: {"type":"delta","content":"实用","error":null,"message_id":"aa2b15b3-e5f6-4424-bdd3-3445ef933b65","conversation_id":null,"itinerary":null} @ webpack-internal:///(app-pages-browser)/./lib/chat-transport.ts:103
[   95150ms] [LOG] [ChatTransport] Received WebSocket response: {"type":"delta","content":"信息","error":null,"message_id":"aa2b15b3-e5f6-4424-bdd3-3445ef933b65","conversation_id":null,"itinerary":null} @ webpack-internal:///(app-pages-browser)/./lib/chat-transport.ts:103
[   95177ms] [LOG] [ChatTransport] Received WebSocket response: {"type":"delta","content":"**","error":null,"message_id":"aa2b15b3-e5f6-4424-bdd3-3445ef933b65","conversation_id":null,"itinerary":null} @ webpack-internal:///(app-pages-browser)/./lib/chat-transport.ts:103
[   95186ms] [LOG] [ChatTransport] Received WebSocket response: {"type":"delta","content":" -","error":null,"message_id":"aa2b15b3-e5f6-4424-bdd3-3445ef933b65","conversation_id":null,"itinerary":null} @ webpack-internal:///(app-pages-browser)/./lib/chat-transport.ts:103
[   95288ms] [LOG] [ChatTransport] Received WebSocket response: {"type":"delta","content":" ","error":null,"message_id":"aa2b15b3-e5f6-4424-bdd3-3445ef933b65","conversation_id":null,"itinerary":null} @ webpack-internal:///(app-pages-browser)/./lib/chat-transport.ts:103
[   95288ms] [LOG] [ChatTransport] Received WebSocket response: {"type":"delta","content":"天气","error":null,"message_id":"aa2b15b3-e5f6-4424-bdd3-3445ef933b65","conversation_id":null,"itinerary":null} @ webpack-internal:///(app-pages-browser)/./lib/chat-transport.ts:103
[   95338ms] [LOG] [ChatTransport] Received WebSocket response: {"type":"delta","content":"状况","error":null,"message_id":"aa2b15b3-e5f6-4424-bdd3-3445ef933b65","conversation_id":null,"itinerary":null} @ webpack-internal:///(app-pages-browser)/./lib/chat-transport.ts:103
[   95392ms] [LOG] [ChatTransport] Received WebSocket response: {"type":"delta","content":"、","error":null,"message_id":"aa2b15b3-e5f6-4424-bdd3-3445ef933b65","conversation_id":null,"itinerary":null} @ webpack-internal:///(app-pages-browser)/./lib/chat-transport.ts:103
[   95418ms] [LOG] [ChatTransport] Received WebSocket response: {"type":"delta","content":"交通","error":null,"message_id":"aa2b15b3-e5f6-4424-bdd3-3445ef933b65","conversation_id":null,"itinerary":null} @ webpack-internal:///(app-pages-browser)/./lib/chat-transport.ts:103
[   95497ms] [LOG] [ChatTransport] Received WebSocket response: {"type":"delta","content":"方式","error":null,"message_id":"aa2b15b3-e5f6-4424-bdd3-3445ef933b65","conversation_id":null,"itinerary":null} @ webpack-internal:///(app-pages-browser)/./lib/chat-transport.ts:103
[   95523ms] [LOG] [ChatTransport] Received WebSocket response: {"type":"delta","content":"、","error":null,"message_id":"aa2b15b3-e5f6-4424-bdd3-3445ef933b65","conversation_id":null,"itinerary":null} @ webpack-internal:///(app-pages-browser)/./lib/chat-transport.ts:103
[   95550ms] [LOG] [ChatTransport] Received WebSocket response: {"type":"delta","content":"最佳","error":null,"message_id":"aa2b15b3-e5f6-4424-bdd3-3445ef933b65","conversation_id":null,"itinerary":null} @ webpack-internal:///(app-pages-browser)/./lib/chat-transport.ts:103
[   95643ms] [LOG] [ChatTransport] Received WebSocket response: {"type":"delta","content":"游览","error":null,"message_id":"aa2b15b3-e5f6-4424-bdd3-3445ef933b65","conversation_id":null,"itinerary":null} @ webpack-internal:///(app-pages-browser)/./lib/chat-transport.ts:103
[   95699ms] [LOG] [ChatTransport] Received WebSocket response: {"type":"delta","content":"时间","error":null,"message_id":"aa2b15b3-e5f6-4424-bdd3-3445ef933b65","conversation_id":null,"itinerary":null} @ webpack-internal:///(app-pages-browser)/./lib/chat-transport.ts:103
[   95699ms] [LOG] [ChatTransport] Received WebSocket response: {"type":"delta","content":"等","error":null,"message_id":"aa2b15b3-e5f6-4424-bdd3-3445ef933b65","conversation_id":null,"itinerary":null} @ webpack-internal:///(app-pages-browser)/./lib/chat-transport.ts:103
[   95785ms] [LOG] [ChatTransport] Received WebSocket response: {"type":"delta","content":"\n\n","error":null,"message_id":"aa2b15b3-e5f6-4424-bdd3-3445ef933b65","conversation_id":null,"itinerary":null} @ webpack-internal:///(app-pages-browser)/./lib/chat-transport.ts:103
[   95796ms] [LOG] [ChatTransport] Received WebSocket response: {"type":"delta","content":"为了","error":null,"message_id":"aa2b15b3-e5f6-4424-bdd3-3445ef933b65","conversation_id":null,"itinerary":null} @ webpack-internal:///(app-pages-browser)/./lib/chat-transport.ts:103
[   96038ms] [LOG] [ChatTransport] Received WebSocket response: {"type":"delta","content":"给您","error":null,"message_id":"aa2b15b3-e5f6-4424-bdd3-3445ef933b65","conversation_id":null,"itinerary":null} @ webpack-internal:///(app-pages-browser)/./lib/chat-transport.ts:103
[   96055ms] [LOG] [ChatTransport] Received WebSocket response: {"type":"delta","content":"更","error":null,"message_id":"aa2b15b3-e5f6-4424-bdd3-3445ef933b65","conversation_id":null,"itinerary":null} @ webpack-internal:///(app-pages-browser)/./lib/chat-transport.ts:103
[   96069ms] [LOG] [ChatTransport] Received WebSocket response: {"type":"delta","content":"精准","error":null,"message_id":"aa2b15b3-e5f6-4424-bdd3-3445ef933b65","conversation_id":null,"itinerary":null} @ webpack-internal:///(app-pages-browser)/./lib/chat-transport.ts:103
[   96070ms] [LOG] [ChatTransport] Received WebSocket response: {"type":"delta","content":"的建议","error":null,"message_id":"aa2b15b3-e5f6-4424-bdd3-3445ef933b65","conversation_id":null,"itinerary":null} @ webpack-internal:///(app-pages-browser)/./lib/chat-transport.ts:103
[   96070ms] [LOG] [ChatTransport] Received WebSocket response: {"type":"delta","content":"，","error":null,"message_id":"aa2b15b3-e5f6-4424-bdd3-3445ef933b65","conversation_id":null,"itinerary":null} @ webpack-internal:///(app-pages-browser)/./lib/chat-transport.ts:103
[   96070ms] [LOG] [ChatTransport] Received WebSocket response: {"type":"delta","content":"请","error":null,"message_id":"aa2b15b3-e5f6-4424-bdd3-3445ef933b65","conversation_id":null,"itinerary":null} @ webpack-internal:///(app-pages-browser)/./lib/chat-transport.ts:103
[   96096ms] [LOG] [ChatTransport] Received WebSocket response: {"type":"delta","content":"告诉我","error":null,"message_id":"aa2b15b3-e5f6-4424-bdd3-3445ef933b65","conversation_id":null,"itinerary":null} @ webpack-internal:///(app-pages-browser)/./lib/chat-transport.ts:103
[   96096ms] [LOG] [ChatTransport] Received WebSocket response: {"type":"delta","content":"：\n","error":null,"message_id":"aa2b15b3-e5f6-4424-bdd3-3445ef933b65","conversation_id":null,"itinerary":null} @ webpack-internal:///(app-pages-browser)/./lib/chat-transport.ts:103
[   96194ms] [LOG] [ChatTransport] Received WebSocket response: {"type":"delta","content":"-","error":null,"message_id":"aa2b15b3-e5f6-4424-bdd3-3445ef933b65","conversation_id":null,"itinerary":null} @ webpack-internal:///(app-pages-browser)/./lib/chat-transport.ts:103
[   96209ms] [LOG] [ChatTransport] Received WebSocket response: {"type":"delta","content":" ","error":null,"message_id":"aa2b15b3-e5f6-4424-bdd3-3445ef933b65","conversation_id":null,"itinerary":null} @ webpack-internal:///(app-pages-browser)/./lib/chat-transport.ts:103
[   96260ms] [LOG] [ChatTransport] Received WebSocket response: {"type":"delta","content":"您","error":null,"message_id":"aa2b15b3-e5f6-4424-bdd3-3445ef933b65","conversation_id":null,"itinerary":null} @ webpack-internal:///(app-pages-browser)/./lib/chat-transport.ts:103
[   96290ms] [LOG] [ChatTransport] Received WebSocket response: {"type":"delta","content":"计划","error":null,"message_id":"aa2b15b3-e5f6-4424-bdd3-3445ef933b65","conversation_id":null,"itinerary":null} @ webpack-internal:///(app-pages-browser)/./lib/chat-transport.ts:103
[   96348ms] [LOG] [ChatTransport] Received WebSocket response: {"type":"delta","content":"在北京","error":null,"message_id":"aa2b15b3-e5f6-4424-bdd3-3445ef933b65","conversation_id":null,"itinerary":null} @ webpack-internal:///(app-pages-browser)/./lib/chat-transport.ts:103
[   96405ms] [LOG] [ChatTransport] Received WebSocket response: {"type":"delta","content":"停留","error":null,"message_id":"aa2b15b3-e5f6-4424-bdd3-3445ef933b65","conversation_id":null,"itinerary":null} @ webpack-internal:///(app-pages-browser)/./lib/chat-transport.ts:103
[   96421ms] [LOG] [ChatTransport] Received WebSocket response: {"type":"delta","content":"几天","error":null,"message_id":"aa2b15b3-e5f6-4424-bdd3-3445ef933b65","conversation_id":null,"itinerary":null} @ webpack-internal:///(app-pages-browser)/./lib/chat-transport.ts:103
[   96478ms] [LOG] [ChatTransport] Received WebSocket response: {"type":"delta","content":"？\n","error":null,"message_id":"aa2b15b3-e5f6-4424-bdd3-3445ef933b65","conversation_id":null,"itinerary":null} @ webpack-internal:///(app-pages-browser)/./lib/chat-transport.ts:103
[   96479ms] [LOG] [ChatTransport] Received WebSocket response: {"type":"delta","content":"-","error":null,"message_id":"aa2b15b3-e5f6-4424-bdd3-3445ef933b65","conversation_id":null,"itinerary":null} @ webpack-internal:///(app-pages-browser)/./lib/chat-transport.ts:103
[   96565ms] [LOG] [ChatTransport] Received WebSocket response: {"type":"delta","content":" ","error":null,"message_id":"aa2b15b3-e5f6-4424-bdd3-3445ef933b65","conversation_id":null,"itinerary":null} @ webpack-internal:///(app-pages-browser)/./lib/chat-transport.ts:103
[   96565ms] [LOG] [ChatTransport] Received WebSocket response: {"type":"delta","content":"您","error":null,"message_id":"aa2b15b3-e5f6-4424-bdd3-3445ef933b65","conversation_id":null,"itinerary":null} @ webpack-internal:///(app-pages-browser)/./lib/chat-transport.ts:103
[   96630ms] [LOG] [ChatTransport] Received WebSocket response: {"type":"delta","content":"对","error":null,"message_id":"aa2b15b3-e5f6-4424-bdd3-3445ef933b65","conversation_id":null,"itinerary":null} @ webpack-internal:///(app-pages-browser)/./lib/chat-transport.ts:103
[   96643ms] [LOG] [ChatTransport] Received WebSocket response: {"type":"delta","content":"什么","error":null,"message_id":"aa2b15b3-e5f6-4424-bdd3-3445ef933b65","conversation_id":null,"itinerary":null} @ webpack-internal:///(app-pages-browser)/./lib/chat-transport.ts:103
[   96710ms] [LOG] [ChatTransport] Received WebSocket response: {"type":"delta","content":"类型的","error":null,"message_id":"aa2b15b3-e5f6-4424-bdd3-3445ef933b65","conversation_id":null,"itinerary":null} @ webpack-internal:///(app-pages-browser)/./lib/chat-transport.ts:103
[   96721ms] [LOG] [ChatTransport] Received WebSocket response: {"type":"delta","content":"景点","error":null,"message_id":"aa2b15b3-e5f6-4424-bdd3-3445ef933b65","conversation_id":null,"itinerary":null} @ webpack-internal:///(app-pages-browser)/./lib/chat-transport.ts:103
[   96784ms] [LOG] [ChatTransport] Received WebSocket response: {"type":"delta","content":"或","error":null,"message_id":"aa2b15b3-e5f6-4424-bdd3-3445ef933b65","conversation_id":null,"itinerary":null} @ webpack-internal:///(app-pages-browser)/./lib/chat-transport.ts:103
[   96867ms] [LOG] [ChatTransport] Received WebSocket response: {"type":"delta","content":"活动","error":null,"message_id":"aa2b15b3-e5f6-4424-bdd3-3445ef933b65","conversation_id":null,"itinerary":null} @ webpack-internal:///(app-pages-browser)/./lib/chat-transport.ts:103
[   96868ms] [LOG] [ChatTransport] Received WebSocket response: {"type":"delta","content":"最","error":null,"message_id":"aa2b15b3-e5f6-4424-bdd3-3445ef933b65","conversation_id":null,"itinerary":null} @ webpack-internal:///(app-pages-browser)/./lib/chat-transport.ts:103
[   96948ms] [LOG] [ChatTransport] Received WebSocket response: {"type":"delta","content":"感兴趣","error":null,"message_id":"aa2b15b3-e5f6-4424-bdd3-3445ef933b65","conversation_id":null,"itinerary":null} @ webpack-internal:///(app-pages-browser)/./lib/chat-transport.ts:103
[   96962ms] [LOG] [ChatTransport] Received WebSocket response: {"type":"delta","content":"？（","error":null,"message_id":"aa2b15b3-e5f6-4424-bdd3-3445ef933b65","conversation_id":null,"itinerary":null} @ webpack-internal:///(app-pages-browser)/./lib/chat-transport.ts:103
[   97015ms] [LOG] [ChatTransport] Received WebSocket response: {"type":"delta","content":"历史文化","error":null,"message_id":"aa2b15b3-e5f6-4424-bdd3-3445ef933b65","conversation_id":null,"itinerary":null} @ webpack-internal:///(app-pages-browser)/./lib/chat-transport.ts:103
[   97111ms] [LOG] [ChatTransport] Received WebSocket response: {"type":"delta","content":"、","error":null,"message_id":"aa2b15b3-e5f6-4424-bdd3-3445ef933b65","conversation_id":null,"itinerary":null} @ webpack-internal:///(app-pages-browser)/./lib/chat-transport.ts:103
[   97123ms] [LOG] [ChatTransport] Received WebSocket response: {"type":"delta","content":"美食","error":null,"message_id":"aa2b15b3-e5f6-4424-bdd3-3445ef933b65","conversation_id":null,"itinerary":null} @ webpack-internal:///(app-pages-browser)/./lib/chat-transport.ts:103
[   97239ms] [LOG] [ChatTransport] Received WebSocket response: {"type":"delta","content":"体验","error":null,"message_id":"aa2b15b3-e5f6-4424-bdd3-3445ef933b65","conversation_id":null,"itinerary":null} @ webpack-internal:///(app-pages-browser)/./lib/chat-transport.ts:103
[   97250ms] [LOG] [ChatTransport] Received WebSocket response: {"type":"delta","content":"、","error":null,"message_id":"aa2b15b3-e5f6-4424-bdd3-3445ef933b65","conversation_id":null,"itinerary":null} @ webpack-internal:///(app-pages-browser)/./lib/chat-transport.ts:103
[   97260ms] [LOG] [ChatTransport] Received WebSocket response: {"type":"delta","content":"购物","error":null,"message_id":"aa2b15b3-e5f6-4424-bdd3-3445ef933b65","conversation_id":null,"itinerary":null} @ webpack-internal:///(app-pages-browser)/./lib/chat-transport.ts:103
[   97338ms] [LOG] [ChatTransport] Received WebSocket response: {"type":"delta","content":"娱乐","error":null,"message_id":"aa2b15b3-e5f6-4424-bdd3-3445ef933b65","conversation_id":null,"itinerary":null} @ webpack-internal:///(app-pages-browser)/./lib/chat-transport.ts:103
[   97399ms] [LOG] [ChatTransport] Received WebSocket response: {"type":"delta","content":"、","error":null,"message_id":"aa2b15b3-e5f6-4424-bdd3-3445ef933b65","conversation_id":null,"itinerary":null} @ webpack-internal:///(app-pages-browser)/./lib/chat-transport.ts:103
[   97400ms] [LOG] [ChatTransport] Received WebSocket response: {"type":"delta","content":"自然","error":null,"message_id":"aa2b15b3-e5f6-4424-bdd3-3445ef933b65","conversation_id":null,"itinerary":null} @ webpack-internal:///(app-pages-browser)/./lib/chat-transport.ts:103
[   97516ms] [LOG] [ChatTransport] Received WebSocket response: {"type":"delta","content":"风光","error":null,"message_id":"aa2b15b3-e5f6-4424-bdd3-3445ef933b65","conversation_id":null,"itinerary":null} @ webpack-internal:///(app-pages-browser)/./lib/chat-transport.ts:103
[   97531ms] [LOG] [ChatTransport] Received WebSocket response: {"type":"delta","content":"等","error":null,"message_id":"aa2b15b3-e5f6-4424-bdd3-3445ef933b65","conversation_id":null,"itinerary":null} @ webpack-internal:///(app-pages-browser)/./lib/chat-transport.ts:103
[   97553ms] [LOG] [ChatTransport] Received WebSocket response: {"type":"delta","content":"）\n","error":null,"message_id":"aa2b15b3-e5f6-4424-bdd3-3445ef933b65","conversation_id":null,"itinerary":null} @ webpack-internal:///(app-pages-browser)/./lib/chat-transport.ts:103
[   97570ms] [LOG] [ChatTransport] Received WebSocket response: {"type":"delta","content":"-","error":null,"message_id":"aa2b15b3-e5f6-4424-bdd3-3445ef933b65","conversation_id":null,"itinerary":null} @ webpack-internal:///(app-pages-browser)/./lib/chat-transport.ts:103
[   97624ms] [LOG] [ChatTransport] Received WebSocket response: {"type":"delta","content":" ","error":null,"message_id":"aa2b15b3-e5f6-4424-bdd3-3445ef933b65","conversation_id":null,"itinerary":null} @ webpack-internal:///(app-pages-browser)/./lib/chat-transport.ts:103
[   97640ms] [LOG] [ChatTransport] Received WebSocket response: {"type":"delta","content":"您的","error":null,"message_id":"aa2b15b3-e5f6-4424-bdd3-3445ef933b65","conversation_id":null,"itinerary":null} @ webpack-internal:///(app-pages-browser)/./lib/chat-transport.ts:103
[   97699ms] [LOG] [ChatTransport] Received WebSocket response: {"type":"delta","content":"旅行","error":null,"message_id":"aa2b15b3-e5f6-4424-bdd3-3445ef933b65","conversation_id":null,"itinerary":null} @ webpack-internal:///(app-pages-browser)/./lib/chat-transport.ts:103
[   97712ms] [LOG] [ChatTransport] Received WebSocket response: {"type":"delta","content":"预算","error":null,"message_id":"aa2b15b3-e5f6-4424-bdd3-3445ef933b65","conversation_id":null,"itinerary":null} @ webpack-internal:///(app-pages-browser)/./lib/chat-transport.ts:103
[   97816ms] [LOG] [ChatTransport] Received WebSocket response: {"type":"delta","content":"大概","error":null,"message_id":"aa2b15b3-e5f6-4424-bdd3-3445ef933b65","conversation_id":null,"itinerary":null} @ webpack-internal:///(app-pages-browser)/./lib/chat-transport.ts:103
[   97830ms] [LOG] [ChatTransport] Received WebSocket response: {"type":"delta","content":"是多少","error":null,"message_id":"aa2b15b3-e5f6-4424-bdd3-3445ef933b65","conversation_id":null,"itinerary":null} @ webpack-internal:///(app-pages-browser)/./lib/chat-transport.ts:103
[   97857ms] [LOG] [ChatTransport] Received WebSocket response: {"type":"delta","content":"？\n","error":null,"message_id":"aa2b15b3-e5f6-4424-bdd3-3445ef933b65","conversation_id":null,"itinerary":null} @ webpack-internal:///(app-pages-browser)/./lib/chat-transport.ts:103
[   97857ms] [LOG] [ChatTransport] Received WebSocket response: {"type":"delta","content":"-","error":null,"message_id":"aa2b15b3-e5f6-4424-bdd3-3445ef933b65","conversation_id":null,"itinerary":null} @ webpack-internal:///(app-pages-browser)/./lib/chat-transport.ts:103
[   97930ms] [LOG] [ChatTransport] Received WebSocket response: {"type":"delta","content":" ","error":null,"message_id":"aa2b15b3-e5f6-4424-bdd3-3445ef933b65","conversation_id":null,"itinerary":null} @ webpack-internal:///(app-pages-browser)/./lib/chat-transport.ts:103
[   97930ms] [LOG] [ChatTransport] Received WebSocket response: {"type":"delta","content":"您","error":null,"message_id":"aa2b15b3-e5f6-4424-bdd3-3445ef933b65","conversation_id":null,"itinerary":null} @ webpack-internal:///(app-pages-browser)/./lib/chat-transport.ts:103
[   98008ms] [LOG] [ChatTransport] Received WebSocket response: {"type":"delta","content":"计划","error":null,"message_id":"aa2b15b3-e5f6-4424-bdd3-3445ef933b65","conversation_id":null,"itinerary":null} @ webpack-internal:///(app-pages-browser)/./lib/chat-transport.ts:103
[   98008ms] [LOG] [ChatTransport] Received WebSocket response: {"type":"delta","content":"什么时候","error":null,"message_id":"aa2b15b3-e5f6-4424-bdd3-3445ef933b65","conversation_id":null,"itinerary":null} @ webpack-internal:///(app-pages-browser)/./lib/chat-transport.ts:103
[   98089ms] [LOG] [ChatTransport] Received WebSocket response: {"type":"delta","content":"出发","error":null,"message_id":"aa2b15b3-e5f6-4424-bdd3-3445ef933b65","conversation_id":null,"itinerary":null} @ webpack-internal:///(app-pages-browser)/./lib/chat-transport.ts:103
[   98090ms] [LOG] [ChatTransport] Received WebSocket response: {"type":"delta","content":"？\n\n","error":null,"message_id":"aa2b15b3-e5f6-4424-bdd3-3445ef933b65","conversation_id":null,"itinerary":null} @ webpack-internal:///(app-pages-browser)/./lib/chat-transport.ts:103
[   98162ms] [LOG] [ChatTransport] Received WebSocket response: {"type":"delta","content":"我先","error":null,"message_id":"aa2b15b3-e5f6-4424-bdd3-3445ef933b65","conversation_id":null,"itinerary":null} @ webpack-internal:///(app-pages-browser)/./lib/chat-transport.ts:103
[   98235ms] [LOG] [ChatTransport] Received WebSocket response: {"type":"delta","content":"为您","error":null,"message_id":"aa2b15b3-e5f6-4424-bdd3-3445ef933b65","conversation_id":null,"itinerary":null} @ webpack-internal:///(app-pages-browser)/./lib/chat-transport.ts:103
[   98342ms] [LOG] [ChatTransport] Received WebSocket response: {"type":"delta","content":"查询","error":null,"message_id":"aa2b15b3-e5f6-4424-bdd3-3445ef933b65","conversation_id":null,"itinerary":null} @ webpack-internal:///(app-pages-browser)/./lib/chat-transport.ts:103
[   98354ms] [LOG] [ChatTransport] Received WebSocket response: {"type":"delta","content":"一下","error":null,"message_id":"aa2b15b3-e5f6-4424-bdd3-3445ef933b65","conversation_id":null,"itinerary":null} @ webpack-internal:///(app-pages-browser)/./lib/chat-transport.ts:103
[   98587ms] [LOG] [ChatTransport] Received WebSocket response: {"type":"delta","content":"北京","error":null,"message_id":"aa2b15b3-e5f6-4424-bdd3-3445ef933b65","conversation_id":null,"itinerary":null} @ webpack-internal:///(app-pages-browser)/./lib/chat-transport.ts:103
[   98600ms] [LOG] [ChatTransport] Received WebSocket response: {"type":"delta","content":"近","error":null,"message_id":"aa2b15b3-e5f6-4424-bdd3-3445ef933b65","conversation_id":null,"itinerary":null} @ webpack-internal:///(app-pages-browser)/./lib/chat-transport.ts:103
[   98610ms] [LOG] [ChatTransport] Received WebSocket response: {"type":"delta","content":"期的","error":null,"message_id":"aa2b15b3-e5f6-4424-bdd3-3445ef933b65","conversation_id":null,"itinerary":null} @ webpack-internal:///(app-pages-browser)/./lib/chat-transport.ts:103
[   98610ms] [LOG] [ChatTransport] Received WebSocket response: {"type":"delta","content":"天气","error":null,"message_id":"aa2b15b3-e5f6-4424-bdd3-3445ef933b65","conversation_id":null,"itinerary":null} @ webpack-internal:///(app-pages-browser)/./lib/chat-transport.ts:103
[   98610ms] [LOG] [ChatTransport] Received WebSocket response: {"type":"delta","content":"情况","error":null,"message_id":"aa2b15b3-e5f6-4424-bdd3-3445ef933b65","conversation_id":null,"itinerary":null} @ webpack-internal:///(app-pages-browser)/./lib/chat-transport.ts:103
[   98611ms] [LOG] [ChatTransport] Received WebSocket response: {"type":"delta","content":"，","error":null,"message_id":"aa2b15b3-e5f6-4424-bdd3-3445ef933b65","conversation_id":null,"itinerary":null} @ webpack-internal:///(app-pages-browser)/./lib/chat-transport.ts:103
[   98630ms] [LOG] [ChatTransport] Received WebSocket response: {"type":"delta","content":"这对","error":null,"message_id":"aa2b15b3-e5f6-4424-bdd3-3445ef933b65","conversation_id":null,"itinerary":null} @ webpack-internal:///(app-pages-browser)/./lib/chat-transport.ts:103
[   98738ms] [LOG] [ChatTransport] Received WebSocket response: {"type":"delta","content":"行程","error":null,"message_id":"aa2b15b3-e5f6-4424-bdd3-3445ef933b65","conversation_id":null,"itinerary":null} @ webpack-internal:///(app-pages-browser)/./lib/chat-transport.ts:103
[   98782ms] [LOG] [ChatTransport] Received WebSocket response: {"type":"delta","content":"规划","error":null,"message_id":"aa2b15b3-e5f6-4424-bdd3-3445ef933b65","conversation_id":null,"itinerary":null} @ webpack-internal:///(app-pages-browser)/./lib/chat-transport.ts:103
[   98791ms] [LOG] [ChatTransport] Received WebSocket response: {"type":"delta","content":"很有","error":null,"message_id":"aa2b15b3-e5f6-4424-bdd3-3445ef933b65","conversation_id":null,"itinerary":null} @ webpack-internal:///(app-pages-browser)/./lib/chat-transport.ts:103
[   98858ms] [LOG] [ChatTransport] Received WebSocket response: {"type":"delta","content":"帮助","error":null,"message_id":"aa2b15b3-e5f6-4424-bdd3-3445ef933b65","conversation_id":null,"itinerary":null} @ webpack-internal:///(app-pages-browser)/./lib/chat-transport.ts:103
[   98867ms] [LOG] [ChatTransport] Received WebSocket response: {"type":"delta","content":"。\n\n","error":null,"message_id":"aa2b15b3-e5f6-4424-bdd3-3445ef933b65","conversation_id":null,"itinerary":null} @ webpack-internal:///(app-pages-browser)/./lib/chat-transport.ts:103
[   98980ms] [LOG] [ChatTransport] Received WebSocket response: {"type":"delta","content":"```","error":null,"message_id":"aa2b15b3-e5f6-4424-bdd3-3445ef933b65","conversation_id":null,"itinerary":null} @ webpack-internal:///(app-pages-browser)/./lib/chat-transport.ts:103
[   98989ms] [LOG] [ChatTransport] Received WebSocket response: {"type":"delta","content":"python","error":null,"message_id":"aa2b15b3-e5f6-4424-bdd3-3445ef933b65","conversation_id":null,"itinerary":null} @ webpack-internal:///(app-pages-browser)/./lib/chat-transport.ts:103
[   99016ms] [LOG] [ChatTransport] Received WebSocket response: {"type":"delta","content":"\n","error":null,"message_id":"aa2b15b3-e5f6-4424-bdd3-3445ef933b65","conversation_id":null,"itinerary":null} @ webpack-internal:///(app-pages-browser)/./lib/chat-transport.ts:103
[   99026ms] [LOG] [ChatTransport] Received WebSocket response: {"type":"delta","content":"weather","error":null,"message_id":"aa2b15b3-e5f6-4424-bdd3-3445ef933b65","conversation_id":null,"itinerary":null} @ webpack-internal:///(app-pages-browser)/./lib/chat-transport.ts:103
[   99121ms] [LOG] [ChatTransport] Received WebSocket response: {"type":"delta","content":"_info","error":null,"message_id":"aa2b15b3-e5f6-4424-bdd3-3445ef933b65","conversation_id":null,"itinerary":null} @ webpack-internal:///(app-pages-browser)/./lib/chat-transport.ts:103
[   99154ms] [LOG] [ChatTransport] Received WebSocket response: {"type":"delta","content":" =","error":null,"message_id":"aa2b15b3-e5f6-4424-bdd3-3445ef933b65","conversation_id":null,"itinerary":null} @ webpack-internal:///(app-pages-browser)/./lib/chat-transport.ts:103
[   99164ms] [LOG] [ChatTransport] Received WebSocket response: {"type":"delta","content":" get","error":null,"message_id":"aa2b15b3-e5f6-4424-bdd3-3445ef933b65","conversation_id":null,"itinerary":null} @ webpack-internal:///(app-pages-browser)/./lib/chat-transport.ts:103
[   99263ms] [LOG] [ChatTransport] Received WebSocket response: {"type":"delta","content":"_","error":null,"message_id":"aa2b15b3-e5f6-4424-bdd3-3445ef933b65","conversation_id":null,"itinerary":null} @ webpack-internal:///(app-pages-browser)/./lib/chat-transport.ts:103
[   99276ms] [LOG] [ChatTransport] Received WebSocket response: {"type":"delta","content":"weather","error":null,"message_id":"aa2b15b3-e5f6-4424-bdd3-3445ef933b65","conversation_id":null,"itinerary":null} @ webpack-internal:///(app-pages-browser)/./lib/chat-transport.ts:103
[   99311ms] [LOG] [ChatTransport] Received WebSocket response: {"type":"delta","content":"(\"","error":null,"message_id":"aa2b15b3-e5f6-4424-bdd3-3445ef933b65","conversation_id":null,"itinerary":null} @ webpack-internal:///(app-pages-browser)/./lib/chat-transport.ts:103
[   99326ms] [LOG] [ChatTransport] Received WebSocket response: {"type":"delta","content":"北京","error":null,"message_id":"aa2b15b3-e5f6-4424-bdd3-3445ef933b65","conversation_id":null,"itinerary":null} @ webpack-internal:///(app-pages-browser)/./lib/chat-transport.ts:103
[   99455ms] [LOG] [ChatTransport] Received WebSocket response: {"type":"delta","content":"\")\n","error":null,"message_id":"aa2b15b3-e5f6-4424-bdd3-3445ef933b65","conversation_id":null,"itinerary":null} @ webpack-internal:///(app-pages-browser)/./lib/chat-transport.ts:103
[   99468ms] [LOG] [ChatTransport] Received WebSocket response: {"type":"delta","content":"weather","error":null,"message_id":"aa2b15b3-e5f6-4424-bdd3-3445ef933b65","conversation_id":null,"itinerary":null} @ webpack-internal:///(app-pages-browser)/./lib/chat-transport.ts:103
[   99482ms] [LOG] [ChatTransport] Received WebSocket response: {"type":"delta","content":"_info","error":null,"message_id":"aa2b15b3-e5f6-4424-bdd3-3445ef933b65","conversation_id":null,"itinerary":null} @ webpack-internal:///(app-pages-browser)/./lib/chat-transport.ts:103
[   99483ms] [LOG] [ChatTransport] Received WebSocket response: {"type":"delta","content":"\n","error":null,"message_id":"aa2b15b3-e5f6-4424-bdd3-3445ef933b65","conversation_id":null,"itinerary":null} @ webpack-internal:///(app-pages-browser)/./lib/chat-transport.ts:103
[   99542ms] [LOG] [ChatTransport] Received WebSocket response: {"type":"delta","content":"```","error":null,"message_id":"aa2b15b3-e5f6-4424-bdd3-3445ef933b65","conversation_id":null,"itinerary":null} @ webpack-internal:///(app-pages-browser)/./lib/chat-transport.ts:103
[   99634ms] [LOG] [ChatTransport] Received WebSocket response: {"type":"done","content":"您好！很高兴为您提供北京旅行的帮助。北京作为中国的首都，拥有丰富的历史文化遗产和现代化的城市风貌。我可以帮您：\n\n1. **行程规划** - 根据您的旅行天数、兴趣偏好（历史、美食、购物等）和时间安排\n2. **景点推荐** - 故宫、天安门、长城、颐和园等经典景点，以及一些小众特色地点\n3. **实用信息** - 天气状况、交通方式、最佳游览时间等\n\n为了给您更精准的建议，请告诉我：\n- 您计划在北京停留几天？\n- 您对什么类型的景点或活动最感兴趣？（历史文化、美食体验、购物娱乐、自然风光等）\n- 您的旅行预算大概是多少？\n- 您计划什么时候出发？\n\n我先为您查询一下北京近期的天气情况，这对行程规划很有帮助。\n\n```python\nweather_info = get_weather(\"北京\")\nweather_info\n```","error":null,"message_id":"aa2b15b3-e5f6-4424-bdd3-3445ef933b65","conversation_id":"1d71be56-4bd0-43a3-b45d-19f5f6eb8b4f","itinerary":null} @ webpack-internal:///(app-pages-browser)/./lib/chat-transport.ts:103
[   99634ms] [LOG] [ChatTransport] Updated conversation_id: 1d71be56-4bd0-43a3-b45d-19f5f6eb8b4f @ webpack-internal:///(app-pages-browser)/./lib/chat-transport.ts:121
[  108763ms] [LOG] [ChatTransport] sendMessage called, content: 我计划去3天，对历史文化感兴趣 @ webpack-internal:///(app-pages-browser)/./lib/chat-transport.ts:81
[  108763ms] [LOG] [ChatTransport] isConnected: true ws.readyState: 1 @ webpack-internal:///(app-pages-browser)/./lib/chat-transport.ts:82
[  108763ms] [LOG] [ChatTransport] has_image: false @ webpack-internal:///(app-pages-browser)/./lib/chat-transport.ts:83
[  108763ms] [LOG] [ChatTransport] Sending WebSocket message: msg_1776336380954_sl7pcsd 我计划去3天，对历史文化感兴趣 @ webpack-internal:///(app-pages-browser)/./lib/chat-transport.ts:100
[  108764ms] [LOG] [ChatTransport] send() called, isConnected: true readyState: 1 @ webpack-internal:///(app-pages-browser)/./lib/chat-transport.ts:69
[  108764ms] [LOG] [ChatTransport] Sending WebSocket data: {"type":"message","session_id":"session_1776336312537_2uy8i5q","conversation_id":"1d71be56-4bd0-43a3-b45d-19f5f6eb8b4f","user_id":"f62f4ec5-1874-4821-97e9-b2c70b35805d","content":"我计划去3天，对历史文化感兴趣","has_image":false} @ webpack-internal:///(app-pages-browser)/./lib/chat-transport.ts:71
[  119303ms] [LOG] [ChatTransport] Received WebSocket response: {"type":"delta","content":"好的","error":null,"message_id":"33a05a89-e933-4b2a-9248-e1210640a9e0","conversation_id":null,"itinerary":null} @ webpack-internal:///(app-pages-browser)/./lib/chat-transport.ts:103
[  119429ms] [LOG] [ChatTransport] Received WebSocket response: {"type":"delta","content":"，","error":null,"message_id":"33a05a89-e933-4b2a-9248-e1210640a9e0","conversation_id":null,"itinerary":null} @ webpack-internal:///(app-pages-browser)/./lib/chat-transport.ts:103
[  119493ms] [LOG] [ChatTransport] Received WebSocket response: {"type":"delta","content":"您","error":null,"message_id":"33a05a89-e933-4b2a-9248-e1210640a9e0","conversation_id":null,"itinerary":null} @ webpack-internal:///(app-pages-browser)/./lib/chat-transport.ts:103
[  119553ms] [LOG] [ChatTransport] Received WebSocket response: {"type":"delta","content":"计划","error":null,"message_id":"33a05a89-e933-4b2a-9248-e1210640a9e0","conversation_id":null,"itinerary":null} @ webpack-internal:///(app-pages-browser)/./lib/chat-transport.ts:103
[  119561ms] [LOG] [ChatTransport] Received WebSocket response: {"type":"delta","content":"在北京","error":null,"message_id":"33a05a89-e933-4b2a-9248-e1210640a9e0","conversation_id":null,"itinerary":null} @ webpack-internal:///(app-pages-browser)/./lib/chat-transport.ts:103
[  119621ms] [LOG] [ChatTransport] Received WebSocket response: {"type":"delta","content":"进行","error":null,"message_id":"33a05a89-e933-4b2a-9248-e1210640a9e0","conversation_id":null,"itinerary":null} @ webpack-internal:///(app-pages-browser)/./lib/chat-transport.ts:103
[  119631ms] [LOG] [ChatTransport] Received WebSocket response: {"type":"delta","content":"3","error":null,"message_id":"33a05a89-e933-4b2a-9248-e1210640a9e0","conversation_id":null,"itinerary":null} @ webpack-internal:///(app-pages-browser)/./lib/chat-transport.ts:103
[  119725ms] [LOG] [ChatTransport] Received WebSocket response: {"type":"delta","content":"天的","error":null,"message_id":"33a05a89-e933-4b2a-9248-e1210640a9e0","conversation_id":null,"itinerary":null} @ webpack-internal:///(app-pages-browser)/./lib/chat-transport.ts:103
[  119735ms] [LOG] [ChatTransport] Received WebSocket response: {"type":"delta","content":"历史文化","error":null,"message_id":"33a05a89-e933-4b2a-9248-e1210640a9e0","conversation_id":null,"itinerary":null} @ webpack-internal:///(app-pages-browser)/./lib/chat-transport.ts:103
[  119742ms] [LOG] [ChatTransport] Received WebSocket response: {"type":"delta","content":"之旅","error":null,"message_id":"33a05a89-e933-4b2a-9248-e1210640a9e0","conversation_id":null,"itinerary":null} @ webpack-internal:///(app-pages-browser)/./lib/chat-transport.ts:103
[  119742ms] [LOG] [ChatTransport] Received WebSocket response: {"type":"delta","content":"，","error":null,"message_id":"33a05a89-e933-4b2a-9248-e1210640a9e0","conversation_id":null,"itinerary":null} @ webpack-internal:///(app-pages-browser)/./lib/chat-transport.ts:103
[  119815ms] [LOG] [ChatTransport] Received WebSocket response: {"type":"delta","content":"这是一个","error":null,"message_id":"33a05a89-e933-4b2a-9248-e1210640a9e0","conversation_id":null,"itinerary":null} @ webpack-internal:///(app-pages-browser)/./lib/chat-transport.ts:103
[  119824ms] [LOG] [ChatTransport] Received WebSocket response: {"type":"delta","content":"很好的","error":null,"message_id":"33a05a89-e933-4b2a-9248-e1210640a9e0","conversation_id":null,"itinerary":null} @ webpack-internal:///(app-pages-browser)/./lib/chat-transport.ts:103
[  119898ms] [LOG] [ChatTransport] Received WebSocket response: {"type":"delta","content":"选择","error":null,"message_id":"33a05a89-e933-4b2a-9248-e1210640a9e0","conversation_id":null,"itinerary":null} @ webpack-internal:///(app-pages-browser)/./lib/chat-transport.ts:103
[  119898ms] [LOG] [ChatTransport] Received WebSocket response: {"type":"delta","content":"！","error":null,"message_id":"33a05a89-e933-4b2a-9248-e1210640a9e0","conversation_id":null,"itinerary":null} @ webpack-internal:///(app-pages-browser)/./lib/chat-transport.ts:103
[  119976ms] [LOG] [ChatTransport] Received WebSocket response: {"type":"delta","content":"北京","error":null,"message_id":"33a05a89-e933-4b2a-9248-e1210640a9e0","conversation_id":null,"itinerary":null} @ webpack-internal:///(app-pages-browser)/./lib/chat-transport.ts:103
[  119981ms] [LOG] [ChatTransport] Received WebSocket response: {"type":"delta","content":"作为","error":null,"message_id":"33a05a89-e933-4b2a-9248-e1210640a9e0","conversation_id":null,"itinerary":null} @ webpack-internal:///(app-pages-browser)/./lib/chat-transport.ts:103
[  120036ms] [LOG] [ChatTransport] Received WebSocket response: {"type":"delta","content":"六","error":null,"message_id":"33a05a89-e933-4b2a-9248-e1210640a9e0","conversation_id":null,"itinerary":null} @ webpack-internal:///(app-pages-browser)/./lib/chat-transport.ts:103
[  120275ms] [LOG] [ChatTransport] Received WebSocket response: {"type":"delta","content":"朝","error":null,"message_id":"33a05a89-e933-4b2a-9248-e1210640a9e0","conversation_id":null,"itinerary":null} @ webpack-internal:///(app-pages-browser)/./lib/chat-transport.ts:103
[  120280ms] [LOG] [ChatTransport] Received WebSocket response: {"type":"delta","content":"古","error":null,"message_id":"33a05a89-e933-4b2a-9248-e1210640a9e0","conversation_id":null,"itinerary":null} @ webpack-internal:///(app-pages-browser)/./lib/chat-transport.ts:103
[  120286ms] [LOG] [ChatTransport] Received WebSocket response: {"type":"delta","content":"都","error":null,"message_id":"33a05a89-e933-4b2a-9248-e1210640a9e0","conversation_id":null,"itinerary":null} @ webpack-internal:///(app-pages-browser)/./lib/chat-transport.ts:103
[  120286ms] [LOG] [ChatTransport] Received WebSocket response: {"type":"delta","content":"，","error":null,"message_id":"33a05a89-e933-4b2a-9248-e1210640a9e0","conversation_id":null,"itinerary":null} @ webpack-internal:///(app-pages-browser)/./lib/chat-transport.ts:103
[  120287ms] [LOG] [ChatTransport] Received WebSocket response: {"type":"delta","content":"历史文化","error":null,"message_id":"33a05a89-e933-4b2a-9248-e1210640a9e0","conversation_id":null,"itinerary":null} @ webpack-internal:///(app-pages-browser)/./lib/chat-transport.ts:103
[  120287ms] [LOG] [ChatTransport] Received WebSocket response: {"type":"delta","content":"资源","error":null,"message_id":"33a05a89-e933-4b2a-9248-e1210640a9e0","conversation_id":null,"itinerary":null} @ webpack-internal:///(app-pages-browser)/./lib/chat-transport.ts:103
[  120342ms] [LOG] [ChatTransport] Received WebSocket response: {"type":"delta","content":"非常","error":null,"message_id":"33a05a89-e933-4b2a-9248-e1210640a9e0","conversation_id":null,"itinerary":null} @ webpack-internal:///(app-pages-browser)/./lib/chat-transport.ts:103
[  120347ms] [LOG] [ChatTransport] Received WebSocket response: {"type":"delta","content":"丰富","error":null,"message_id":"33a05a89-e933-4b2a-9248-e1210640a9e0","conversation_id":null,"itinerary":null} @ webpack-internal:///(app-pages-browser)/./lib/chat-transport.ts:103
[  120407ms] [LOG] [ChatTransport] Received WebSocket response: {"type":"delta","content":"。\n\n","error":null,"message_id":"33a05a89-e933-4b2a-9248-e1210640a9e0","conversation_id":null,"itinerary":null} @ webpack-internal:///(app-pages-browser)/./lib/chat-transport.ts:103
[  120412ms] [LOG] [ChatTransport] Received WebSocket response: {"type":"delta","content":"我先","error":null,"message_id":"33a05a89-e933-4b2a-9248-e1210640a9e0","conversation_id":null,"itinerary":null} @ webpack-internal:///(app-pages-browser)/./lib/chat-transport.ts:103
[  120478ms] [LOG] [ChatTransport] Received WebSocket response: {"type":"delta","content":"为您","error":null,"message_id":"33a05a89-e933-4b2a-9248-e1210640a9e0","conversation_id":null,"itinerary":null} @ webpack-internal:///(app-pages-browser)/./lib/chat-transport.ts:103
[  120484ms] [LOG] [ChatTransport] Received WebSocket response: {"type":"delta","content":"查询","error":null,"message_id":"33a05a89-e933-4b2a-9248-e1210640a9e0","conversation_id":null,"itinerary":null} @ webpack-internal:///(app-pages-browser)/./lib/chat-transport.ts:103
[  120534ms] [LOG] [ChatTransport] Received WebSocket response: {"type":"delta","content":"一下","error":null,"message_id":"33a05a89-e933-4b2a-9248-e1210640a9e0","conversation_id":null,"itinerary":null} @ webpack-internal:///(app-pages-browser)/./lib/chat-transport.ts:103
[  120544ms] [LOG] [ChatTransport] Received WebSocket response: {"type":"delta","content":"北京的","error":null,"message_id":"33a05a89-e933-4b2a-9248-e1210640a9e0","conversation_id":null,"itinerary":null} @ webpack-internal:///(app-pages-browser)/./lib/chat-transport.ts:103
[  120626ms] [LOG] [ChatTransport] Received WebSocket response: {"type":"delta","content":"天气","error":null,"message_id":"33a05a89-e933-4b2a-9248-e1210640a9e0","conversation_id":null,"itinerary":null} @ webpack-internal:///(app-pages-browser)/./lib/chat-transport.ts:103
[  120637ms] [LOG] [ChatTransport] Received WebSocket response: {"type":"delta","content":"情况","error":null,"message_id":"33a05a89-e933-4b2a-9248-e1210640a9e0","conversation_id":null,"itinerary":null} @ webpack-internal:///(app-pages-browser)/./lib/chat-transport.ts:103
[  120670ms] [LOG] [ChatTransport] Received WebSocket response: {"type":"delta","content":"，","error":null,"message_id":"33a05a89-e933-4b2a-9248-e1210640a9e0","conversation_id":null,"itinerary":null} @ webpack-internal:///(app-pages-browser)/./lib/chat-transport.ts:103
[  120670ms] [LOG] [ChatTransport] Received WebSocket response: {"type":"delta","content":"这对","error":null,"message_id":"33a05a89-e933-4b2a-9248-e1210640a9e0","conversation_id":null,"itinerary":null} @ webpack-internal:///(app-pages-browser)/./lib/chat-transport.ts:103
[  120821ms] [LOG] [ChatTransport] Received WebSocket response: {"type":"delta","content":"安排","error":null,"message_id":"33a05a89-e933-4b2a-9248-e1210640a9e0","conversation_id":null,"itinerary":null} @ webpack-internal:///(app-pages-browser)/./lib/chat-transport.ts:103
[  120933ms] [LOG] [ChatTransport] Received WebSocket response: {"type":"delta","content":"行程","error":null,"message_id":"33a05a89-e933-4b2a-9248-e1210640a9e0","conversation_id":null,"itinerary":null} @ webpack-internal:///(app-pages-browser)/./lib/chat-transport.ts:103
[  120945ms] [LOG] [ChatTransport] Received WebSocket response: {"type":"delta","content":"很重要","error":null,"message_id":"33a05a89-e933-4b2a-9248-e1210640a9e0","conversation_id":null,"itinerary":null} @ webpack-internal:///(app-pages-browser)/./lib/chat-transport.ts:103
[  120950ms] [LOG] [ChatTransport] Received WebSocket response: {"type":"delta","content":"。\n\n","error":null,"message_id":"33a05a89-e933-4b2a-9248-e1210640a9e0","conversation_id":null,"itinerary":null} @ webpack-internal:///(app-pages-browser)/./lib/chat-transport.ts:103
[  120950ms] [LOG] [ChatTransport] Received WebSocket response: {"type":"delta","content":"```","error":null,"message_id":"33a05a89-e933-4b2a-9248-e1210640a9e0","conversation_id":null,"itinerary":null} @ webpack-internal:///(app-pages-browser)/./lib/chat-transport.ts:103
[  120950ms] [LOG] [ChatTransport] Received WebSocket response: {"type":"delta","content":"python","error":null,"message_id":"33a05a89-e933-4b2a-9248-e1210640a9e0","conversation_id":null,"itinerary":null} @ webpack-internal:///(app-pages-browser)/./lib/chat-transport.ts:103
[  120950ms] [LOG] [ChatTransport] Received WebSocket response: {"type":"delta","content":"\n","error":null,"message_id":"33a05a89-e933-4b2a-9248-e1210640a9e0","conversation_id":null,"itinerary":null} @ webpack-internal:///(app-pages-browser)/./lib/chat-transport.ts:103
[  121022ms] [LOG] [ChatTransport] Received WebSocket response: {"type":"delta","content":"weather","error":null,"message_id":"33a05a89-e933-4b2a-9248-e1210640a9e0","conversation_id":null,"itinerary":null} @ webpack-internal:///(app-pages-browser)/./lib/chat-transport.ts:103
[  121029ms] [LOG] [ChatTransport] Received WebSocket response: {"type":"delta","content":"_info","error":null,"message_id":"33a05a89-e933-4b2a-9248-e1210640a9e0","conversation_id":null,"itinerary":null} @ webpack-internal:///(app-pages-browser)/./lib/chat-transport.ts:103
[  121071ms] [LOG] [ChatTransport] Received WebSocket response: {"type":"delta","content":" =","error":null,"message_id":"33a05a89-e933-4b2a-9248-e1210640a9e0","conversation_id":null,"itinerary":null} @ webpack-internal:///(app-pages-browser)/./lib/chat-transport.ts:103
[  121071ms] [LOG] [ChatTransport] Received WebSocket response: {"type":"delta","content":" get","error":null,"message_id":"33a05a89-e933-4b2a-9248-e1210640a9e0","conversation_id":null,"itinerary":null} @ webpack-internal:///(app-pages-browser)/./lib/chat-transport.ts:103
[  121124ms] [LOG] [ChatTransport] Received WebSocket response: {"type":"delta","content":"_","error":null,"message_id":"33a05a89-e933-4b2a-9248-e1210640a9e0","conversation_id":null,"itinerary":null} @ webpack-internal:///(app-pages-browser)/./lib/chat-transport.ts:103
[  121132ms] [LOG] [ChatTransport] Received WebSocket response: {"type":"delta","content":"weather","error":null,"message_id":"33a05a89-e933-4b2a-9248-e1210640a9e0","conversation_id":null,"itinerary":null} @ webpack-internal:///(app-pages-browser)/./lib/chat-transport.ts:103
[  121208ms] [LOG] [ChatTransport] Received WebSocket response: {"type":"delta","content":"(\"","error":null,"message_id":"33a05a89-e933-4b2a-9248-e1210640a9e0","conversation_id":null,"itinerary":null} @ webpack-internal:///(app-pages-browser)/./lib/chat-transport.ts:103
[  121219ms] [LOG] [ChatTransport] Received WebSocket response: {"type":"delta","content":"北京","error":null,"message_id":"33a05a89-e933-4b2a-9248-e1210640a9e0","conversation_id":null,"itinerary":null} @ webpack-internal:///(app-pages-browser)/./lib/chat-transport.ts:103
[  121271ms] [LOG] [ChatTransport] Received WebSocket response: {"type":"delta","content":"\")\n","error":null,"message_id":"33a05a89-e933-4b2a-9248-e1210640a9e0","conversation_id":null,"itinerary":null} @ webpack-internal:///(app-pages-browser)/./lib/chat-transport.ts:103
[  121280ms] [LOG] [ChatTransport] Received WebSocket response: {"type":"delta","content":"weather","error":null,"message_id":"33a05a89-e933-4b2a-9248-e1210640a9e0","conversation_id":null,"itinerary":null} @ webpack-internal:///(app-pages-browser)/./lib/chat-transport.ts:103
[  121455ms] [LOG] [ChatTransport] Received WebSocket response: {"type":"delta","content":"_info","error":null,"message_id":"33a05a89-e933-4b2a-9248-e1210640a9e0","conversation_id":null,"itinerary":null} @ webpack-internal:///(app-pages-browser)/./lib/chat-transport.ts:103
[  121461ms] [LOG] [ChatTransport] Received WebSocket response: {"type":"delta","content":"\n","error":null,"message_id":"33a05a89-e933-4b2a-9248-e1210640a9e0","conversation_id":null,"itinerary":null} @ webpack-internal:///(app-pages-browser)/./lib/chat-transport.ts:103
[  121467ms] [LOG] [ChatTransport] Received WebSocket response: {"type":"delta","content":"```","error":null,"message_id":"33a05a89-e933-4b2a-9248-e1210640a9e0","conversation_id":null,"itinerary":null} @ webpack-internal:///(app-pages-browser)/./lib/chat-transport.ts:103
[  121473ms] [LOG] [ChatTransport] Received WebSocket response: {"type":"done","content":"好的，您计划在北京进行3天的历史文化之旅，这是一个很好的选择！北京作为六朝古都，历史文化资源非常丰富。\n\n我先为您查询一下北京的天气情况，这对安排行程很重要。\n\n```python\nweather_info = get_weather(\"北京\")\nweather_info\n```","error":null,"message_id":"33a05a89-e933-4b2a-9248-e1210640a9e0","conversation_id":"1d71be56-4bd0-43a3-b45d-19f5f6eb8b4f","itinerary":null} @ webpack-internal:///(app-pages-browser)/./lib/chat-transport.ts:103
[  121473ms] [LOG] [ChatTransport] Updated conversation_id: 1d71be56-4bd0-43a3-b45d-19f5f6eb8b4f @ webpack-internal:///(app-pages-browser)/./lib/chat-transport.ts:121
