[     505ms] [INFO] %cDownload the React DevTools for a better development experience: https://react.dev/link/react-devtools font-weight:bold @ webpack-internal:///(app-pages-browser)/./node_modules/next/dist/compiled/react-dom/cjs/react-dom-client.development.js:25630
[    1005ms] [LOG] [Auth] Synced user ID to userManager on init: f62f4ec5-1874-4821-97e9-b2c70b35805d @ webpack-internal:///(app-pages-browser)/./lib/store/auth-store.ts:59
[    1051ms] [LOG] [Chat] Store conversation changed: 63d28fe3-637f-488d-a2b9-df4f86be47e3 @ webpack-internal:///(app-pages-browser)/./app/chat/page.tsx:161
[    1055ms] [WARNING] WebSocket connection to 'ws://localhost:8000/ws/chat' failed: WebSocket is closed before the connection is established. @ webpack-internal:///(app-pages-browser)/./lib/chat-transport.ts:56
[    1060ms] [LOG] [Chat] Store conversation changed: 63d28fe3-637f-488d-a2b9-df4f86be47e3 @ webpack-internal:///(app-pages-browser)/./app/chat/page.tsx:161
[    1086ms] [ERROR] [ChatTransport] WebSocket error: Event @ webpack-internal:///(app-pages-browser)/./node_modules/next/dist/next-devtools/userspace/app/errors/intercept-console-error.js:56
[    1086ms] [ERROR] Event @ webpack-internal:///(app-pages-browser)/./node_modules/next/dist/next-devtools/userspace/app/errors/intercept-console-error.js:56
[    1086ms] [LOG] [ChatTransport] WebSocket disconnected 1006  @ webpack-internal:///(app-pages-browser)/./lib/chat-transport.ts:36
[    1086ms] [LOG] [ChatTransport] Reconnecting... (1/5) @ webpack-internal:///(app-pages-browser)/./lib/chat-transport.ts:41
[    1108ms] [LOG] [Chat] User initialized: f62f4ec5-1874-4821-97e9-b2c70b35805d @ webpack-internal:///(app-pages-browser)/./app/chat/page.tsx:54
[    1128ms] [LOG] [Chat] User ID set to transport: f62f4ec5-1874-4821-97e9-b2c70b35805d @ webpack-internal:///(app-pages-browser)/./app/chat/page.tsx:97
[    1128ms] [LOG] [Chat] User initialized: f62f4ec5-1874-4821-97e9-b2c70b35805d @ webpack-internal:///(app-pages-browser)/./app/chat/page.tsx:54
[    1382ms] [LOG] [ChatTransport] WebSocket connected @ webpack-internal:///(app-pages-browser)/./lib/chat-transport.ts:25
[    2400ms] [LOG] [ChatTransport] WebSocket connected @ webpack-internal:///(app-pages-browser)/./lib/chat-transport.ts:25
[  264826ms] [LOG] [ChatTransport] sendMessage called, content: 测试进度 @ webpack-internal:///(app-pages-browser)/./lib/chat-transport.ts:81
[  264826ms] [LOG] [ChatTransport] isConnected: true ws.readyState: 1 @ webpack-internal:///(app-pages-browser)/./lib/chat-transport.ts:82
[  264826ms] [LOG] [ChatTransport] has_image: false @ webpack-internal:///(app-pages-browser)/./lib/chat-transport.ts:83
[  264827ms] [LOG] [ChatTransport] Sending WebSocket message: msg_1776339857651_f021t0z 测试进度 @ webpack-internal:///(app-pages-browser)/./lib/chat-transport.ts:100
[  264827ms] [LOG] [ChatTransport] send() called, isConnected: true readyState: 1 @ webpack-internal:///(app-pages-browser)/./lib/chat-transport.ts:69
[  264827ms] [LOG] [ChatTransport] Sending WebSocket data: {"type":"message","session_id":"session_1776339593881_gixcovu","conversation_id":"63d28fe3-637f-488d-a2b9-df4f86be47e3","user_id":"f62f4ec5-1874-4821-97e9-b2c70b35805d","content":"测试进度","has_image":false} @ webpack-internal:///(app-pages-browser)/./lib/chat-transport.ts:71
[  324840ms] [WARNING] [Chat] Safety timeout triggered, resetting isLoading @ webpack-internal:///(app-pages-browser)/./app/chat/page.tsx:228
[  549047ms] [LOG] [ChatTransport] Received WebSocket response: {"type":"stage","content":null,"error":null,"message_id":"995d8ab8-04bb-4128-98a9-ec0790d13ac2","conversation_id":null,"itinerary":null,"stage":{"name":"1_INTENT","status":"start","label":"🔍 意图识别","message":"正在分析您的需求..."}} @ webpack-internal:///(app-pages-browser)/./lib/chat-transport.ts:103
[  549047ms] [LOG] [ChatTransport] Stage update: {name: 1_INTENT, status: start, label: 🔍 意图识别, message: 正在分析您的需求...} @ webpack-internal:///(app-pages-browser)/./lib/chat-transport.ts:113
[  559143ms] [LOG] [ChatTransport] Received WebSocket response: {"type":"stage","content":null,"error":null,"message_id":"995d8ab8-04bb-4128-98a9-ec0790d13ac2","conversation_id":null,"itinerary":null,"stage":{"name":"2_STORAGE","status":"start","label":"📚 加载历史","message":"正在加载对话历史..."}} @ webpack-internal:///(app-pages-browser)/./lib/chat-transport.ts:103
[  559143ms] [LOG] [ChatTransport] Stage update: {name: 2_STORAGE, status: start, label: 📚 加载历史, message: 正在加载对话历史...} @ webpack-internal:///(app-pages-browser)/./lib/chat-transport.ts:113
[  559166ms] [LOG] [ChatTransport] Received WebSocket response: {"type":"stage","content":null,"error":null,"message_id":"995d8ab8-04bb-4128-98a9-ec0790d13ac2","conversation_id":null,"itinerary":null,"stage":{"name":"3_CTX_CLEAN","status":"start","label":"🧹 上下文清理","message":"正在整理上下文信息..."}} @ webpack-internal:///(app-pages-browser)/./lib/chat-transport.ts:103
[  559167ms] [LOG] [ChatTransport] Stage update: {name: 3_CTX_CLEAN, status: start, label: 🧹 上下文清理, message: 正在整理上下文信息...} @ webpack-internal:///(app-pages-browser)/./lib/chat-transport.ts:113
[  559184ms] [LOG] [ChatTransport] Received WebSocket response: {"type":"stage","content":null,"error":null,"message_id":"995d8ab8-04bb-4128-98a9-ec0790d13ac2","conversation_id":null,"itinerary":null,"stage":{"name":"4_TOOLS","status":"start","label":"🔧 工具调用","message":"正在获取实时数据..."}} @ webpack-internal:///(app-pages-browser)/./lib/chat-transport.ts:103
[  559185ms] [LOG] [ChatTransport] Stage update: {name: 4_TOOLS, status: start, label: 🔧 工具调用, message: 正在获取实时数据...} @ webpack-internal:///(app-pages-browser)/./lib/chat-transport.ts:113
[  559185ms] [LOG] [ChatTransport] Received WebSocket response: {"type":"stage","content":null,"error":null,"message_id":"995d8ab8-04bb-4128-98a9-ec0790d13ac2","conversation_id":null,"itinerary":null,"stage":{"name":"5_CONTEXT","status":"start","label":"🔗 整合信息","message":"正在整合相关信息..."}} @ webpack-internal:///(app-pages-browser)/./lib/chat-transport.ts:103
[  559185ms] [LOG] [ChatTransport] Stage update: {name: 5_CONTEXT, status: start, label: 🔗 整合信息, message: 正在整合相关信息...} @ webpack-internal:///(app-pages-browser)/./lib/chat-transport.ts:113
[  559185ms] [LOG] [ChatTransport] Received WebSocket response: {"type":"stage","content":null,"error":null,"message_id":"995d8ab8-04bb-4128-98a9-ec0790d13ac2","conversation_id":null,"itinerary":null,"stage":{"name":"6_LLM","status":"start","label":"✨ 生成回复","message":"正在生成回复内容..."}} @ webpack-internal:///(app-pages-browser)/./lib/chat-transport.ts:103
[  559185ms] [LOG] [ChatTransport] Stage update: {name: 6_LLM, status: start, label: ✨ 生成回复, message: 正在生成回复内容...} @ webpack-internal:///(app-pages-browser)/./lib/chat-transport.ts:113
[  683183ms] [LOG] [ChatTransport] Received WebSocket response: {"type":"stage","content":null,"error":null,"message_id":"995d8ab8-04bb-4128-98a9-ec0790d13ac2","conversation_id":null,"itinerary":null,"stage":{"name":"1_INTENT","status":"start","label":"🔍 意图识别","message":"正在分析您的需求..."}} @ webpack-internal:///(app-pages-browser)/./lib/chat-transport.ts:103
[  683183ms] [LOG] [ChatTransport] Stage update: {name: 1_INTENT, status: start, label: 🔍 意图识别, message: 正在分析您的需求...} @ webpack-internal:///(app-pages-browser)/./lib/chat-transport.ts:113
[  683219ms] [LOG] [ChatTransport] Received WebSocket response: {"type":"stage","content":null,"error":null,"message_id":"995d8ab8-04bb-4128-98a9-ec0790d13ac2","conversation_id":null,"itinerary":null,"stage":{"name":"2_STORAGE","status":"start","label":"📚 加载历史","message":"正在加载对话历史..."}} @ webpack-internal:///(app-pages-browser)/./lib/chat-transport.ts:103
[  683220ms] [LOG] [ChatTransport] Stage update: {name: 2_STORAGE, status: start, label: 📚 加载历史, message: 正在加载对话历史...} @ webpack-internal:///(app-pages-browser)/./lib/chat-transport.ts:113
[  683238ms] [LOG] [ChatTransport] Received WebSocket response: {"type":"stage","content":null,"error":null,"message_id":"995d8ab8-04bb-4128-98a9-ec0790d13ac2","conversation_id":null,"itinerary":null,"stage":{"name":"3_CTX_CLEAN","status":"start","label":"🧹 上下文清理","message":"正在整理上下文信息..."}} @ webpack-internal:///(app-pages-browser)/./lib/chat-transport.ts:103
[  683238ms] [LOG] [ChatTransport] Stage update: {name: 3_CTX_CLEAN, status: start, label: 🧹 上下文清理, message: 正在整理上下文信息...} @ webpack-internal:///(app-pages-browser)/./lib/chat-transport.ts:113
[  683239ms] [LOG] [ChatTransport] Received WebSocket response: {"type":"stage","content":null,"error":null,"message_id":"995d8ab8-04bb-4128-98a9-ec0790d13ac2","conversation_id":null,"itinerary":null,"stage":{"name":"4_TOOLS","status":"start","label":"🔧 工具调用","message":"正在获取实时数据..."}} @ webpack-internal:///(app-pages-browser)/./lib/chat-transport.ts:103
[  683239ms] [LOG] [ChatTransport] Stage update: {name: 4_TOOLS, status: start, label: 🔧 工具调用, message: 正在获取实时数据...} @ webpack-internal:///(app-pages-browser)/./lib/chat-transport.ts:113
[  683239ms] [LOG] [ChatTransport] Received WebSocket response: {"type":"stage","content":null,"error":null,"message_id":"995d8ab8-04bb-4128-98a9-ec0790d13ac2","conversation_id":null,"itinerary":null,"stage":{"name":"5_CONTEXT","status":"start","label":"🔗 整合信息","message":"正在整合相关信息..."}} @ webpack-internal:///(app-pages-browser)/./lib/chat-transport.ts:103
[  683239ms] [LOG] [ChatTransport] Stage update: {name: 5_CONTEXT, status: start, label: 🔗 整合信息, message: 正在整合相关信息...} @ webpack-internal:///(app-pages-browser)/./lib/chat-transport.ts:113
[  683239ms] [LOG] [ChatTransport] Received WebSocket response: {"type":"stage","content":null,"error":null,"message_id":"995d8ab8-04bb-4128-98a9-ec0790d13ac2","conversation_id":null,"itinerary":null,"stage":{"name":"6_LLM","status":"start","label":"✨ 生成回复","message":"正在生成回复内容..."}} @ webpack-internal:///(app-pages-browser)/./lib/chat-transport.ts:103
[  683239ms] [LOG] [ChatTransport] Stage update: {name: 6_LLM, status: start, label: ✨ 生成回复, message: 正在生成回复内容...} @ webpack-internal:///(app-pages-browser)/./lib/chat-transport.ts:113
[  866241ms] [LOG] [ChatTransport] Received WebSocket response: {"type":"delta","content":"服务暂时不可用，请稍后再试。","error":null,"message_id":"995d8ab8-04bb-4128-98a9-ec0790d13ac2","conversation_id":null,"itinerary":null,"stage":null} @ webpack-internal:///(app-pages-browser)/./lib/chat-transport.ts:103
[  866241ms] [LOG] [ChatTransport] Received WebSocket response: {"type":"done","content":"服务暂时不可用，请稍后再试。","error":null,"message_id":"995d8ab8-04bb-4128-98a9-ec0790d13ac2","conversation_id":"63d28fe3-637f-488d-a2b9-df4f86be47e3","itinerary":null,"stage":null} @ webpack-internal:///(app-pages-browser)/./lib/chat-transport.ts:103
[  866242ms] [LOG] [ChatTransport] Updated conversation_id: 63d28fe3-637f-488d-a2b9-df4f86be47e3 @ webpack-internal:///(app-pages-browser)/./lib/chat-transport.ts:126
