[     563ms] [INFO] %cDownload the React DevTools for a better development experience: https://react.dev/link/react-devtools font-weight:bold @ webpack-internal:///(app-pages-browser)/./node_modules/next/dist/compiled/react-dom/cjs/react-dom-client.development.js:25630
[    1128ms] [LOG] [Auth] Synced user ID to userManager on init: f62f4ec5-1874-4821-97e9-b2c70b35805d @ webpack-internal:///(app-pages-browser)/./lib/store/auth-store.ts:59
[    1178ms] [LOG] [Chat] Store conversation changed: 63d28fe3-637f-488d-a2b9-df4f86be47e3 @ webpack-internal:///(app-pages-browser)/./app/chat/page.tsx:161
[    1180ms] [WARNING] WebSocket connection to 'ws://localhost:8000/ws/chat' failed: WebSocket is closed before the connection is established. @ webpack-internal:///(app-pages-browser)/./lib/chat-transport.ts:56
[    1184ms] [LOG] [Chat] Store conversation changed: 63d28fe3-637f-488d-a2b9-df4f86be47e3 @ webpack-internal:///(app-pages-browser)/./app/chat/page.tsx:161
[    1201ms] [ERROR] [ChatTransport] WebSocket error: Event @ webpack-internal:///(app-pages-browser)/./node_modules/next/dist/next-devtools/userspace/app/errors/intercept-console-error.js:56
[    1202ms] [ERROR] Event @ webpack-internal:///(app-pages-browser)/./node_modules/next/dist/next-devtools/userspace/app/errors/intercept-console-error.js:56
[    1202ms] [LOG] [ChatTransport] WebSocket disconnected 1006  @ webpack-internal:///(app-pages-browser)/./lib/chat-transport.ts:36
[    1202ms] [LOG] [ChatTransport] Reconnecting... (1/5) @ webpack-internal:///(app-pages-browser)/./lib/chat-transport.ts:41
[    1234ms] [LOG] [Chat] User initialized: f62f4ec5-1874-4821-97e9-b2c70b35805d @ webpack-internal:///(app-pages-browser)/./app/chat/page.tsx:54
[    1257ms] [LOG] [Chat] User ID set to transport: f62f4ec5-1874-4821-97e9-b2c70b35805d @ webpack-internal:///(app-pages-browser)/./app/chat/page.tsx:97
[    1258ms] [LOG] [Chat] User initialized: f62f4ec5-1874-4821-97e9-b2c70b35805d @ webpack-internal:///(app-pages-browser)/./app/chat/page.tsx:54
[    1499ms] [LOG] [ChatTransport] WebSocket connected @ webpack-internal:///(app-pages-browser)/./lib/chat-transport.ts:25
[    2529ms] [LOG] [ChatTransport] WebSocket connected @ webpack-internal:///(app-pages-browser)/./lib/chat-transport.ts:25
[   10569ms] [LOG] [ChatTransport] sendMessage called, content: 测试消息 @ webpack-internal:///(app-pages-browser)/./lib/chat-transport.ts:81
[   10569ms] [LOG] [ChatTransport] isConnected: true ws.readyState: 1 @ webpack-internal:///(app-pages-browser)/./lib/chat-transport.ts:82
[   10569ms] [LOG] [ChatTransport] has_image: false @ webpack-internal:///(app-pages-browser)/./lib/chat-transport.ts:83
[   10570ms] [LOG] [ChatTransport] Sending WebSocket message: msg_1776339330394_6q0cdmt 测试消息 @ webpack-internal:///(app-pages-browser)/./lib/chat-transport.ts:100
[   10570ms] [LOG] [ChatTransport] send() called, isConnected: true readyState: 1 @ webpack-internal:///(app-pages-browser)/./lib/chat-transport.ts:69
[   10570ms] [LOG] [ChatTransport] Sending WebSocket data: {"type":"message","session_id":"session_1776339321007_nob8qql","conversation_id":"63d28fe3-637f-488d-a2b9-df4f86be47e3","user_id":"f62f4ec5-1874-4821-97e9-b2c70b35805d","content":"测试消息","has_image":false} @ webpack-internal:///(app-pages-browser)/./lib/chat-transport.ts:71
[   15365ms] [LOG] [ChatTransport] Received WebSocket response: {"type":"delta","content":"我","error":null,"message_id":"0e7f25bc-6215-4da8-8bf0-3f80a8fef6b8","conversation_id":null,"itinerary":null} @ webpack-internal:///(app-pages-browser)/./lib/chat-transport.ts:103
[   15628ms] [LOG] [ChatTransport] Received WebSocket response: {"type":"delta","content":"注意到","error":null,"message_id":"0e7f25bc-6215-4da8-8bf0-3f80a8fef6b8","conversation_id":null,"itinerary":null} @ webpack-internal:///(app-pages-browser)/./lib/chat-transport.ts:103
[   15821ms] [LOG] [ChatTransport] Received WebSocket response: {"type":"delta","content":"您","error":null,"message_id":"0e7f25bc-6215-4da8-8bf0-3f80a8fef6b8","conversation_id":null,"itinerary":null} @ webpack-internal:///(app-pages-browser)/./lib/chat-transport.ts:103
[   15821ms] [LOG] [ChatTransport] Received WebSocket response: {"type":"delta","content":"输入","error":null,"message_id":"0e7f25bc-6215-4da8-8bf0-3f80a8fef6b8","conversation_id":null,"itinerary":null} @ webpack-internal:///(app-pages-browser)/./lib/chat-transport.ts:103
[   15844ms] [LOG] [ChatTransport] Received WebSocket response: {"type":"delta","content":"了","error":null,"message_id":"0e7f25bc-6215-4da8-8bf0-3f80a8fef6b8","conversation_id":null,"itinerary":null} @ webpack-internal:///(app-pages-browser)/./lib/chat-transport.ts:103
[   15846ms] [LOG] [ChatTransport] Received WebSocket response: {"type":"delta","content":"“","error":null,"message_id":"0e7f25bc-6215-4da8-8bf0-3f80a8fef6b8","conversation_id":null,"itinerary":null} @ webpack-internal:///(app-pages-browser)/./lib/chat-transport.ts:103
[   15847ms] [LOG] [ChatTransport] Received WebSocket response: {"type":"delta","content":"测试","error":null,"message_id":"0e7f25bc-6215-4da8-8bf0-3f80a8fef6b8","conversation_id":null,"itinerary":null} @ webpack-internal:///(app-pages-browser)/./lib/chat-transport.ts:103
[   15848ms] [LOG] [ChatTransport] Received WebSocket response: {"type":"delta","content":"消息","error":null,"message_id":"0e7f25bc-6215-4da8-8bf0-3f80a8fef6b8","conversation_id":null,"itinerary":null} @ webpack-internal:///(app-pages-browser)/./lib/chat-transport.ts:103
[   15869ms] [LOG] [ChatTransport] Received WebSocket response: {"type":"delta","content":"”，","error":null,"message_id":"0e7f25bc-6215-4da8-8bf0-3f80a8fef6b8","conversation_id":null,"itinerary":null} @ webpack-internal:///(app-pages-browser)/./lib/chat-transport.ts:103
[   15891ms] [LOG] [ChatTransport] Received WebSocket response: {"type":"delta","content":"但","error":null,"message_id":"0e7f25bc-6215-4da8-8bf0-3f80a8fef6b8","conversation_id":null,"itinerary":null} @ webpack-internal:///(app-pages-browser)/./lib/chat-transport.ts:103
[   15925ms] [LOG] [ChatTransport] Received WebSocket response: {"type":"delta","content":"同时也","error":null,"message_id":"0e7f25bc-6215-4da8-8bf0-3f80a8fef6b8","conversation_id":null,"itinerary":null} @ webpack-internal:///(app-pages-browser)/./lib/chat-transport.ts:103
[   15988ms] [LOG] [ChatTransport] Received WebSocket response: {"type":"delta","content":"提供了","error":null,"message_id":"0e7f25bc-6215-4da8-8bf0-3f80a8fef6b8","conversation_id":null,"itinerary":null} @ webpack-internal:///(app-pages-browser)/./lib/chat-transport.ts:103
[   16057ms] [LOG] [ChatTransport] Received WebSocket response: {"type":"delta","content":"**","error":null,"message_id":"0e7f25bc-6215-4da8-8bf0-3f80a8fef6b8","conversation_id":null,"itinerary":null} @ webpack-internal:///(app-pages-browser)/./lib/chat-transport.ts:103
[   16121ms] [LOG] [ChatTransport] Received WebSocket response: {"type":"delta","content":"目的地","error":null,"message_id":"0e7f25bc-6215-4da8-8bf0-3f80a8fef6b8","conversation_id":null,"itinerary":null} @ webpack-internal:///(app-pages-browser)/./lib/chat-transport.ts:103
[   16139ms] [LOG] [ChatTransport] Received WebSocket response: {"type":"delta","content":"**","error":null,"message_id":"0e7f25bc-6215-4da8-8bf0-3f80a8fef6b8","conversation_id":null,"itinerary":null} @ webpack-internal:///(app-pages-browser)/./lib/chat-transport.ts:103
[   16176ms] [LOG] [ChatTransport] Received WebSocket response: {"type":"delta","content":"和","error":null,"message_id":"0e7f25bc-6215-4da8-8bf0-3f80a8fef6b8","conversation_id":null,"itinerary":null} @ webpack-internal:///(app-pages-browser)/./lib/chat-transport.ts:103
[   16198ms] [LOG] [ChatTransport] Received WebSocket response: {"type":"delta","content":"**","error":null,"message_id":"0e7f25bc-6215-4da8-8bf0-3f80a8fef6b8","conversation_id":null,"itinerary":null} @ webpack-internal:///(app-pages-browser)/./lib/chat-transport.ts:103
[   16231ms] [LOG] [ChatTransport] Received WebSocket response: {"type":"delta","content":"行程","error":null,"message_id":"0e7f25bc-6215-4da8-8bf0-3f80a8fef6b8","conversation_id":null,"itinerary":null} @ webpack-internal:///(app-pages-browser)/./lib/chat-transport.ts:103
[   16253ms] [LOG] [ChatTransport] Received WebSocket response: {"type":"delta","content":"时长","error":null,"message_id":"0e7f25bc-6215-4da8-8bf0-3f80a8fef6b8","conversation_id":null,"itinerary":null} @ webpack-internal:///(app-pages-browser)/./lib/chat-transport.ts:103
[   16360ms] [LOG] [ChatTransport] Received WebSocket response: {"type":"delta","content":"**","error":null,"message_id":"0e7f25bc-6215-4da8-8bf0-3f80a8fef6b8","conversation_id":null,"itinerary":null} @ webpack-internal:///(app-pages-browser)/./lib/chat-transport.ts:103
[   16360ms] [LOG] [ChatTransport] Received WebSocket response: {"type":"delta","content":"的信息","error":null,"message_id":"0e7f25bc-6215-4da8-8bf0-3f80a8fef6b8","conversation_id":null,"itinerary":null} @ webpack-internal:///(app-pages-browser)/./lib/chat-transport.ts:103
[   16378ms] [LOG] [ChatTransport] Received WebSocket response: {"type":"delta","content":"。\n\n","error":null,"message_id":"0e7f25bc-6215-4da8-8bf0-3f80a8fef6b8","conversation_id":null,"itinerary":null} @ webpack-internal:///(app-pages-browser)/./lib/chat-transport.ts:103
[   16378ms] [LOG] [ChatTransport] Received WebSocket response: {"type":"delta","content":"让我","error":null,"message_id":"0e7f25bc-6215-4da8-8bf0-3f80a8fef6b8","conversation_id":null,"itinerary":null} @ webpack-internal:///(app-pages-browser)/./lib/chat-transport.ts:103
[   16413ms] [LOG] [ChatTransport] Received WebSocket response: {"type":"delta","content":"确认","error":null,"message_id":"0e7f25bc-6215-4da8-8bf0-3f80a8fef6b8","conversation_id":null,"itinerary":null} @ webpack-internal:///(app-pages-browser)/./lib/chat-transport.ts:103
[   16487ms] [LOG] [ChatTransport] Received WebSocket response: {"type":"delta","content":"一下","error":null,"message_id":"0e7f25bc-6215-4da8-8bf0-3f80a8fef6b8","conversation_id":null,"itinerary":null} @ webpack-internal:///(app-pages-browser)/./lib/chat-transport.ts:103
[   16503ms] [LOG] [ChatTransport] Received WebSocket response: {"type":"delta","content":"您的","error":null,"message_id":"0e7f25bc-6215-4da8-8bf0-3f80a8fef6b8","conversation_id":null,"itinerary":null} @ webpack-internal:///(app-pages-browser)/./lib/chat-transport.ts:103
[   16551ms] [LOG] [ChatTransport] Received WebSocket response: {"type":"delta","content":"需求","error":null,"message_id":"0e7f25bc-6215-4da8-8bf0-3f80a8fef6b8","conversation_id":null,"itinerary":null} @ webpack-internal:///(app-pages-browser)/./lib/chat-transport.ts:103
[   16572ms] [LOG] [ChatTransport] Received WebSocket response: {"type":"delta","content":"：\n\n","error":null,"message_id":"0e7f25bc-6215-4da8-8bf0-3f80a8fef6b8","conversation_id":null,"itinerary":null} @ webpack-internal:///(app-pages-browser)/./lib/chat-transport.ts:103
[   16622ms] [LOG] [ChatTransport] Received WebSocket response: {"type":"delta","content":"##","error":null,"message_id":"0e7f25bc-6215-4da8-8bf0-3f80a8fef6b8","conversation_id":null,"itinerary":null} @ webpack-internal:///(app-pages-browser)/./lib/chat-transport.ts:103
[   16681ms] [LOG] [ChatTransport] Received WebSocket response: {"type":"delta","content":" 🤔","error":null,"message_id":"0e7f25bc-6215-4da8-8bf0-3f80a8fef6b8","conversation_id":null,"itinerary":null} @ webpack-internal:///(app-pages-browser)/./lib/chat-transport.ts:103
[   16693ms] [LOG] [ChatTransport] Received WebSocket response: {"type":"delta","content":" **","error":null,"message_id":"0e7f25bc-6215-4da8-8bf0-3f80a8fef6b8","conversation_id":null,"itinerary":null} @ webpack-internal:///(app-pages-browser)/./lib/chat-transport.ts:103
[   16728ms] [LOG] [ChatTransport] Received WebSocket response: {"type":"delta","content":"理解","error":null,"message_id":"0e7f25bc-6215-4da8-8bf0-3f80a8fef6b8","conversation_id":null,"itinerary":null} @ webpack-internal:///(app-pages-browser)/./lib/chat-transport.ts:103
[   16739ms] [LOG] [ChatTransport] Received WebSocket response: {"type":"delta","content":"您的","error":null,"message_id":"0e7f25bc-6215-4da8-8bf0-3f80a8fef6b8","conversation_id":null,"itinerary":null} @ webpack-internal:///(app-pages-browser)/./lib/chat-transport.ts:103
[   16792ms] [LOG] [ChatTransport] Received WebSocket response: {"type":"delta","content":"需求","error":null,"message_id":"0e7f25bc-6215-4da8-8bf0-3f80a8fef6b8","conversation_id":null,"itinerary":null} @ webpack-internal:///(app-pages-browser)/./lib/chat-transport.ts:103
[   16792ms] [LOG] [ChatTransport] Received WebSocket response: {"type":"delta","content":"**\n","error":null,"message_id":"0e7f25bc-6215-4da8-8bf0-3f80a8fef6b8","conversation_id":null,"itinerary":null} @ webpack-internal:///(app-pages-browser)/./lib/chat-transport.ts:103
[   16867ms] [LOG] [ChatTransport] Received WebSocket response: {"type":"delta","content":"从","error":null,"message_id":"0e7f25bc-6215-4da8-8bf0-3f80a8fef6b8","conversation_id":null,"itinerary":null} @ webpack-internal:///(app-pages-browser)/./lib/chat-transport.ts:103
[   16920ms] [LOG] [ChatTransport] Received WebSocket response: {"type":"delta","content":"您","error":null,"message_id":"0e7f25bc-6215-4da8-8bf0-3f80a8fef6b8","conversation_id":null,"itinerary":null} @ webpack-internal:///(app-pages-browser)/./lib/chat-transport.ts:103
[   16982ms] [LOG] [ChatTransport] Received WebSocket response: {"type":"delta","content":"提供","error":null,"message_id":"0e7f25bc-6215-4da8-8bf0-3f80a8fef6b8","conversation_id":null,"itinerary":null} @ webpack-internal:///(app-pages-browser)/./lib/chat-transport.ts:103
[   16996ms] [LOG] [ChatTransport] Received WebSocket response: {"type":"delta","content":"的信息","error":null,"message_id":"0e7f25bc-6215-4da8-8bf0-3f80a8fef6b8","conversation_id":null,"itinerary":null} @ webpack-internal:///(app-pages-browser)/./lib/chat-transport.ts:103
[   17055ms] [LOG] [ChatTransport] Received WebSocket response: {"type":"delta","content":"看","error":null,"message_id":"0e7f25bc-6215-4da8-8bf0-3f80a8fef6b8","conversation_id":null,"itinerary":null} @ webpack-internal:///(app-pages-browser)/./lib/chat-transport.ts:103
[   17067ms] [LOG] [ChatTransport] Received WebSocket response: {"type":"delta","content":"：\n","error":null,"message_id":"0e7f25bc-6215-4da8-8bf0-3f80a8fef6b8","conversation_id":null,"itinerary":null} @ webpack-internal:///(app-pages-browser)/./lib/chat-transport.ts:103
[   17102ms] [LOG] [ChatTransport] Received WebSocket response: {"type":"delta","content":"-","error":null,"message_id":"0e7f25bc-6215-4da8-8bf0-3f80a8fef6b8","conversation_id":null,"itinerary":null} @ webpack-internal:///(app-pages-browser)/./lib/chat-transport.ts:103
[   17114ms] [LOG] [ChatTransport] Received WebSocket response: {"type":"delta","content":" **","error":null,"message_id":"0e7f25bc-6215-4da8-8bf0-3f80a8fef6b8","conversation_id":null,"itinerary":null} @ webpack-internal:///(app-pages-browser)/./lib/chat-transport.ts:103
[   17162ms] [LOG] [ChatTransport] Received WebSocket response: {"type":"delta","content":"目的地","error":null,"message_id":"0e7f25bc-6215-4da8-8bf0-3f80a8fef6b8","conversation_id":null,"itinerary":null} @ webpack-internal:///(app-pages-browser)/./lib/chat-transport.ts:103
[   17175ms] [LOG] [ChatTransport] Received WebSocket response: {"type":"delta","content":"**","error":null,"message_id":"0e7f25bc-6215-4da8-8bf0-3f80a8fef6b8","conversation_id":null,"itinerary":null} @ webpack-internal:///(app-pages-browser)/./lib/chat-transport.ts:103
[   17316ms] [LOG] [ChatTransport] Received WebSocket response: {"type":"delta","content":"：","error":null,"message_id":"0e7f25bc-6215-4da8-8bf0-3f80a8fef6b8","conversation_id":null,"itinerary":null} @ webpack-internal:///(app-pages-browser)/./lib/chat-transport.ts:103
[   17320ms] [LOG] [ChatTransport] Received WebSocket response: {"type":"delta","content":"您","error":null,"message_id":"0e7f25bc-6215-4da8-8bf0-3f80a8fef6b8","conversation_id":null,"itinerary":null} @ webpack-internal:///(app-pages-browser)/./lib/chat-transport.ts:103
[   17323ms] [LOG] [ChatTransport] Received WebSocket response: {"type":"delta","content":"想","error":null,"message_id":"0e7f25bc-6215-4da8-8bf0-3f80a8fef6b8","conversation_id":null,"itinerary":null} @ webpack-internal:///(app-pages-browser)/./lib/chat-transport.ts:103
[   17323ms] [LOG] [ChatTransport] Received WebSocket response: {"type":"delta","content":"去的","error":null,"message_id":"0e7f25bc-6215-4da8-8bf0-3f80a8fef6b8","conversation_id":null,"itinerary":null} @ webpack-internal:///(app-pages-browser)/./lib/chat-transport.ts:103
[   17354ms] [LOG] [ChatTransport] Received WebSocket response: {"type":"delta","content":"城市","error":null,"message_id":"0e7f25bc-6215-4da8-8bf0-3f80a8fef6b8","conversation_id":null,"itinerary":null} @ webpack-internal:///(app-pages-browser)/./lib/chat-transport.ts:103
[   17398ms] [LOG] [ChatTransport] Received WebSocket response: {"type":"delta","content":"（","error":null,"message_id":"0e7f25bc-6215-4da8-8bf0-3f80a8fef6b8","conversation_id":null,"itinerary":null} @ webpack-internal:///(app-pages-browser)/./lib/chat-transport.ts:103
[   17415ms] [LOG] [ChatTransport] Received WebSocket response: {"type":"delta","content":"可能","error":null,"message_id":"0e7f25bc-6215-4da8-8bf0-3f80a8fef6b8","conversation_id":null,"itinerary":null} @ webpack-internal:///(app-pages-browser)/./lib/chat-transport.ts:103
[   17466ms] [LOG] [ChatTransport] Received WebSocket response: {"type":"delta","content":"还没","error":null,"message_id":"0e7f25bc-6215-4da8-8bf0-3f80a8fef6b8","conversation_id":null,"itinerary":null} @ webpack-internal:///(app-pages-browser)/./lib/chat-transport.ts:103
[   17522ms] [LOG] [ChatTransport] Received WebSocket response: {"type":"delta","content":"确定","error":null,"message_id":"0e7f25bc-6215-4da8-8bf0-3f80a8fef6b8","conversation_id":null,"itinerary":null} @ webpack-internal:///(app-pages-browser)/./lib/chat-transport.ts:103
[   17611ms] [LOG] [ChatTransport] Received WebSocket response: {"type":"delta","content":"）\n","error":null,"message_id":"0e7f25bc-6215-4da8-8bf0-3f80a8fef6b8","conversation_id":null,"itinerary":null} @ webpack-internal:///(app-pages-browser)/./lib/chat-transport.ts:103
[   17623ms] [LOG] [ChatTransport] Received WebSocket response: {"type":"delta","content":"-","error":null,"message_id":"0e7f25bc-6215-4da8-8bf0-3f80a8fef6b8","conversation_id":null,"itinerary":null} @ webpack-internal:///(app-pages-browser)/./lib/chat-transport.ts:103
[   17643ms] [LOG] [ChatTransport] Received WebSocket response: {"type":"delta","content":" **","error":null,"message_id":"0e7f25bc-6215-4da8-8bf0-3f80a8fef6b8","conversation_id":null,"itinerary":null} @ webpack-internal:///(app-pages-browser)/./lib/chat-transport.ts:103
[   17655ms] [LOG] [ChatTransport] Received WebSocket response: {"type":"delta","content":"行程","error":null,"message_id":"0e7f25bc-6215-4da8-8bf0-3f80a8fef6b8","conversation_id":null,"itinerary":null} @ webpack-internal:///(app-pages-browser)/./lib/chat-transport.ts:103
[   17708ms] [LOG] [ChatTransport] Received WebSocket response: {"type":"delta","content":"时长","error":null,"message_id":"0e7f25bc-6215-4da8-8bf0-3f80a8fef6b8","conversation_id":null,"itinerary":null} @ webpack-internal:///(app-pages-browser)/./lib/chat-transport.ts:103
[   17724ms] [LOG] [ChatTransport] Received WebSocket response: {"type":"delta","content":"**","error":null,"message_id":"0e7f25bc-6215-4da8-8bf0-3f80a8fef6b8","conversation_id":null,"itinerary":null} @ webpack-internal:///(app-pages-browser)/./lib/chat-transport.ts:103
[   17774ms] [LOG] [ChatTransport] Received WebSocket response: {"type":"delta","content":"：","error":null,"message_id":"0e7f25bc-6215-4da8-8bf0-3f80a8fef6b8","conversation_id":null,"itinerary":null} @ webpack-internal:///(app-pages-browser)/./lib/chat-transport.ts:103
[   17787ms] [LOG] [ChatTransport] Received WebSocket response: {"type":"delta","content":"3","error":null,"message_id":"0e7f25bc-6215-4da8-8bf0-3f80a8fef6b8","conversation_id":null,"itinerary":null} @ webpack-internal:///(app-pages-browser)/./lib/chat-transport.ts:103
[   17829ms] [LOG] [ChatTransport] Received WebSocket response: {"type":"delta","content":"天","error":null,"message_id":"0e7f25bc-6215-4da8-8bf0-3f80a8fef6b8","conversation_id":null,"itinerary":null} @ webpack-internal:///(app-pages-browser)/./lib/chat-transport.ts:103
[   17841ms] [LOG] [ChatTransport] Received WebSocket response: {"type":"delta","content":"\n\n","error":null,"message_id":"0e7f25bc-6215-4da8-8bf0-3f80a8fef6b8","conversation_id":null,"itinerary":null} @ webpack-internal:///(app-pages-browser)/./lib/chat-transport.ts:103
[   17909ms] [LOG] [ChatTransport] Received WebSocket response: {"type":"delta","content":"##","error":null,"message_id":"0e7f25bc-6215-4da8-8bf0-3f80a8fef6b8","conversation_id":null,"itinerary":null} @ webpack-internal:///(app-pages-browser)/./lib/chat-transport.ts:103
[   18013ms] [LOG] [ChatTransport] Received WebSocket response: {"type":"delta","content":" 🗺","error":null,"message_id":"0e7f25bc-6215-4da8-8bf0-3f80a8fef6b8","conversation_id":null,"itinerary":null} @ webpack-internal:///(app-pages-browser)/./lib/chat-transport.ts:103
[   18038ms] [LOG] [ChatTransport] Received WebSocket response: {"type":"delta","content":"️","error":null,"message_id":"0e7f25bc-6215-4da8-8bf0-3f80a8fef6b8","conversation_id":null,"itinerary":null} @ webpack-internal:///(app-pages-browser)/./lib/chat-transport.ts:103
[   18078ms] [LOG] [ChatTransport] Received WebSocket response: {"type":"delta","content":" **","error":null,"message_id":"0e7f25bc-6215-4da8-8bf0-3f80a8fef6b8","conversation_id":null,"itinerary":null} @ webpack-internal:///(app-pages-browser)/./lib/chat-transport.ts:103
[   18078ms] [LOG] [ChatTransport] Received WebSocket response: {"type":"delta","content":"需要","error":null,"message_id":"0e7f25bc-6215-4da8-8bf0-3f80a8fef6b8","conversation_id":null,"itinerary":null} @ webpack-internal:///(app-pages-browser)/./lib/chat-transport.ts:103
[   18157ms] [LOG] [ChatTransport] Received WebSocket response: {"type":"delta","content":"您","error":null,"message_id":"0e7f25bc-6215-4da8-8bf0-3f80a8fef6b8","conversation_id":null,"itinerary":null} @ webpack-internal:///(app-pages-browser)/./lib/chat-transport.ts:103
[   18157ms] [LOG] [ChatTransport] Received WebSocket response: {"type":"delta","content":"确认","error":null,"message_id":"0e7f25bc-6215-4da8-8bf0-3f80a8fef6b8","conversation_id":null,"itinerary":null} @ webpack-internal:///(app-pages-browser)/./lib/chat-transport.ts:103
[   18273ms] [LOG] [ChatTransport] Received WebSocket response: {"type":"delta","content":"的信息","error":null,"message_id":"0e7f25bc-6215-4da8-8bf0-3f80a8fef6b8","conversation_id":null,"itinerary":null} @ webpack-internal:///(app-pages-browser)/./lib/chat-transport.ts:103
[   18295ms] [LOG] [ChatTransport] Received WebSocket response: {"type":"delta","content":"**\n","error":null,"message_id":"0e7f25bc-6215-4da8-8bf0-3f80a8fef6b8","conversation_id":null,"itinerary":null} @ webpack-internal:///(app-pages-browser)/./lib/chat-transport.ts:103
[   18296ms] [LOG] [ChatTransport] Received WebSocket response: {"type":"delta","content":"为了","error":null,"message_id":"0e7f25bc-6215-4da8-8bf0-3f80a8fef6b8","conversation_id":null,"itinerary":null} @ webpack-internal:///(app-pages-browser)/./lib/chat-transport.ts:103
[   18296ms] [LOG] [ChatTransport] Received WebSocket response: {"type":"delta","content":"帮","error":null,"message_id":"0e7f25bc-6215-4da8-8bf0-3f80a8fef6b8","conversation_id":null,"itinerary":null} @ webpack-internal:///(app-pages-browser)/./lib/chat-transport.ts:103
[   18320ms] [LOG] [ChatTransport] Received WebSocket response: {"type":"delta","content":"您","error":null,"message_id":"0e7f25bc-6215-4da8-8bf0-3f80a8fef6b8","conversation_id":null,"itinerary":null} @ webpack-internal:///(app-pages-browser)/./lib/chat-transport.ts:103
[   18329ms] [LOG] [ChatTransport] Received WebSocket response: {"type":"delta","content":"规划","error":null,"message_id":"0e7f25bc-6215-4da8-8bf0-3f80a8fef6b8","conversation_id":null,"itinerary":null} @ webpack-internal:///(app-pages-browser)/./lib/chat-transport.ts:103
[   18398ms] [LOG] [ChatTransport] Received WebSocket response: {"type":"delta","content":"最","error":null,"message_id":"0e7f25bc-6215-4da8-8bf0-3f80a8fef6b8","conversation_id":null,"itinerary":null} @ webpack-internal:///(app-pages-browser)/./lib/chat-transport.ts:103
[   18515ms] [LOG] [ChatTransport] Received WebSocket response: {"type":"delta","content":"合适的","error":null,"message_id":"0e7f25bc-6215-4da8-8bf0-3f80a8fef6b8","conversation_id":null,"itinerary":null} @ webpack-internal:///(app-pages-browser)/./lib/chat-transport.ts:103
[   18528ms] [LOG] [ChatTransport] Received WebSocket response: {"type":"delta","content":"3","error":null,"message_id":"0e7f25bc-6215-4da8-8bf0-3f80a8fef6b8","conversation_id":null,"itinerary":null} @ webpack-internal:///(app-pages-browser)/./lib/chat-transport.ts:103
[   18529ms] [LOG] [ChatTransport] Received WebSocket response: {"type":"delta","content":"天","error":null,"message_id":"0e7f25bc-6215-4da8-8bf0-3f80a8fef6b8","conversation_id":null,"itinerary":null} @ webpack-internal:///(app-pages-browser)/./lib/chat-transport.ts:103
[   18529ms] [LOG] [ChatTransport] Received WebSocket response: {"type":"delta","content":"旅行","error":null,"message_id":"0e7f25bc-6215-4da8-8bf0-3f80a8fef6b8","conversation_id":null,"itinerary":null} @ webpack-internal:///(app-pages-browser)/./lib/chat-transport.ts:103
[   18560ms] [LOG] [ChatTransport] Received WebSocket response: {"type":"delta","content":"，","error":null,"message_id":"0e7f25bc-6215-4da8-8bf0-3f80a8fef6b8","conversation_id":null,"itinerary":null} @ webpack-internal:///(app-pages-browser)/./lib/chat-transport.ts:103
[   18632ms] [LOG] [ChatTransport] Received WebSocket response: {"type":"delta","content":"请","error":null,"message_id":"0e7f25bc-6215-4da8-8bf0-3f80a8fef6b8","conversation_id":null,"itinerary":null} @ webpack-internal:///(app-pages-browser)/./lib/chat-transport.ts:103
[   18632ms] [LOG] [ChatTransport] Received WebSocket response: {"type":"delta","content":"告诉我","error":null,"message_id":"0e7f25bc-6215-4da8-8bf0-3f80a8fef6b8","conversation_id":null,"itinerary":null} @ webpack-internal:///(app-pages-browser)/./lib/chat-transport.ts:103
[   18686ms] [LOG] [ChatTransport] Received WebSocket response: {"type":"delta","content":"：\n\n","error":null,"message_id":"0e7f25bc-6215-4da8-8bf0-3f80a8fef6b8","conversation_id":null,"itinerary":null} @ webpack-internal:///(app-pages-browser)/./lib/chat-transport.ts:103
[   18701ms] [LOG] [ChatTransport] Received WebSocket response: {"type":"delta","content":"1","error":null,"message_id":"0e7f25bc-6215-4da8-8bf0-3f80a8fef6b8","conversation_id":null,"itinerary":null} @ webpack-internal:///(app-pages-browser)/./lib/chat-transport.ts:103
[   18755ms] [LOG] [ChatTransport] Received WebSocket response: {"type":"delta","content":".","error":null,"message_id":"0e7f25bc-6215-4da8-8bf0-3f80a8fef6b8","conversation_id":null,"itinerary":null} @ webpack-internal:///(app-pages-browser)/./lib/chat-transport.ts:103
[   18756ms] [LOG] [ChatTransport] Received WebSocket response: {"type":"delta","content":" **","error":null,"message_id":"0e7f25bc-6215-4da8-8bf0-3f80a8fef6b8","conversation_id":null,"itinerary":null} @ webpack-internal:///(app-pages-browser)/./lib/chat-transport.ts:103
[   18805ms] [LOG] [ChatTransport] Received WebSocket response: {"type":"delta","content":"具体","error":null,"message_id":"0e7f25bc-6215-4da8-8bf0-3f80a8fef6b8","conversation_id":null,"itinerary":null} @ webpack-internal:///(app-pages-browser)/./lib/chat-transport.ts:103
[   18830ms] [LOG] [ChatTransport] Received WebSocket response: {"type":"delta","content":"目的地","error":null,"message_id":"0e7f25bc-6215-4da8-8bf0-3f80a8fef6b8","conversation_id":null,"itinerary":null} @ webpack-internal:///(app-pages-browser)/./lib/chat-transport.ts:103
[   18866ms] [LOG] [ChatTransport] Received WebSocket response: {"type":"delta","content":"**","error":null,"message_id":"0e7f25bc-6215-4da8-8bf0-3f80a8fef6b8","conversation_id":null,"itinerary":null} @ webpack-internal:///(app-pages-browser)/./lib/chat-transport.ts:103
[   18867ms] [LOG] [ChatTransport] Received WebSocket response: {"type":"delta","content":"：","error":null,"message_id":"0e7f25bc-6215-4da8-8bf0-3f80a8fef6b8","conversation_id":null,"itinerary":null} @ webpack-internal:///(app-pages-browser)/./lib/chat-transport.ts:103
[   19136ms] [LOG] [ChatTransport] Received WebSocket response: {"type":"delta","content":"您","error":null,"message_id":"0e7f25bc-6215-4da8-8bf0-3f80a8fef6b8","conversation_id":null,"itinerary":null} @ webpack-internal:///(app-pages-browser)/./lib/chat-transport.ts:103
[   19136ms] [LOG] [ChatTransport] Received WebSocket response: {"type":"delta","content":"想去","error":null,"message_id":"0e7f25bc-6215-4da8-8bf0-3f80a8fef6b8","conversation_id":null,"itinerary":null} @ webpack-internal:///(app-pages-browser)/./lib/chat-transport.ts:103
[   19154ms] [LOG] [ChatTransport] Received WebSocket response: {"type":"delta","content":"哪个","error":null,"message_id":"0e7f25bc-6215-4da8-8bf0-3f80a8fef6b8","conversation_id":null,"itinerary":null} @ webpack-internal:///(app-pages-browser)/./lib/chat-transport.ts:103
[   19154ms] [LOG] [ChatTransport] Received WebSocket response: {"type":"delta","content":"城市","error":null,"message_id":"0e7f25bc-6215-4da8-8bf0-3f80a8fef6b8","conversation_id":null,"itinerary":null} @ webpack-internal:///(app-pages-browser)/./lib/chat-transport.ts:103
[   19154ms] [LOG] [ChatTransport] Received WebSocket response: {"type":"delta","content":"？","error":null,"message_id":"0e7f25bc-6215-4da8-8bf0-3f80a8fef6b8","conversation_id":null,"itinerary":null} @ webpack-internal:///(app-pages-browser)/./lib/chat-transport.ts:103
[   19155ms] [LOG] [ChatTransport] Received WebSocket response: {"type":"delta","content":"比如","error":null,"message_id":"0e7f25bc-6215-4da8-8bf0-3f80a8fef6b8","conversation_id":null,"itinerary":null} @ webpack-internal:///(app-pages-browser)/./lib/chat-transport.ts:103
[   19155ms] [LOG] [ChatTransport] Received WebSocket response: {"type":"delta","content":"：\n","error":null,"message_id":"0e7f25bc-6215-4da8-8bf0-3f80a8fef6b8","conversation_id":null,"itinerary":null} @ webpack-internal:///(app-pages-browser)/./lib/chat-transport.ts:103
[   19155ms] [LOG] [ChatTransport] Received WebSocket response: {"type":"delta","content":"  ","error":null,"message_id":"0e7f25bc-6215-4da8-8bf0-3f80a8fef6b8","conversation_id":null,"itinerary":null} @ webpack-internal:///(app-pages-browser)/./lib/chat-transport.ts:103
[   19186ms] [LOG] [ChatTransport] Received WebSocket response: {"type":"delta","content":" -","error":null,"message_id":"0e7f25bc-6215-4da8-8bf0-3f80a8fef6b8","conversation_id":null,"itinerary":null} @ webpack-internal:///(app-pages-browser)/./lib/chat-transport.ts:103
[   19203ms] [LOG] [ChatTransport] Received WebSocket response: {"type":"delta","content":" ","error":null,"message_id":"0e7f25bc-6215-4da8-8bf0-3f80a8fef6b8","conversation_id":null,"itinerary":null} @ webpack-internal:///(app-pages-browser)/./lib/chat-transport.ts:103
[   19305ms] [LOG] [ChatTransport] Received WebSocket response: {"type":"delta","content":"北京","error":null,"message_id":"0e7f25bc-6215-4da8-8bf0-3f80a8fef6b8","conversation_id":null,"itinerary":null} @ webpack-internal:///(app-pages-browser)/./lib/chat-transport.ts:103
[   19329ms] [LOG] [ChatTransport] Received WebSocket response: {"type":"delta","content":"（","error":null,"message_id":"0e7f25bc-6215-4da8-8bf0-3f80a8fef6b8","conversation_id":null,"itinerary":null} @ webpack-internal:///(app-pages-browser)/./lib/chat-transport.ts:103
[   19351ms] [LOG] [ChatTransport] Received WebSocket response: {"type":"delta","content":"我们","error":null,"message_id":"0e7f25bc-6215-4da8-8bf0-3f80a8fef6b8","conversation_id":null,"itinerary":null} @ webpack-internal:///(app-pages-browser)/./lib/chat-transport.ts:103
[   19375ms] [LOG] [ChatTransport] Received WebSocket response: {"type":"delta","content":"刚才","error":null,"message_id":"0e7f25bc-6215-4da8-8bf0-3f80a8fef6b8","conversation_id":null,"itinerary":null} @ webpack-internal:///(app-pages-browser)/./lib/chat-transport.ts:103
[   19397ms] [LOG] [ChatTransport] Received WebSocket response: {"type":"delta","content":"聊","error":null,"message_id":"0e7f25bc-6215-4da8-8bf0-3f80a8fef6b8","conversation_id":null,"itinerary":null} @ webpack-internal:///(app-pages-browser)/./lib/chat-transport.ts:103
[   19446ms] [LOG] [ChatTransport] Received WebSocket response: {"type":"delta","content":"过","error":null,"message_id":"0e7f25bc-6215-4da8-8bf0-3f80a8fef6b8","conversation_id":null,"itinerary":null} @ webpack-internal:///(app-pages-browser)/./lib/chat-transport.ts:103
[   19639ms] [LOG] [ChatTransport] Received WebSocket response: {"type":"delta","content":"天气","error":null,"message_id":"0e7f25bc-6215-4da8-8bf0-3f80a8fef6b8","conversation_id":null,"itinerary":null} @ webpack-internal:///(app-pages-browser)/./lib/chat-transport.ts:103
[   19658ms] [LOG] [ChatTransport] Received WebSocket response: {"type":"delta","content":"）\n","error":null,"message_id":"0e7f25bc-6215-4da8-8bf0-3f80a8fef6b8","conversation_id":null,"itinerary":null} @ webpack-internal:///(app-pages-browser)/./lib/chat-transport.ts:103
[   19670ms] [LOG] [ChatTransport] Received WebSocket response: {"type":"delta","content":"  ","error":null,"message_id":"0e7f25bc-6215-4da8-8bf0-3f80a8fef6b8","conversation_id":null,"itinerary":null} @ webpack-internal:///(app-pages-browser)/./lib/chat-transport.ts:103
[   19670ms] [LOG] [ChatTransport] Received WebSocket response: {"type":"delta","content":" -","error":null,"message_id":"0e7f25bc-6215-4da8-8bf0-3f80a8fef6b8","conversation_id":null,"itinerary":null} @ webpack-internal:///(app-pages-browser)/./lib/chat-transport.ts:103
[   19670ms] [LOG] [ChatTransport] Received WebSocket response: {"type":"delta","content":" ","error":null,"message_id":"0e7f25bc-6215-4da8-8bf0-3f80a8fef6b8","conversation_id":null,"itinerary":null} @ webpack-internal:///(app-pages-browser)/./lib/chat-transport.ts:103
[   19670ms] [LOG] [ChatTransport] Received WebSocket response: {"type":"delta","content":"杭州","error":null,"message_id":"0e7f25bc-6215-4da8-8bf0-3f80a8fef6b8","conversation_id":null,"itinerary":null} @ webpack-internal:///(app-pages-browser)/./lib/chat-transport.ts:103
[   19686ms] [LOG] [ChatTransport] Received WebSocket response: {"type":"delta","content":"（","error":null,"message_id":"0e7f25bc-6215-4da8-8bf0-3f80a8fef6b8","conversation_id":null,"itinerary":null} @ webpack-internal:///(app-pages-browser)/./lib/chat-transport.ts:103
[   19699ms] [LOG] [ChatTransport] Received WebSocket response: {"type":"delta","content":"我们","error":null,"message_id":"0e7f25bc-6215-4da8-8bf0-3f80a8fef6b8","conversation_id":null,"itinerary":null} @ webpack-internal:///(app-pages-browser)/./lib/chat-transport.ts:103
[   19747ms] [LOG] [ChatTransport] Received WebSocket response: {"type":"delta","content":"之前","error":null,"message_id":"0e7f25bc-6215-4da8-8bf0-3f80a8fef6b8","conversation_id":null,"itinerary":null} @ webpack-internal:///(app-pages-browser)/./lib/chat-transport.ts:103
[   19759ms] [LOG] [ChatTransport] Received WebSocket response: {"type":"delta","content":"详细","error":null,"message_id":"0e7f25bc-6215-4da8-8bf0-3f80a8fef6b8","conversation_id":null,"itinerary":null} @ webpack-internal:///(app-pages-browser)/./lib/chat-transport.ts:103
[   19803ms] [LOG] [ChatTransport] Received WebSocket response: {"type":"delta","content":"规划","error":null,"message_id":"0e7f25bc-6215-4da8-8bf0-3f80a8fef6b8","conversation_id":null,"itinerary":null} @ webpack-internal:///(app-pages-browser)/./lib/chat-transport.ts:103
[   19818ms] [LOG] [ChatTransport] Received WebSocket response: {"type":"delta","content":"过","error":null,"message_id":"0e7f25bc-6215-4da8-8bf0-3f80a8fef6b8","conversation_id":null,"itinerary":null} @ webpack-internal:///(app-pages-browser)/./lib/chat-transport.ts:103
[   19868ms] [LOG] [ChatTransport] Received WebSocket response: {"type":"delta","content":"）\n","error":null,"message_id":"0e7f25bc-6215-4da8-8bf0-3f80a8fef6b8","conversation_id":null,"itinerary":null} @ webpack-internal:///(app-pages-browser)/./lib/chat-transport.ts:103
[   19869ms] [LOG] [ChatTransport] Received WebSocket response: {"type":"delta","content":"  ","error":null,"message_id":"0e7f25bc-6215-4da8-8bf0-3f80a8fef6b8","conversation_id":null,"itinerary":null} @ webpack-internal:///(app-pages-browser)/./lib/chat-transport.ts:103
[   19947ms] [LOG] [ChatTransport] Received WebSocket response: {"type":"delta","content":" -","error":null,"message_id":"0e7f25bc-6215-4da8-8bf0-3f80a8fef6b8","conversation_id":null,"itinerary":null} @ webpack-internal:///(app-pages-browser)/./lib/chat-transport.ts:103
[   19948ms] [LOG] [ChatTransport] Received WebSocket response: {"type":"delta","content":" ","error":null,"message_id":"0e7f25bc-6215-4da8-8bf0-3f80a8fef6b8","conversation_id":null,"itinerary":null} @ webpack-internal:///(app-pages-browser)/./lib/chat-transport.ts:103
[   19991ms] [LOG] [ChatTransport] Received WebSocket response: {"type":"delta","content":"上海","error":null,"message_id":"0e7f25bc-6215-4da8-8bf0-3f80a8fef6b8","conversation_id":null,"itinerary":null} @ webpack-internal:///(app-pages-browser)/./lib/chat-transport.ts:103
[   20009ms] [LOG] [ChatTransport] Received WebSocket response: {"type":"delta","content":"、","error":null,"message_id":"0e7f25bc-6215-4da8-8bf0-3f80a8fef6b8","conversation_id":null,"itinerary":null} @ webpack-internal:///(app-pages-browser)/./lib/chat-transport.ts:103
[   20191ms] [LOG] [ChatTransport] Received WebSocket response: {"type":"delta","content":"西安","error":null,"message_id":"0e7f25bc-6215-4da8-8bf0-3f80a8fef6b8","conversation_id":null,"itinerary":null} @ webpack-internal:///(app-pages-browser)/./lib/chat-transport.ts:103
[   20207ms] [LOG] [ChatTransport] Received WebSocket response: {"type":"delta","content":"、","error":null,"message_id":"0e7f25bc-6215-4da8-8bf0-3f80a8fef6b8","conversation_id":null,"itinerary":null} @ webpack-internal:///(app-pages-browser)/./lib/chat-transport.ts:103
[   20209ms] [LOG] [ChatTransport] Received WebSocket response: {"type":"delta","content":"成都","error":null,"message_id":"0e7f25bc-6215-4da8-8bf0-3f80a8fef6b8","conversation_id":null,"itinerary":null} @ webpack-internal:///(app-pages-browser)/./lib/chat-transport.ts:103
[   20209ms] [LOG] [ChatTransport] Received WebSocket response: {"type":"delta","content":"等其他","error":null,"message_id":"0e7f25bc-6215-4da8-8bf0-3f80a8fef6b8","conversation_id":null,"itinerary":null} @ webpack-internal:///(app-pages-browser)/./lib/chat-transport.ts:103
[   20231ms] [LOG] [ChatTransport] Received WebSocket response: {"type":"delta","content":"城市","error":null,"message_id":"0e7f25bc-6215-4da8-8bf0-3f80a8fef6b8","conversation_id":null,"itinerary":null} @ webpack-internal:///(app-pages-browser)/./lib/chat-transport.ts:103
[   20249ms] [LOG] [ChatTransport] Received WebSocket response: {"type":"delta","content":"\n","error":null,"message_id":"0e7f25bc-6215-4da8-8bf0-3f80a8fef6b8","conversation_id":null,"itinerary":null} @ webpack-internal:///(app-pages-browser)/./lib/chat-transport.ts:103
[   20296ms] [LOG] [ChatTransport] Received WebSocket response: {"type":"delta","content":"  ","error":null,"message_id":"0e7f25bc-6215-4da8-8bf0-3f80a8fef6b8","conversation_id":null,"itinerary":null} @ webpack-internal:///(app-pages-browser)/./lib/chat-transport.ts:103
[   20316ms] [LOG] [ChatTransport] Received WebSocket response: {"type":"delta","content":" -","error":null,"message_id":"0e7f25bc-6215-4da8-8bf0-3f80a8fef6b8","conversation_id":null,"itinerary":null} @ webpack-internal:///(app-pages-browser)/./lib/chat-transport.ts:103
[   20361ms] [LOG] [ChatTransport] Received WebSocket response: {"type":"delta","content":" ","error":null,"message_id":"0e7f25bc-6215-4da8-8bf0-3f80a8fef6b8","conversation_id":null,"itinerary":null} @ webpack-internal:///(app-pages-browser)/./lib/chat-transport.ts:103
[   20378ms] [LOG] [ChatTransport] Received WebSocket response: {"type":"delta","content":"或者","error":null,"message_id":"0e7f25bc-6215-4da8-8bf0-3f80a8fef6b8","conversation_id":null,"itinerary":null} @ webpack-internal:///(app-pages-browser)/./lib/chat-transport.ts:103
[   20415ms] [LOG] [ChatTransport] Received WebSocket response: {"type":"delta","content":"您","error":null,"message_id":"0e7f25bc-6215-4da8-8bf0-3f80a8fef6b8","conversation_id":null,"itinerary":null} @ webpack-internal:///(app-pages-browser)/./lib/chat-transport.ts:103
[   20432ms] [LOG] [ChatTransport] Received WebSocket response: {"type":"delta","content":"还没","error":null,"message_id":"0e7f25bc-6215-4da8-8bf0-3f80a8fef6b8","conversation_id":null,"itinerary":null} @ webpack-internal:///(app-pages-browser)/./lib/chat-transport.ts:103
[   20479ms] [LOG] [ChatTransport] Received WebSocket response: {"type":"delta","content":"决定","error":null,"message_id":"0e7f25bc-6215-4da8-8bf0-3f80a8fef6b8","conversation_id":null,"itinerary":null} @ webpack-internal:///(app-pages-browser)/./lib/chat-transport.ts:103
[   20588ms] [LOG] [ChatTransport] Received WebSocket response: {"type":"delta","content":"，","error":null,"message_id":"0e7f25bc-6215-4da8-8bf0-3f80a8fef6b8","conversation_id":null,"itinerary":null} @ webpack-internal:///(app-pages-browser)/./lib/chat-transport.ts:103
[   20593ms] [LOG] [ChatTransport] Received WebSocket response: {"type":"delta","content":"需要","error":null,"message_id":"0e7f25bc-6215-4da8-8bf0-3f80a8fef6b8","conversation_id":null,"itinerary":null} @ webpack-internal:///(app-pages-browser)/./lib/chat-transport.ts:103
[   20604ms] [LOG] [ChatTransport] Received WebSocket response: {"type":"delta","content":"我","error":null,"message_id":"0e7f25bc-6215-4da8-8bf0-3f80a8fef6b8","conversation_id":null,"itinerary":null} @ webpack-internal:///(app-pages-browser)/./lib/chat-transport.ts:103
[   20670ms] [LOG] [ChatTransport] Received WebSocket response: {"type":"delta","content":"推荐","error":null,"message_id":"0e7f25bc-6215-4da8-8bf0-3f80a8fef6b8","conversation_id":null,"itinerary":null} @ webpack-internal:///(app-pages-browser)/./lib/chat-transport.ts:103
[   20687ms] [LOG] [ChatTransport] Received WebSocket response: {"type":"delta","content":"？\n\n","error":null,"message_id":"0e7f25bc-6215-4da8-8bf0-3f80a8fef6b8","conversation_id":null,"itinerary":null} @ webpack-internal:///(app-pages-browser)/./lib/chat-transport.ts:103
[   20720ms] [LOG] [ChatTransport] Received WebSocket response: {"type":"delta","content":"2","error":null,"message_id":"0e7f25bc-6215-4da8-8bf0-3f80a8fef6b8","conversation_id":null,"itinerary":null} @ webpack-internal:///(app-pages-browser)/./lib/chat-transport.ts:103
[   20733ms] [LOG] [ChatTransport] Received WebSocket response: {"type":"delta","content":".","error":null,"message_id":"0e7f25bc-6215-4da8-8bf0-3f80a8fef6b8","conversation_id":null,"itinerary":null} @ webpack-internal:///(app-pages-browser)/./lib/chat-transport.ts:103
[   20792ms] [LOG] [ChatTransport] Received WebSocket response: {"type":"delta","content":" **","error":null,"message_id":"0e7f25bc-6215-4da8-8bf0-3f80a8fef6b8","conversation_id":null,"itinerary":null} @ webpack-internal:///(app-pages-browser)/./lib/chat-transport.ts:103
[   20812ms] [LOG] [ChatTransport] Received WebSocket response: {"type":"delta","content":"旅行","error":null,"message_id":"0e7f25bc-6215-4da8-8bf0-3f80a8fef6b8","conversation_id":null,"itinerary":null} @ webpack-internal:///(app-pages-browser)/./lib/chat-transport.ts:103
[   20855ms] [LOG] [ChatTransport] Received WebSocket response: {"type":"delta","content":"偏好","error":null,"message_id":"0e7f25bc-6215-4da8-8bf0-3f80a8fef6b8","conversation_id":null,"itinerary":null} @ webpack-internal:///(app-pages-browser)/./lib/chat-transport.ts:103
[   20875ms] [LOG] [ChatTransport] Received WebSocket response: {"type":"delta","content":"**","error":null,"message_id":"0e7f25bc-6215-4da8-8bf0-3f80a8fef6b8","conversation_id":null,"itinerary":null} @ webpack-internal:///(app-pages-browser)/./lib/chat-transport.ts:103
[   20950ms] [LOG] [ChatTransport] Received WebSocket response: {"type":"delta","content":"：\n","error":null,"message_id":"0e7f25bc-6215-4da8-8bf0-3f80a8fef6b8","conversation_id":null,"itinerary":null} @ webpack-internal:///(app-pages-browser)/./lib/chat-transport.ts:103
[   20962ms] [LOG] [ChatTransport] Received WebSocket response: {"type":"delta","content":"  ","error":null,"message_id":"0e7f25bc-6215-4da8-8bf0-3f80a8fef6b8","conversation_id":null,"itinerary":null} @ webpack-internal:///(app-pages-browser)/./lib/chat-transport.ts:103
[   20983ms] [LOG] [ChatTransport] Received WebSocket response: {"type":"delta","content":" -","error":null,"message_id":"0e7f25bc-6215-4da8-8bf0-3f80a8fef6b8","conversation_id":null,"itinerary":null} @ webpack-internal:///(app-pages-browser)/./lib/chat-transport.ts:103
[   21002ms] [LOG] [ChatTransport] Received WebSocket response: {"type":"delta","content":" ","error":null,"message_id":"0e7f25bc-6215-4da8-8bf0-3f80a8fef6b8","conversation_id":null,"itinerary":null} @ webpack-internal:///(app-pages-browser)/./lib/chat-transport.ts:103
[   21104ms] [LOG] [ChatTransport] Received WebSocket response: {"type":"delta","content":"历史文化","error":null,"message_id":"0e7f25bc-6215-4da8-8bf0-3f80a8fef6b8","conversation_id":null,"itinerary":null} @ webpack-internal:///(app-pages-browser)/./lib/chat-transport.ts:103
[   21121ms] [LOG] [ChatTransport] Received WebSocket response: {"type":"delta","content":"（","error":null,"message_id":"0e7f25bc-6215-4da8-8bf0-3f80a8fef6b8","conversation_id":null,"itinerary":null} @ webpack-internal:///(app-pages-browser)/./lib/chat-transport.ts:103
[   21122ms] [LOG] [ChatTransport] Received WebSocket response: {"type":"delta","content":"古迹","error":null,"message_id":"0e7f25bc-6215-4da8-8bf0-3f80a8fef6b8","conversation_id":null,"itinerary":null} @ webpack-internal:///(app-pages-browser)/./lib/chat-transport.ts:103
[   21122ms] [LOG] [ChatTransport] Received WebSocket response: {"type":"delta","content":"、","error":null,"message_id":"0e7f25bc-6215-4da8-8bf0-3f80a8fef6b8","conversation_id":null,"itinerary":null} @ webpack-internal:///(app-pages-browser)/./lib/chat-transport.ts:103
[   21155ms] [LOG] [ChatTransport] Received WebSocket response: {"type":"delta","content":"博物馆","error":null,"message_id":"0e7f25bc-6215-4da8-8bf0-3f80a8fef6b8","conversation_id":null,"itinerary":null} @ webpack-internal:///(app-pages-browser)/./lib/chat-transport.ts:103
[   21155ms] [LOG] [ChatTransport] Received WebSocket response: {"type":"delta","content":"）\n","error":null,"message_id":"0e7f25bc-6215-4da8-8bf0-3f80a8fef6b8","conversation_id":null,"itinerary":null} @ webpack-internal:///(app-pages-browser)/./lib/chat-transport.ts:103
[   21217ms] [LOG] [ChatTransport] Received WebSocket response: {"type":"delta","content":"  ","error":null,"message_id":"0e7f25bc-6215-4da8-8bf0-3f80a8fef6b8","conversation_id":null,"itinerary":null} @ webpack-internal:///(app-pages-browser)/./lib/chat-transport.ts:103
[   21227ms] [LOG] [ChatTransport] Received WebSocket response: {"type":"delta","content":" -","error":null,"message_id":"0e7f25bc-6215-4da8-8bf0-3f80a8fef6b8","conversation_id":null,"itinerary":null} @ webpack-internal:///(app-pages-browser)/./lib/chat-transport.ts:103
[   21283ms] [LOG] [ChatTransport] Received WebSocket response: {"type":"delta","content":" ","error":null,"message_id":"0e7f25bc-6215-4da8-8bf0-3f80a8fef6b8","conversation_id":null,"itinerary":null} @ webpack-internal:///(app-pages-browser)/./lib/chat-transport.ts:103
[   21301ms] [LOG] [ChatTransport] Received WebSocket response: {"type":"delta","content":"自然","error":null,"message_id":"0e7f25bc-6215-4da8-8bf0-3f80a8fef6b8","conversation_id":null,"itinerary":null} @ webpack-internal:///(app-pages-browser)/./lib/chat-transport.ts:103
[   21398ms] [LOG] [ChatTransport] Received WebSocket response: {"type":"delta","content":"风光","error":null,"message_id":"0e7f25bc-6215-4da8-8bf0-3f80a8fef6b8","conversation_id":null,"itinerary":null} @ webpack-internal:///(app-pages-browser)/./lib/chat-transport.ts:103
[   21413ms] [LOG] [ChatTransport] Received WebSocket response: {"type":"delta","content":"（","error":null,"message_id":"0e7f25bc-6215-4da8-8bf0-3f80a8fef6b8","conversation_id":null,"itinerary":null} @ webpack-internal:///(app-pages-browser)/./lib/chat-transport.ts:103
[   21431ms] [LOG] [ChatTransport] Received WebSocket response: {"type":"delta","content":"山水","error":null,"message_id":"0e7f25bc-6215-4da8-8bf0-3f80a8fef6b8","conversation_id":null,"itinerary":null} @ webpack-internal:///(app-pages-browser)/./lib/chat-transport.ts:103
[   21432ms] [LOG] [ChatTransport] Received WebSocket response: {"type":"delta","content":"、","error":null,"message_id":"0e7f25bc-6215-4da8-8bf0-3f80a8fef6b8","conversation_id":null,"itinerary":null} @ webpack-internal:///(app-pages-browser)/./lib/chat-transport.ts:103
[   21490ms] [LOG] [ChatTransport] Received WebSocket response: {"type":"delta","content":"公园","error":null,"message_id":"0e7f25bc-6215-4da8-8bf0-3f80a8fef6b8","conversation_id":null,"itinerary":null} @ webpack-internal:///(app-pages-browser)/./lib/chat-transport.ts:103
[   21495ms] [LOG] [ChatTransport] Received WebSocket response: {"type":"delta","content":"）\n","error":null,"message_id":"0e7f25bc-6215-4da8-8bf0-3f80a8fef6b8","conversation_id":null,"itinerary":null} @ webpack-internal:///(app-pages-browser)/./lib/chat-transport.ts:103
[   21531ms] [LOG] [ChatTransport] Received WebSocket response: {"type":"delta","content":"  ","error":null,"message_id":"0e7f25bc-6215-4da8-8bf0-3f80a8fef6b8","conversation_id":null,"itinerary":null} @ webpack-internal:///(app-pages-browser)/./lib/chat-transport.ts:103
[   21531ms] [LOG] [ChatTransport] Received WebSocket response: {"type":"delta","content":" -","error":null,"message_id":"0e7f25bc-6215-4da8-8bf0-3f80a8fef6b8","conversation_id":null,"itinerary":null} @ webpack-internal:///(app-pages-browser)/./lib/chat-transport.ts:103
[   21721ms] [LOG] [ChatTransport] Received WebSocket response: {"type":"delta","content":" ","error":null,"message_id":"0e7f25bc-6215-4da8-8bf0-3f80a8fef6b8","conversation_id":null,"itinerary":null} @ webpack-internal:///(app-pages-browser)/./lib/chat-transport.ts:103
[   21735ms] [LOG] [ChatTransport] Received WebSocket response: {"type":"delta","content":"美食","error":null,"message_id":"0e7f25bc-6215-4da8-8bf0-3f80a8fef6b8","conversation_id":null,"itinerary":null} @ webpack-internal:///(app-pages-browser)/./lib/chat-transport.ts:103
[   21756ms] [LOG] [ChatTransport] Received WebSocket response: {"type":"delta","content":"体验","error":null,"message_id":"0e7f25bc-6215-4da8-8bf0-3f80a8fef6b8","conversation_id":null,"itinerary":null} @ webpack-internal:///(app-pages-browser)/./lib/chat-transport.ts:103
[   21756ms] [LOG] [ChatTransport] Received WebSocket response: {"type":"delta","content":"（","error":null,"message_id":"0e7f25bc-6215-4da8-8bf0-3f80a8fef6b8","conversation_id":null,"itinerary":null} @ webpack-internal:///(app-pages-browser)/./lib/chat-transport.ts:103
[   21757ms] [LOG] [ChatTransport] Received WebSocket response: {"type":"delta","content":"特色","error":null,"message_id":"0e7f25bc-6215-4da8-8bf0-3f80a8fef6b8","conversation_id":null,"itinerary":null} @ webpack-internal:///(app-pages-browser)/./lib/chat-transport.ts:103
[   21780ms] [LOG] [ChatTransport] Received WebSocket response: {"type":"delta","content":"小吃","error":null,"message_id":"0e7f25bc-6215-4da8-8bf0-3f80a8fef6b8","conversation_id":null,"itinerary":null} @ webpack-internal:///(app-pages-browser)/./lib/chat-transport.ts:103
[   21802ms] [LOG] [ChatTransport] Received WebSocket response: {"type":"delta","content":"、","error":null,"message_id":"0e7f25bc-6215-4da8-8bf0-3f80a8fef6b8","conversation_id":null,"itinerary":null} @ webpack-internal:///(app-pages-browser)/./lib/chat-transport.ts:103
[   21833ms] [LOG] [ChatTransport] Received WebSocket response: {"type":"delta","content":"餐厅","error":null,"message_id":"0e7f25bc-6215-4da8-8bf0-3f80a8fef6b8","conversation_id":null,"itinerary":null} @ webpack-internal:///(app-pages-browser)/./lib/chat-transport.ts:103
[   21904ms] [LOG] [ChatTransport] Received WebSocket response: {"type":"delta","content":"）\n","error":null,"message_id":"0e7f25bc-6215-4da8-8bf0-3f80a8fef6b8","conversation_id":null,"itinerary":null} @ webpack-internal:///(app-pages-browser)/./lib/chat-transport.ts:103
[   21920ms] [LOG] [ChatTransport] Received WebSocket response: {"type":"delta","content":"  ","error":null,"message_id":"0e7f25bc-6215-4da8-8bf0-3f80a8fef6b8","conversation_id":null,"itinerary":null} @ webpack-internal:///(app-pages-browser)/./lib/chat-transport.ts:103
[   21962ms] [LOG] [ChatTransport] Received WebSocket response: {"type":"delta","content":" -","error":null,"message_id":"0e7f25bc-6215-4da8-8bf0-3f80a8fef6b8","conversation_id":null,"itinerary":null} @ webpack-internal:///(app-pages-browser)/./lib/chat-transport.ts:103
[   21983ms] [LOG] [ChatTransport] Received WebSocket response: {"type":"delta","content":" ","error":null,"message_id":"0e7f25bc-6215-4da8-8bf0-3f80a8fef6b8","conversation_id":null,"itinerary":null} @ webpack-internal:///(app-pages-browser)/./lib/chat-transport.ts:103
[   22030ms] [LOG] [ChatTransport] Received WebSocket response: {"type":"delta","content":"购物","error":null,"message_id":"0e7f25bc-6215-4da8-8bf0-3f80a8fef6b8","conversation_id":null,"itinerary":null} @ webpack-internal:///(app-pages-browser)/./lib/chat-transport.ts:103
[   22049ms] [LOG] [ChatTransport] Received WebSocket response: {"type":"delta","content":"休闲","error":null,"message_id":"0e7f25bc-6215-4da8-8bf0-3f80a8fef6b8","conversation_id":null,"itinerary":null} @ webpack-internal:///(app-pages-browser)/./lib/chat-transport.ts:103
[   22080ms] [LOG] [ChatTransport] Received WebSocket response: {"type":"delta","content":"\n","error":null,"message_id":"0e7f25bc-6215-4da8-8bf0-3f80a8fef6b8","conversation_id":null,"itinerary":null} @ webpack-internal:///(app-pages-browser)/./lib/chat-transport.ts:103
[   22098ms] [LOG] [ChatTransport] Received WebSocket response: {"type":"delta","content":"  ","error":null,"message_id":"0e7f25bc-6215-4da8-8bf0-3f80a8fef6b8","conversation_id":null,"itinerary":null} @ webpack-internal:///(app-pages-browser)/./lib/chat-transport.ts:103
[   22147ms] [LOG] [ChatTransport] Received WebSocket response: {"type":"delta","content":" -","error":null,"message_id":"0e7f25bc-6215-4da8-8bf0-3f80a8fef6b8","conversation_id":null,"itinerary":null} @ webpack-internal:///(app-pages-browser)/./lib/chat-transport.ts:103
[   22168ms] [LOG] [ChatTransport] Received WebSocket response: {"type":"delta","content":" ","error":null,"message_id":"0e7f25bc-6215-4da8-8bf0-3f80a8fef6b8","conversation_id":null,"itinerary":null} @ webpack-internal:///(app-pages-browser)/./lib/chat-transport.ts:103
[   22210ms] [LOG] [ChatTransport] Received WebSocket response: {"type":"delta","content":"亲子","error":null,"message_id":"0e7f25bc-6215-4da8-8bf0-3f80a8fef6b8","conversation_id":null,"itinerary":null} @ webpack-internal:///(app-pages-browser)/./lib/chat-transport.ts:103
[   22211ms] [LOG] [ChatTransport] Received WebSocket response: {"type":"delta","content":"家庭","error":null,"message_id":"0e7f25bc-6215-4da8-8bf0-3f80a8fef6b8","conversation_id":null,"itinerary":null} @ webpack-internal:///(app-pages-browser)/./lib/chat-transport.ts:103
[   22282ms] [LOG] [ChatTransport] Received WebSocket response: {"type":"delta","content":"\n","error":null,"message_id":"0e7f25bc-6215-4da8-8bf0-3f80a8fef6b8","conversation_id":null,"itinerary":null} @ webpack-internal:///(app-pages-browser)/./lib/chat-transport.ts:103
[   22302ms] [LOG] [ChatTransport] Received WebSocket response: {"type":"delta","content":"  ","error":null,"message_id":"0e7f25bc-6215-4da8-8bf0-3f80a8fef6b8","conversation_id":null,"itinerary":null} @ webpack-internal:///(app-pages-browser)/./lib/chat-transport.ts:103
[   22468ms] [LOG] [ChatTransport] Received WebSocket response: {"type":"delta","content":" -","error":null,"message_id":"0e7f25bc-6215-4da8-8bf0-3f80a8fef6b8","conversation_id":null,"itinerary":null} @ webpack-internal:///(app-pages-browser)/./lib/chat-transport.ts:103
[   22479ms] [LOG] [ChatTransport] Received WebSocket response: {"type":"delta","content":" ","error":null,"message_id":"0e7f25bc-6215-4da8-8bf0-3f80a8fef6b8","conversation_id":null,"itinerary":null} @ webpack-internal:///(app-pages-browser)/./lib/chat-transport.ts:103
[   22481ms] [LOG] [ChatTransport] Received WebSocket response: {"type":"delta","content":"其他","error":null,"message_id":"0e7f25bc-6215-4da8-8bf0-3f80a8fef6b8","conversation_id":null,"itinerary":null} @ webpack-internal:///(app-pages-browser)/./lib/chat-transport.ts:103
[   22481ms] [LOG] [ChatTransport] Received WebSocket response: {"type":"delta","content":"特殊","error":null,"message_id":"0e7f25bc-6215-4da8-8bf0-3f80a8fef6b8","conversation_id":null,"itinerary":null} @ webpack-internal:///(app-pages-browser)/./lib/chat-transport.ts:103
[   22498ms] [LOG] [ChatTransport] Received WebSocket response: {"type":"delta","content":"需求","error":null,"message_id":"0e7f25bc-6215-4da8-8bf0-3f80a8fef6b8","conversation_id":null,"itinerary":null} @ webpack-internal:///(app-pages-browser)/./lib/chat-transport.ts:103
[   22498ms] [LOG] [ChatTransport] Received WebSocket response: {"type":"delta","content":"\n\n","error":null,"message_id":"0e7f25bc-6215-4da8-8bf0-3f80a8fef6b8","conversation_id":null,"itinerary":null} @ webpack-internal:///(app-pages-browser)/./lib/chat-transport.ts:103
[   22556ms] [LOG] [ChatTransport] Received WebSocket response: {"type":"delta","content":"3","error":null,"message_id":"0e7f25bc-6215-4da8-8bf0-3f80a8fef6b8","conversation_id":null,"itinerary":null} @ webpack-internal:///(app-pages-browser)/./lib/chat-transport.ts:103
[   22559ms] [LOG] [ChatTransport] Received WebSocket response: {"type":"delta","content":".","error":null,"message_id":"0e7f25bc-6215-4da8-8bf0-3f80a8fef6b8","conversation_id":null,"itinerary":null} @ webpack-internal:///(app-pages-browser)/./lib/chat-transport.ts:103
[   22585ms] [LOG] [ChatTransport] Received WebSocket response: {"type":"delta","content":" **","error":null,"message_id":"0e7f25bc-6215-4da8-8bf0-3f80a8fef6b8","conversation_id":null,"itinerary":null} @ webpack-internal:///(app-pages-browser)/./lib/chat-transport.ts:103
[   22585ms] [LOG] [ChatTransport] Received WebSocket response: {"type":"delta","content":"出行","error":null,"message_id":"0e7f25bc-6215-4da8-8bf0-3f80a8fef6b8","conversation_id":null,"itinerary":null} @ webpack-internal:///(app-pages-browser)/./lib/chat-transport.ts:103
[   22641ms] [LOG] [ChatTransport] Received WebSocket response: {"type":"delta","content":"时间","error":null,"message_id":"0e7f25bc-6215-4da8-8bf0-3f80a8fef6b8","conversation_id":null,"itinerary":null} @ webpack-internal:///(app-pages-browser)/./lib/chat-transport.ts:103
[   22644ms] [LOG] [ChatTransport] Received WebSocket response: {"type":"delta","content":"**","error":null,"message_id":"0e7f25bc-6215-4da8-8bf0-3f80a8fef6b8","conversation_id":null,"itinerary":null} @ webpack-internal:///(app-pages-browser)/./lib/chat-transport.ts:103
[   22703ms] [LOG] [ChatTransport] Received WebSocket response: {"type":"delta","content":"：","error":null,"message_id":"0e7f25bc-6215-4da8-8bf0-3f80a8fef6b8","conversation_id":null,"itinerary":null} @ webpack-internal:///(app-pages-browser)/./lib/chat-transport.ts:103
[   22707ms] [LOG] [ChatTransport] Received WebSocket response: {"type":"delta","content":"大概","error":null,"message_id":"0e7f25bc-6215-4da8-8bf0-3f80a8fef6b8","conversation_id":null,"itinerary":null} @ webpack-internal:///(app-pages-browser)/./lib/chat-transport.ts:103
[   22844ms] [LOG] [ChatTransport] Received WebSocket response: {"type":"delta","content":"什么时候","error":null,"message_id":"0e7f25bc-6215-4da8-8bf0-3f80a8fef6b8","conversation_id":null,"itinerary":null} @ webpack-internal:///(app-pages-browser)/./lib/chat-transport.ts:103
[   22857ms] [LOG] [ChatTransport] Received WebSocket response: {"type":"delta","content":"出发","error":null,"message_id":"0e7f25bc-6215-4da8-8bf0-3f80a8fef6b8","conversation_id":null,"itinerary":null} @ webpack-internal:///(app-pages-browser)/./lib/chat-transport.ts:103
[   22872ms] [LOG] [ChatTransport] Received WebSocket response: {"type":"delta","content":"？\n\n","error":null,"message_id":"0e7f25bc-6215-4da8-8bf0-3f80a8fef6b8","conversation_id":null,"itinerary":null} @ webpack-internal:///(app-pages-browser)/./lib/chat-transport.ts:103
[   22921ms] [LOG] [ChatTransport] Received WebSocket response: {"type":"delta","content":"**","error":null,"message_id":"0e7f25bc-6215-4da8-8bf0-3f80a8fef6b8","conversation_id":null,"itinerary":null} @ webpack-internal:///(app-pages-browser)/./lib/chat-transport.ts:103
[   22952ms] [LOG] [ChatTransport] Received WebSocket response: {"type":"delta","content":"请","error":null,"message_id":"0e7f25bc-6215-4da8-8bf0-3f80a8fef6b8","conversation_id":null,"itinerary":null} @ webpack-internal:///(app-pages-browser)/./lib/chat-transport.ts:103
[   22965ms] [LOG] [ChatTransport] Received WebSocket response: {"type":"delta","content":"告诉我","error":null,"message_id":"0e7f25bc-6215-4da8-8bf0-3f80a8fef6b8","conversation_id":null,"itinerary":null} @ webpack-internal:///(app-pages-browser)/./lib/chat-transport.ts:103
[   23037ms] [LOG] [ChatTransport] Received WebSocket response: {"type":"delta","content":"这些","error":null,"message_id":"0e7f25bc-6215-4da8-8bf0-3f80a8fef6b8","conversation_id":null,"itinerary":null} @ webpack-internal:///(app-pages-browser)/./lib/chat-transport.ts:103
[   23072ms] [LOG] [ChatTransport] Received WebSocket response: {"type":"delta","content":"信息","error":null,"message_id":"0e7f25bc-6215-4da8-8bf0-3f80a8fef6b8","conversation_id":null,"itinerary":null} @ webpack-internal:///(app-pages-browser)/./lib/chat-transport.ts:103
[   23091ms] [LOG] [ChatTransport] Received WebSocket response: {"type":"delta","content":"，","error":null,"message_id":"0e7f25bc-6215-4da8-8bf0-3f80a8fef6b8","conversation_id":null,"itinerary":null} @ webpack-internal:///(app-pages-browser)/./lib/chat-transport.ts:103
[   23130ms] [LOG] [ChatTransport] Received WebSocket response: {"type":"delta","content":"我","error":null,"message_id":"0e7f25bc-6215-4da8-8bf0-3f80a8fef6b8","conversation_id":null,"itinerary":null} @ webpack-internal:///(app-pages-browser)/./lib/chat-transport.ts:103
[   23150ms] [LOG] [ChatTransport] Received WebSocket response: {"type":"delta","content":"就能","error":null,"message_id":"0e7f25bc-6215-4da8-8bf0-3f80a8fef6b8","conversation_id":null,"itinerary":null} @ webpack-internal:///(app-pages-browser)/./lib/chat-transport.ts:103
[   23200ms] [LOG] [ChatTransport] Received WebSocket response: {"type":"delta","content":"为您","error":null,"message_id":"0e7f25bc-6215-4da8-8bf0-3f80a8fef6b8","conversation_id":null,"itinerary":null} @ webpack-internal:///(app-pages-browser)/./lib/chat-transport.ts:103
[   23200ms] [LOG] [ChatTransport] Received WebSocket response: {"type":"delta","content":"规划","error":null,"message_id":"0e7f25bc-6215-4da8-8bf0-3f80a8fef6b8","conversation_id":null,"itinerary":null} @ webpack-internal:///(app-pages-browser)/./lib/chat-transport.ts:103
[   23269ms] [LOG] [ChatTransport] Received WebSocket response: {"type":"delta","content":"一个","error":null,"message_id":"0e7f25bc-6215-4da8-8bf0-3f80a8fef6b8","conversation_id":null,"itinerary":null} @ webpack-internal:///(app-pages-browser)/./lib/chat-transport.ts:103
[   23285ms] [LOG] [ChatTransport] Received WebSocket response: {"type":"delta","content":"完美的","error":null,"message_id":"0e7f25bc-6215-4da8-8bf0-3f80a8fef6b8","conversation_id":null,"itinerary":null} @ webpack-internal:///(app-pages-browser)/./lib/chat-transport.ts:103
[   23423ms] [LOG] [ChatTransport] Received WebSocket response: {"type":"delta","content":"3","error":null,"message_id":"0e7f25bc-6215-4da8-8bf0-3f80a8fef6b8","conversation_id":null,"itinerary":null} @ webpack-internal:///(app-pages-browser)/./lib/chat-transport.ts:103
[   23435ms] [LOG] [ChatTransport] Received WebSocket response: {"type":"delta","content":"天","error":null,"message_id":"0e7f25bc-6215-4da8-8bf0-3f80a8fef6b8","conversation_id":null,"itinerary":null} @ webpack-internal:///(app-pages-browser)/./lib/chat-transport.ts:103
[   23448ms] [LOG] [ChatTransport] Received WebSocket response: {"type":"delta","content":"行程","error":null,"message_id":"0e7f25bc-6215-4da8-8bf0-3f80a8fef6b8","conversation_id":null,"itinerary":null} @ webpack-internal:///(app-pages-browser)/./lib/chat-transport.ts:103
[   23448ms] [LOG] [ChatTransport] Received WebSocket response: {"type":"delta","content":"！","error":null,"message_id":"0e7f25bc-6215-4da8-8bf0-3f80a8fef6b8","conversation_id":null,"itinerary":null} @ webpack-internal:///(app-pages-browser)/./lib/chat-transport.ts:103
[   23461ms] [LOG] [ChatTransport] Received WebSocket response: {"type":"delta","content":"**","error":null,"message_id":"0e7f25bc-6215-4da8-8bf0-3f80a8fef6b8","conversation_id":null,"itinerary":null} @ webpack-internal:///(app-pages-browser)/./lib/chat-transport.ts:103
[   23523ms] [LOG] [ChatTransport] Received WebSocket response: {"type":"delta","content":" 🌟","error":null,"message_id":"0e7f25bc-6215-4da8-8bf0-3f80a8fef6b8","conversation_id":null,"itinerary":null} @ webpack-internal:///(app-pages-browser)/./lib/chat-transport.ts:103
[   23535ms] [LOG] [ChatTransport] Received WebSocket response: {"type":"delta","content":"\n\n","error":null,"message_id":"0e7f25bc-6215-4da8-8bf0-3f80a8fef6b8","conversation_id":null,"itinerary":null} @ webpack-internal:///(app-pages-browser)/./lib/chat-transport.ts:103
[   23586ms] [LOG] [ChatTransport] Received WebSocket response: {"type":"delta","content":"或者","error":null,"message_id":"0e7f25bc-6215-4da8-8bf0-3f80a8fef6b8","conversation_id":null,"itinerary":null} @ webpack-internal:///(app-pages-browser)/./lib/chat-transport.ts:103
[   23586ms] [LOG] [ChatTransport] Received WebSocket response: {"type":"delta","content":"，","error":null,"message_id":"0e7f25bc-6215-4da8-8bf0-3f80a8fef6b8","conversation_id":null,"itinerary":null} @ webpack-internal:///(app-pages-browser)/./lib/chat-transport.ts:103
[   23630ms] [LOG] [ChatTransport] Received WebSocket response: {"type":"delta","content":"如果您","error":null,"message_id":"0e7f25bc-6215-4da8-8bf0-3f80a8fef6b8","conversation_id":null,"itinerary":null} @ webpack-internal:///(app-pages-browser)/./lib/chat-transport.ts:103
[   23630ms] [LOG] [ChatTransport] Received WebSocket response: {"type":"delta","content":"刚才","error":null,"message_id":"0e7f25bc-6215-4da8-8bf0-3f80a8fef6b8","conversation_id":null,"itinerary":null} @ webpack-internal:///(app-pages-browser)/./lib/chat-transport.ts:103
[   23727ms] [LOG] [ChatTransport] Received WebSocket response: {"type":"delta","content":"的","error":null,"message_id":"0e7f25bc-6215-4da8-8bf0-3f80a8fef6b8","conversation_id":null,"itinerary":null} @ webpack-internal:///(app-pages-browser)/./lib/chat-transport.ts:103
[   23730ms] [LOG] [ChatTransport] Received WebSocket response: {"type":"delta","content":"“","error":null,"message_id":"0e7f25bc-6215-4da8-8bf0-3f80a8fef6b8","conversation_id":null,"itinerary":null} @ webpack-internal:///(app-pages-browser)/./lib/chat-transport.ts:103
[   23756ms] [LOG] [ChatTransport] Received WebSocket response: {"type":"delta","content":"测试","error":null,"message_id":"0e7f25bc-6215-4da8-8bf0-3f80a8fef6b8","conversation_id":null,"itinerary":null} @ webpack-internal:///(app-pages-browser)/./lib/chat-transport.ts:103
[   23758ms] [LOG] [ChatTransport] Received WebSocket response: {"type":"delta","content":"消息","error":null,"message_id":"0e7f25bc-6215-4da8-8bf0-3f80a8fef6b8","conversation_id":null,"itinerary":null} @ webpack-internal:///(app-pages-browser)/./lib/chat-transport.ts:103
[   23824ms] [LOG] [ChatTransport] Received WebSocket response: {"type":"delta","content":"”","error":null,"message_id":"0e7f25bc-6215-4da8-8bf0-3f80a8fef6b8","conversation_id":null,"itinerary":null} @ webpack-internal:///(app-pages-browser)/./lib/chat-transport.ts:103
[   23831ms] [LOG] [ChatTransport] Received WebSocket response: {"type":"delta","content":"是","error":null,"message_id":"0e7f25bc-6215-4da8-8bf0-3f80a8fef6b8","conversation_id":null,"itinerary":null} @ webpack-internal:///(app-pages-browser)/./lib/chat-transport.ts:103
[   24080ms] [LOG] [ChatTransport] Received WebSocket response: {"type":"delta","content":"误","error":null,"message_id":"0e7f25bc-6215-4da8-8bf0-3f80a8fef6b8","conversation_id":null,"itinerary":null} @ webpack-internal:///(app-pages-browser)/./lib/chat-transport.ts:103
[   24101ms] [LOG] [ChatTransport] Received WebSocket response: {"type":"delta","content":"操作","error":null,"message_id":"0e7f25bc-6215-4da8-8bf0-3f80a8fef6b8","conversation_id":null,"itinerary":null} @ webpack-internal:///(app-pages-browser)/./lib/chat-transport.ts:103
[   24101ms] [LOG] [ChatTransport] Received WebSocket response: {"type":"delta","content":"，","error":null,"message_id":"0e7f25bc-6215-4da8-8bf0-3f80a8fef6b8","conversation_id":null,"itinerary":null} @ webpack-internal:///(app-pages-browser)/./lib/chat-transport.ts:103
[   24115ms] [LOG] [ChatTransport] Received WebSocket response: {"type":"delta","content":"也","error":null,"message_id":"0e7f25bc-6215-4da8-8bf0-3f80a8fef6b8","conversation_id":null,"itinerary":null} @ webpack-internal:///(app-pages-browser)/./lib/chat-transport.ts:103
[   24116ms] [LOG] [ChatTransport] Received WebSocket response: {"type":"delta","content":"请","error":null,"message_id":"0e7f25bc-6215-4da8-8bf0-3f80a8fef6b8","conversation_id":null,"itinerary":null} @ webpack-internal:///(app-pages-browser)/./lib/chat-transport.ts:103
[   24117ms] [LOG] [ChatTransport] Received WebSocket response: {"type":"delta","content":"告诉我","error":null,"message_id":"0e7f25bc-6215-4da8-8bf0-3f80a8fef6b8","conversation_id":null,"itinerary":null} @ webpack-internal:///(app-pages-browser)/./lib/chat-transport.ts:103
[   24117ms] [LOG] [ChatTransport] Received WebSocket response: {"type":"delta","content":"您的","error":null,"message_id":"0e7f25bc-6215-4da8-8bf0-3f80a8fef6b8","conversation_id":null,"itinerary":null} @ webpack-internal:///(app-pages-browser)/./lib/chat-transport.ts:103
[   24361ms] [LOG] [ChatTransport] Received WebSocket response: {"type":"delta","content":"真实","error":null,"message_id":"0e7f25bc-6215-4da8-8bf0-3f80a8fef6b8","conversation_id":null,"itinerary":null} @ webpack-internal:///(app-pages-browser)/./lib/chat-transport.ts:103
[   24373ms] [LOG] [ChatTransport] Received WebSocket response: {"type":"delta","content":"需求","error":null,"message_id":"0e7f25bc-6215-4da8-8bf0-3f80a8fef6b8","conversation_id":null,"itinerary":null} @ webpack-internal:///(app-pages-browser)/./lib/chat-transport.ts:103
[   24397ms] [LOG] [ChatTransport] Received WebSocket response: {"type":"delta","content":"。","error":null,"message_id":"0e7f25bc-6215-4da8-8bf0-3f80a8fef6b8","conversation_id":null,"itinerary":null} @ webpack-internal:///(app-pages-browser)/./lib/chat-transport.ts:103
[   24398ms] [LOG] [ChatTransport] Received WebSocket response: {"type":"done","content":"我注意到您输入了“测试消息”，但同时也提供了**目的地**和**行程时长**的信息。\n\n让我确认一下您的需求：\n\n## 🤔 **理解您的需求**\n从您提供的信息看：\n- **目的地**：您想去的城市（可能还没确定）\n- **行程时长**：3天\n\n## 🗺️ **需要您确认的信息**\n为了帮您规划最合适的3天旅行，请告诉我：\n\n1. **具体目的地**：您想去哪个城市？比如：\n   - 北京（我们刚才聊过天气）\n   - 杭州（我们之前详细规划过）\n   - 上海、西安、成都等其他城市\n   - 或者您还没决定，需要我推荐？\n\n2. **旅行偏好**：\n   - 历史文化（古迹、博物馆）\n   - 自然风光（山水、公园）\n   - 美食体验（特色小吃、餐厅）\n   - 购物休闲\n   - 亲子家庭\n   - 其他特殊需求\n\n3. **出行时间**：大概什么时候出发？\n\n**请告诉我这些信息，我就能为您规划一个完美的3天行程！** 🌟\n\n或者，如果您刚才的“测试消息”是误操作，也请告诉我您的真实需求。","error":null,"message_id":"0e7f25bc-6215-4da8-8bf0-3f80a8fef6b8","conversation_id":"63d28fe3-637f-488d-a2b9-df4f86be47e3","itinerary":null} @ webpack-internal:///(app-pages-browser)/./lib/chat-transport.ts:103
[   24399ms] [LOG] [ChatTransport] Updated conversation_id: 63d28fe3-637f-488d-a2b9-df4f86be47e3 @ webpack-internal:///(app-pages-browser)/./lib/chat-transport.ts:126
[  254661ms] [LOG] [ChatTransport] WebSocket disconnected 1006  @ webpack-internal:///(app-pages-browser)/./lib/chat-transport.ts:36
[  254662ms] [LOG] [ChatTransport] Reconnecting... (1/5) @ webpack-internal:///(app-pages-browser)/./lib/chat-transport.ts:41
[  254662ms] [LOG] [ChatTransport] WebSocket disconnected 1006  @ webpack-internal:///(app-pages-browser)/./lib/chat-transport.ts:36
[  254662ms] [LOG] [ChatTransport] Reconnecting... (1/5) @ webpack-internal:///(app-pages-browser)/./lib/chat-transport.ts:41
[  257992ms] [ERROR] WebSocket connection to 'ws://localhost:8000/ws/chat' failed: Error in connection establishment: net::ERR_CONNECTION_REFUSED @ webpack-internal:///(app-pages-browser)/./lib/chat-transport.ts:23
[  257992ms] [ERROR] [ChatTransport] WebSocket error: Event @ webpack-internal:///(app-pages-browser)/./node_modules/next/dist/next-devtools/userspace/app/errors/intercept-console-error.js:56
[  257993ms] [ERROR] Event @ webpack-internal:///(app-pages-browser)/./node_modules/next/dist/next-devtools/userspace/app/errors/intercept-console-error.js:56
[  257993ms] [LOG] [ChatTransport] WebSocket disconnected 1006  @ webpack-internal:///(app-pages-browser)/./lib/chat-transport.ts:36
[  257993ms] [LOG] [ChatTransport] Reconnecting... (2/5) @ webpack-internal:///(app-pages-browser)/./lib/chat-transport.ts:41
[  260051ms] [ERROR] WebSocket connection to 'ws://localhost:8000/ws/chat' failed: Error in connection establishment: net::ERR_CONNECTION_REFUSED @ webpack-internal:///(app-pages-browser)/./lib/chat-transport.ts:23
[  260051ms] [ERROR] [ChatTransport] WebSocket error: Event @ webpack-internal:///(app-pages-browser)/./node_modules/next/dist/next-devtools/userspace/app/errors/intercept-console-error.js:56
[  260052ms] [ERROR] Event @ webpack-internal:///(app-pages-browser)/./node_modules/next/dist/next-devtools/userspace/app/errors/intercept-console-error.js:56
[  260052ms] [LOG] [ChatTransport] WebSocket disconnected 1006  @ webpack-internal:///(app-pages-browser)/./lib/chat-transport.ts:36
[  260052ms] [LOG] [ChatTransport] Reconnecting... (2/5) @ webpack-internal:///(app-pages-browser)/./lib/chat-transport.ts:41
[  262335ms] [ERROR] WebSocket connection to 'ws://localhost:8000/ws/chat' failed: Error in connection establishment: net::ERR_CONNECTION_REFUSED @ webpack-internal:///(app-pages-browser)/./lib/chat-transport.ts:23
[  262335ms] [ERROR] [ChatTransport] WebSocket error: Event @ webpack-internal:///(app-pages-browser)/./node_modules/next/dist/next-devtools/userspace/app/errors/intercept-console-error.js:56
[  262336ms] [ERROR] Event @ webpack-internal:///(app-pages-browser)/./node_modules/next/dist/next-devtools/userspace/app/errors/intercept-console-error.js:56
[  262336ms] [LOG] [ChatTransport] WebSocket disconnected 1006  @ webpack-internal:///(app-pages-browser)/./lib/chat-transport.ts:36
[  262336ms] [LOG] [ChatTransport] Reconnecting... (3/5) @ webpack-internal:///(app-pages-browser)/./lib/chat-transport.ts:41
[  264385ms] [LOG] [ChatTransport] WebSocket connected @ webpack-internal:///(app-pages-browser)/./lib/chat-transport.ts:25
[  265642ms] [LOG] [ChatTransport] WebSocket connected @ webpack-internal:///(app-pages-browser)/./lib/chat-transport.ts:25
