[     762ms] [INFO] %cDownload the React DevTools for a better development experience: https://react.dev/link/react-devtools font-weight:bold @ webpack-internal:///(app-pages-browser)/./node_modules/next/dist/compiled/react-dom/cjs/react-dom-client.development.js:25630
[    1426ms] [ERROR] Failed to load resource: the server responded with a status of 401 (Unauthorized) @ http://localhost:8000/api/v1/auth/me:0
[    1460ms] [LOG] [Chat] Store conversation changed: 63d28fe3-637f-488d-a2b9-df4f86be47e3 @ webpack-internal:///(app-pages-browser)/./app/chat/page.tsx:161
[    1463ms] [WARNING] WebSocket connection to 'ws://localhost:8000/ws/chat' failed: WebSocket is closed before the connection is established. @ webpack-internal:///(app-pages-browser)/./lib/chat-transport.ts:56
[    1466ms] [LOG] [Chat] Store conversation changed: 63d28fe3-637f-488d-a2b9-df4f86be47e3 @ webpack-internal:///(app-pages-browser)/./app/chat/page.tsx:161
[    1492ms] [ERROR] [ChatTransport] WebSocket error: Event @ webpack-internal:///(app-pages-browser)/./node_modules/next/dist/next-devtools/userspace/app/errors/intercept-console-error.js:56
[    1492ms] [ERROR] Event @ webpack-internal:///(app-pages-browser)/./node_modules/next/dist/next-devtools/userspace/app/errors/intercept-console-error.js:56
[    1493ms] [LOG] [ChatTransport] WebSocket disconnected 1006  @ webpack-internal:///(app-pages-browser)/./lib/chat-transport.ts:36
[    1494ms] [LOG] [ChatTransport] Reconnecting... (1/5) @ webpack-internal:///(app-pages-browser)/./lib/chat-transport.ts:41
[    1517ms] [LOG] [Chat] User initialized: f62f4ec5-1874-4821-97e9-b2c70b35805d @ webpack-internal:///(app-pages-browser)/./app/chat/page.tsx:54
[    1521ms] [LOG] [Chat] User initialized: f62f4ec5-1874-4821-97e9-b2c70b35805d @ webpack-internal:///(app-pages-browser)/./app/chat/page.tsx:54
[    1540ms] [LOG] [Chat] User ID set to transport: f62f4ec5-1874-4821-97e9-b2c70b35805d @ webpack-internal:///(app-pages-browser)/./app/chat/page.tsx:97
[    1790ms] [LOG] [ChatTransport] WebSocket connected @ webpack-internal:///(app-pages-browser)/./lib/chat-transport.ts:25
[    2819ms] [LOG] [ChatTransport] WebSocket connected @ webpack-internal:///(app-pages-browser)/./lib/chat-transport.ts:25
[   27076ms] [LOG] [ChatTransport] sendMessage called, content: 帮我查一下北京明天的天气 @ webpack-internal:///(app-pages-browser)/./lib/chat-transport.ts:81
[   27076ms] [LOG] [ChatTransport] isConnected: true ws.readyState: 1 @ webpack-internal:///(app-pages-browser)/./lib/chat-transport.ts:82
[   27076ms] [LOG] [ChatTransport] has_image: false @ webpack-internal:///(app-pages-browser)/./lib/chat-transport.ts:83
[   27076ms] [LOG] [ChatTransport] Sending WebSocket message: msg_1776338806837_3mv3jla 帮我查一下北京明天的天气 @ webpack-internal:///(app-pages-browser)/./lib/chat-transport.ts:100
[   27076ms] [LOG] [ChatTransport] send() called, isConnected: true readyState: 1 @ webpack-internal:///(app-pages-browser)/./lib/chat-transport.ts:69
[   27076ms] [LOG] [ChatTransport] Sending WebSocket data: {"type":"message","session_id":"session_1776338781226_3vz2qsz","conversation_id":"63d28fe3-637f-488d-a2b9-df4f86be47e3","user_id":"f62f4ec5-1874-4821-97e9-b2c70b35805d","content":"帮我查一下北京明天的天气","has_image":false} @ webpack-internal:///(app-pages-browser)/./lib/chat-transport.ts:71
[   32954ms] [LOG] [ChatTransport] Received WebSocket response: {"type":"delta","content":"根据","error":null,"message_id":"28c0cf58-caca-4f5a-965d-d6ce7b70de83","conversation_id":null,"itinerary":null} @ webpack-internal:///(app-pages-browser)/./lib/chat-transport.ts:103
[   33181ms] [LOG] [ChatTransport] Received WebSocket response: {"type":"delta","content":"查询","error":null,"message_id":"28c0cf58-caca-4f5a-965d-d6ce7b70de83","conversation_id":null,"itinerary":null} @ webpack-internal:///(app-pages-browser)/./lib/chat-transport.ts:103
[   33238ms] [LOG] [ChatTransport] Received WebSocket response: {"type":"delta","content":"结果","error":null,"message_id":"28c0cf58-caca-4f5a-965d-d6ce7b70de83","conversation_id":null,"itinerary":null} @ webpack-internal:///(app-pages-browser)/./lib/chat-transport.ts:103
[   33307ms] [LOG] [ChatTransport] Received WebSocket response: {"type":"delta","content":"，","error":null,"message_id":"28c0cf58-caca-4f5a-965d-d6ce7b70de83","conversation_id":null,"itinerary":null} @ webpack-internal:///(app-pages-browser)/./lib/chat-transport.ts:103
[   33314ms] [LOG] [ChatTransport] Received WebSocket response: {"type":"delta","content":"**","error":null,"message_id":"28c0cf58-caca-4f5a-965d-d6ce7b70de83","conversation_id":null,"itinerary":null} @ webpack-internal:///(app-pages-browser)/./lib/chat-transport.ts:103
[   33383ms] [LOG] [ChatTransport] Received WebSocket response: {"type":"delta","content":"北京","error":null,"message_id":"28c0cf58-caca-4f5a-965d-d6ce7b70de83","conversation_id":null,"itinerary":null} @ webpack-internal:///(app-pages-browser)/./lib/chat-transport.ts:103
[   33402ms] [LOG] [ChatTransport] Received WebSocket response: {"type":"delta","content":"明天","error":null,"message_id":"28c0cf58-caca-4f5a-965d-d6ce7b70de83","conversation_id":null,"itinerary":null} @ webpack-internal:///(app-pages-browser)/./lib/chat-transport.ts:103
[   33459ms] [LOG] [ChatTransport] Received WebSocket response: {"type":"delta","content":"（","error":null,"message_id":"28c0cf58-caca-4f5a-965d-d6ce7b70de83","conversation_id":null,"itinerary":null} @ webpack-internal:///(app-pages-browser)/./lib/chat-transport.ts:103
[   33471ms] [LOG] [ChatTransport] Received WebSocket response: {"type":"delta","content":"202","error":null,"message_id":"28c0cf58-caca-4f5a-965d-d6ce7b70de83","conversation_id":null,"itinerary":null} @ webpack-internal:///(app-pages-browser)/./lib/chat-transport.ts:103
[   33533ms] [LOG] [ChatTransport] Received WebSocket response: {"type":"delta","content":"6","error":null,"message_id":"28c0cf58-caca-4f5a-965d-d6ce7b70de83","conversation_id":null,"itinerary":null} @ webpack-internal:///(app-pages-browser)/./lib/chat-transport.ts:103
[   33540ms] [LOG] [ChatTransport] Received WebSocket response: {"type":"delta","content":"年","error":null,"message_id":"28c0cf58-caca-4f5a-965d-d6ce7b70de83","conversation_id":null,"itinerary":null} @ webpack-internal:///(app-pages-browser)/./lib/chat-transport.ts:103
[   33623ms] [LOG] [ChatTransport] Received WebSocket response: {"type":"delta","content":"4","error":null,"message_id":"28c0cf58-caca-4f5a-965d-d6ce7b70de83","conversation_id":null,"itinerary":null} @ webpack-internal:///(app-pages-browser)/./lib/chat-transport.ts:103
[   33633ms] [LOG] [ChatTransport] Received WebSocket response: {"type":"delta","content":"月","error":null,"message_id":"28c0cf58-caca-4f5a-965d-d6ce7b70de83","conversation_id":null,"itinerary":null} @ webpack-internal:///(app-pages-browser)/./lib/chat-transport.ts:103
[   33792ms] [LOG] [ChatTransport] Received WebSocket response: {"type":"delta","content":"17","error":null,"message_id":"28c0cf58-caca-4f5a-965d-d6ce7b70de83","conversation_id":null,"itinerary":null} @ webpack-internal:///(app-pages-browser)/./lib/chat-transport.ts:103
[   33808ms] [LOG] [ChatTransport] Received WebSocket response: {"type":"delta","content":"日","error":null,"message_id":"28c0cf58-caca-4f5a-965d-d6ce7b70de83","conversation_id":null,"itinerary":null} @ webpack-internal:///(app-pages-browser)/./lib/chat-transport.ts:103
[   33809ms] [LOG] [ChatTransport] Received WebSocket response: {"type":"delta","content":"，","error":null,"message_id":"28c0cf58-caca-4f5a-965d-d6ce7b70de83","conversation_id":null,"itinerary":null} @ webpack-internal:///(app-pages-browser)/./lib/chat-transport.ts:103
[   33809ms] [LOG] [ChatTransport] Received WebSocket response: {"type":"delta","content":"周五","error":null,"message_id":"28c0cf58-caca-4f5a-965d-d6ce7b70de83","conversation_id":null,"itinerary":null} @ webpack-internal:///(app-pages-browser)/./lib/chat-transport.ts:103
[   33837ms] [LOG] [ChatTransport] Received WebSocket response: {"type":"delta","content":"）","error":null,"message_id":"28c0cf58-caca-4f5a-965d-d6ce7b70de83","conversation_id":null,"itinerary":null} @ webpack-internal:///(app-pages-browser)/./lib/chat-transport.ts:103
[   33849ms] [LOG] [ChatTransport] Received WebSocket response: {"type":"delta","content":"的","error":null,"message_id":"28c0cf58-caca-4f5a-965d-d6ce7b70de83","conversation_id":null,"itinerary":null} @ webpack-internal:///(app-pages-browser)/./lib/chat-transport.ts:103
[   33910ms] [LOG] [ChatTransport] Received WebSocket response: {"type":"delta","content":"天气","error":null,"message_id":"28c0cf58-caca-4f5a-965d-d6ce7b70de83","conversation_id":null,"itinerary":null} @ webpack-internal:///(app-pages-browser)/./lib/chat-transport.ts:103
[   33915ms] [LOG] [ChatTransport] Received WebSocket response: {"type":"delta","content":"情况","error":null,"message_id":"28c0cf58-caca-4f5a-965d-d6ce7b70de83","conversation_id":null,"itinerary":null} @ webpack-internal:///(app-pages-browser)/./lib/chat-transport.ts:103
[   33998ms] [LOG] [ChatTransport] Received WebSocket response: {"type":"delta","content":"如下","error":null,"message_id":"28c0cf58-caca-4f5a-965d-d6ce7b70de83","conversation_id":null,"itinerary":null} @ webpack-internal:///(app-pages-browser)/./lib/chat-transport.ts:103
[   34009ms] [LOG] [ChatTransport] Received WebSocket response: {"type":"delta","content":"**","error":null,"message_id":"28c0cf58-caca-4f5a-965d-d6ce7b70de83","conversation_id":null,"itinerary":null} @ webpack-internal:///(app-pages-browser)/./lib/chat-transport.ts:103
[   34055ms] [LOG] [ChatTransport] Received WebSocket response: {"type":"delta","content":"：\n\n","error":null,"message_id":"28c0cf58-caca-4f5a-965d-d6ce7b70de83","conversation_id":null,"itinerary":null} @ webpack-internal:///(app-pages-browser)/./lib/chat-transport.ts:103
[   34065ms] [LOG] [ChatTransport] Received WebSocket response: {"type":"delta","content":"##","error":null,"message_id":"28c0cf58-caca-4f5a-965d-d6ce7b70de83","conversation_id":null,"itinerary":null} @ webpack-internal:///(app-pages-browser)/./lib/chat-transport.ts:103
[   34142ms] [LOG] [ChatTransport] Received WebSocket response: {"type":"delta","content":" 🌤","error":null,"message_id":"28c0cf58-caca-4f5a-965d-d6ce7b70de83","conversation_id":null,"itinerary":null} @ webpack-internal:///(app-pages-browser)/./lib/chat-transport.ts:103
[   34205ms] [LOG] [ChatTransport] Received WebSocket response: {"type":"delta","content":"️","error":null,"message_id":"28c0cf58-caca-4f5a-965d-d6ce7b70de83","conversation_id":null,"itinerary":null} @ webpack-internal:///(app-pages-browser)/./lib/chat-transport.ts:103
[   34216ms] [LOG] [ChatTransport] Received WebSocket response: {"type":"delta","content":" **","error":null,"message_id":"28c0cf58-caca-4f5a-965d-d6ce7b70de83","conversation_id":null,"itinerary":null} @ webpack-internal:///(app-pages-browser)/./lib/chat-transport.ts:103
[   34267ms] [LOG] [ChatTransport] Received WebSocket response: {"type":"delta","content":"北京","error":null,"message_id":"28c0cf58-caca-4f5a-965d-d6ce7b70de83","conversation_id":null,"itinerary":null} @ webpack-internal:///(app-pages-browser)/./lib/chat-transport.ts:103
[   34344ms] [LOG] [ChatTransport] Received WebSocket response: {"type":"delta","content":"明日","error":null,"message_id":"28c0cf58-caca-4f5a-965d-d6ce7b70de83","conversation_id":null,"itinerary":null} @ webpack-internal:///(app-pages-browser)/./lib/chat-transport.ts:103
[   34412ms] [LOG] [ChatTransport] Received WebSocket response: {"type":"delta","content":"天气","error":null,"message_id":"28c0cf58-caca-4f5a-965d-d6ce7b70de83","conversation_id":null,"itinerary":null} @ webpack-internal:///(app-pages-browser)/./lib/chat-transport.ts:103
[   34413ms] [LOG] [ChatTransport] Received WebSocket response: {"type":"delta","content":"详情","error":null,"message_id":"28c0cf58-caca-4f5a-965d-d6ce7b70de83","conversation_id":null,"itinerary":null} @ webpack-internal:///(app-pages-browser)/./lib/chat-transport.ts:103
[   34497ms] [LOG] [ChatTransport] Received WebSocket response: {"type":"delta","content":"**\n","error":null,"message_id":"28c0cf58-caca-4f5a-965d-d6ce7b70de83","conversation_id":null,"itinerary":null} @ webpack-internal:///(app-pages-browser)/./lib/chat-transport.ts:103
[   34498ms] [LOG] [ChatTransport] Received WebSocket response: {"type":"delta","content":"-","error":null,"message_id":"28c0cf58-caca-4f5a-965d-d6ce7b70de83","conversation_id":null,"itinerary":null} @ webpack-internal:///(app-pages-browser)/./lib/chat-transport.ts:103
[   34573ms] [LOG] [ChatTransport] Received WebSocket response: {"type":"delta","content":" **","error":null,"message_id":"28c0cf58-caca-4f5a-965d-d6ce7b70de83","conversation_id":null,"itinerary":null} @ webpack-internal:///(app-pages-browser)/./lib/chat-transport.ts:103
[   34585ms] [LOG] [ChatTransport] Received WebSocket response: {"type":"delta","content":"天气","error":null,"message_id":"28c0cf58-caca-4f5a-965d-d6ce7b70de83","conversation_id":null,"itinerary":null} @ webpack-internal:///(app-pages-browser)/./lib/chat-transport.ts:103
[   34646ms] [LOG] [ChatTransport] Received WebSocket response: {"type":"delta","content":"**","error":null,"message_id":"28c0cf58-caca-4f5a-965d-d6ce7b70de83","conversation_id":null,"itinerary":null} @ webpack-internal:///(app-pages-browser)/./lib/chat-transport.ts:103
[   34662ms] [LOG] [ChatTransport] Received WebSocket response: {"type":"delta","content":"：","error":null,"message_id":"28c0cf58-caca-4f5a-965d-d6ce7b70de83","conversation_id":null,"itinerary":null} @ webpack-internal:///(app-pages-browser)/./lib/chat-transport.ts:103
[   34710ms] [LOG] [ChatTransport] Received WebSocket response: {"type":"delta","content":"晴","error":null,"message_id":"28c0cf58-caca-4f5a-965d-d6ce7b70de83","conversation_id":null,"itinerary":null} @ webpack-internal:///(app-pages-browser)/./lib/chat-transport.ts:103
[   34721ms] [LOG] [ChatTransport] Received WebSocket response: {"type":"delta","content":"转","error":null,"message_id":"28c0cf58-caca-4f5a-965d-d6ce7b70de83","conversation_id":null,"itinerary":null} @ webpack-internal:///(app-pages-browser)/./lib/chat-transport.ts:103
[   34787ms] [LOG] [ChatTransport] Received WebSocket response: {"type":"delta","content":"晴","error":null,"message_id":"28c0cf58-caca-4f5a-965d-d6ce7b70de83","conversation_id":null,"itinerary":null} @ webpack-internal:///(app-pages-browser)/./lib/chat-transport.ts:103
[   34878ms] [LOG] [ChatTransport] Received WebSocket response: {"type":"delta","content":" ☀","error":null,"message_id":"28c0cf58-caca-4f5a-965d-d6ce7b70de83","conversation_id":null,"itinerary":null} @ webpack-internal:///(app-pages-browser)/./lib/chat-transport.ts:103
[   34884ms] [LOG] [ChatTransport] Received WebSocket response: {"type":"delta","content":"️","error":null,"message_id":"28c0cf58-caca-4f5a-965d-d6ce7b70de83","conversation_id":null,"itinerary":null} @ webpack-internal:///(app-pages-browser)/./lib/chat-transport.ts:103
[   34933ms] [LOG] [ChatTransport] Received WebSocket response: {"type":"delta","content":"\n","error":null,"message_id":"28c0cf58-caca-4f5a-965d-d6ce7b70de83","conversation_id":null,"itinerary":null} @ webpack-internal:///(app-pages-browser)/./lib/chat-transport.ts:103
[   34934ms] [LOG] [ChatTransport] Received WebSocket response: {"type":"delta","content":"-","error":null,"message_id":"28c0cf58-caca-4f5a-965d-d6ce7b70de83","conversation_id":null,"itinerary":null} @ webpack-internal:///(app-pages-browser)/./lib/chat-transport.ts:103
[   35012ms] [LOG] [ChatTransport] Received WebSocket response: {"type":"delta","content":" **","error":null,"message_id":"28c0cf58-caca-4f5a-965d-d6ce7b70de83","conversation_id":null,"itinerary":null} @ webpack-internal:///(app-pages-browser)/./lib/chat-transport.ts:103
[   35013ms] [LOG] [ChatTransport] Received WebSocket response: {"type":"delta","content":"温度","error":null,"message_id":"28c0cf58-caca-4f5a-965d-d6ce7b70de83","conversation_id":null,"itinerary":null} @ webpack-internal:///(app-pages-browser)/./lib/chat-transport.ts:103
[   35080ms] [LOG] [ChatTransport] Received WebSocket response: {"type":"delta","content":"**","error":null,"message_id":"28c0cf58-caca-4f5a-965d-d6ce7b70de83","conversation_id":null,"itinerary":null} @ webpack-internal:///(app-pages-browser)/./lib/chat-transport.ts:103
[   35081ms] [LOG] [ChatTransport] Received WebSocket response: {"type":"delta","content":"：","error":null,"message_id":"28c0cf58-caca-4f5a-965d-d6ce7b70de83","conversation_id":null,"itinerary":null} @ webpack-internal:///(app-pages-browser)/./lib/chat-transport.ts:103
[   35357ms] [LOG] [ChatTransport] Received WebSocket response: {"type":"delta","content":"13","error":null,"message_id":"28c0cf58-caca-4f5a-965d-d6ce7b70de83","conversation_id":null,"itinerary":null} @ webpack-internal:///(app-pages-browser)/./lib/chat-transport.ts:103
[   35368ms] [LOG] [ChatTransport] Received WebSocket response: {"type":"delta","content":"°","error":null,"message_id":"28c0cf58-caca-4f5a-965d-d6ce7b70de83","conversation_id":null,"itinerary":null} @ webpack-internal:///(app-pages-browser)/./lib/chat-transport.ts:103
[   35375ms] [LOG] [ChatTransport] Received WebSocket response: {"type":"delta","content":"C","error":null,"message_id":"28c0cf58-caca-4f5a-965d-d6ce7b70de83","conversation_id":null,"itinerary":null} @ webpack-internal:///(app-pages-browser)/./lib/chat-transport.ts:103
[   35375ms] [LOG] [ChatTransport] Received WebSocket response: {"type":"delta","content":" ~","error":null,"message_id":"28c0cf58-caca-4f5a-965d-d6ce7b70de83","conversation_id":null,"itinerary":null} @ webpack-internal:///(app-pages-browser)/./lib/chat-transport.ts:103
[   35376ms] [LOG] [ChatTransport] Received WebSocket response: {"type":"delta","content":" ","error":null,"message_id":"28c0cf58-caca-4f5a-965d-d6ce7b70de83","conversation_id":null,"itinerary":null} @ webpack-internal:///(app-pages-browser)/./lib/chat-transport.ts:103
[   35376ms] [LOG] [ChatTransport] Received WebSocket response: {"type":"delta","content":"24","error":null,"message_id":"28c0cf58-caca-4f5a-965d-d6ce7b70de83","conversation_id":null,"itinerary":null} @ webpack-internal:///(app-pages-browser)/./lib/chat-transport.ts:103
[   35385ms] [LOG] [ChatTransport] Received WebSocket response: {"type":"delta","content":"°","error":null,"message_id":"28c0cf58-caca-4f5a-965d-d6ce7b70de83","conversation_id":null,"itinerary":null} @ webpack-internal:///(app-pages-browser)/./lib/chat-transport.ts:103
[   35385ms] [LOG] [ChatTransport] Received WebSocket response: {"type":"delta","content":"C","error":null,"message_id":"28c0cf58-caca-4f5a-965d-d6ce7b70de83","conversation_id":null,"itinerary":null} @ webpack-internal:///(app-pages-browser)/./lib/chat-transport.ts:103
[   35477ms] [LOG] [ChatTransport] Received WebSocket response: {"type":"delta","content":"（","error":null,"message_id":"28c0cf58-caca-4f5a-965d-d6ce7b70de83","conversation_id":null,"itinerary":null} @ webpack-internal:///(app-pages-browser)/./lib/chat-transport.ts:103
[   35485ms] [LOG] [ChatTransport] Received WebSocket response: {"type":"delta","content":"舒适","error":null,"message_id":"28c0cf58-caca-4f5a-965d-d6ce7b70de83","conversation_id":null,"itinerary":null} @ webpack-internal:///(app-pages-browser)/./lib/chat-transport.ts:103
[   35524ms] [LOG] [ChatTransport] Received WebSocket response: {"type":"delta","content":"宜","error":null,"message_id":"28c0cf58-caca-4f5a-965d-d6ce7b70de83","conversation_id":null,"itinerary":null} @ webpack-internal:///(app-pages-browser)/./lib/chat-transport.ts:103
[   35525ms] [LOG] [ChatTransport] Received WebSocket response: {"type":"delta","content":"人","error":null,"message_id":"28c0cf58-caca-4f5a-965d-d6ce7b70de83","conversation_id":null,"itinerary":null} @ webpack-internal:///(app-pages-browser)/./lib/chat-transport.ts:103
[   35601ms] [LOG] [ChatTransport] Received WebSocket response: {"type":"delta","content":"）\n","error":null,"message_id":"28c0cf58-caca-4f5a-965d-d6ce7b70de83","conversation_id":null,"itinerary":null} @ webpack-internal:///(app-pages-browser)/./lib/chat-transport.ts:103
[   35613ms] [LOG] [ChatTransport] Received WebSocket response: {"type":"delta","content":"-","error":null,"message_id":"28c0cf58-caca-4f5a-965d-d6ce7b70de83","conversation_id":null,"itinerary":null} @ webpack-internal:///(app-pages-browser)/./lib/chat-transport.ts:103
[   35725ms] [LOG] [ChatTransport] Received WebSocket response: {"type":"delta","content":" **","error":null,"message_id":"28c0cf58-caca-4f5a-965d-d6ce7b70de83","conversation_id":null,"itinerary":null} @ webpack-internal:///(app-pages-browser)/./lib/chat-transport.ts:103
[   35738ms] [LOG] [ChatTransport] Received WebSocket response: {"type":"delta","content":"风力","error":null,"message_id":"28c0cf58-caca-4f5a-965d-d6ce7b70de83","conversation_id":null,"itinerary":null} @ webpack-internal:///(app-pages-browser)/./lib/chat-transport.ts:103
[   35752ms] [LOG] [ChatTransport] Received WebSocket response: {"type":"delta","content":"**","error":null,"message_id":"28c0cf58-caca-4f5a-965d-d6ce7b70de83","conversation_id":null,"itinerary":null} @ webpack-internal:///(app-pages-browser)/./lib/chat-transport.ts:103
[   35768ms] [LOG] [ChatTransport] Received WebSocket response: {"type":"delta","content":"：","error":null,"message_id":"28c0cf58-caca-4f5a-965d-d6ce7b70de83","conversation_id":null,"itinerary":null} @ webpack-internal:///(app-pages-browser)/./lib/chat-transport.ts:103
[   35986ms] [LOG] [ChatTransport] Received WebSocket response: {"type":"delta","content":"南","error":null,"message_id":"28c0cf58-caca-4f5a-965d-d6ce7b70de83","conversation_id":null,"itinerary":null} @ webpack-internal:///(app-pages-browser)/./lib/chat-transport.ts:103
[   35995ms] [LOG] [ChatTransport] Received WebSocket response: {"type":"delta","content":"风","error":null,"message_id":"28c0cf58-caca-4f5a-965d-d6ce7b70de83","conversation_id":null,"itinerary":null} @ webpack-internal:///(app-pages-browser)/./lib/chat-transport.ts:103
[   36007ms] [LOG] [ChatTransport] Received WebSocket response: {"type":"delta","content":"1","error":null,"message_id":"28c0cf58-caca-4f5a-965d-d6ce7b70de83","conversation_id":null,"itinerary":null} @ webpack-internal:///(app-pages-browser)/./lib/chat-transport.ts:103
[   36008ms] [LOG] [ChatTransport] Received WebSocket response: {"type":"delta","content":"-","error":null,"message_id":"28c0cf58-caca-4f5a-965d-d6ce7b70de83","conversation_id":null,"itinerary":null} @ webpack-internal:///(app-pages-browser)/./lib/chat-transport.ts:103
[   36008ms] [LOG] [ChatTransport] Received WebSocket response: {"type":"delta","content":"3","error":null,"message_id":"28c0cf58-caca-4f5a-965d-d6ce7b70de83","conversation_id":null,"itinerary":null} @ webpack-internal:///(app-pages-browser)/./lib/chat-transport.ts:103
[   36009ms] [LOG] [ChatTransport] Received WebSocket response: {"type":"delta","content":"级","error":null,"message_id":"28c0cf58-caca-4f5a-965d-d6ce7b70de83","conversation_id":null,"itinerary":null} @ webpack-internal:///(app-pages-browser)/./lib/chat-transport.ts:103
[   36059ms] [LOG] [ChatTransport] Received WebSocket response: {"type":"delta","content":"（","error":null,"message_id":"28c0cf58-caca-4f5a-965d-d6ce7b70de83","conversation_id":null,"itinerary":null} @ webpack-internal:///(app-pages-browser)/./lib/chat-transport.ts:103
[   36070ms] [LOG] [ChatTransport] Received WebSocket response: {"type":"delta","content":"微风","error":null,"message_id":"28c0cf58-caca-4f5a-965d-d6ce7b70de83","conversation_id":null,"itinerary":null} @ webpack-internal:///(app-pages-browser)/./lib/chat-transport.ts:103
[   36184ms] [LOG] [ChatTransport] Received WebSocket response: {"type":"delta","content":"）\n","error":null,"message_id":"28c0cf58-caca-4f5a-965d-d6ce7b70de83","conversation_id":null,"itinerary":null} @ webpack-internal:///(app-pages-browser)/./lib/chat-transport.ts:103
[   36200ms] [LOG] [ChatTransport] Received WebSocket response: {"type":"delta","content":"-","error":null,"message_id":"28c0cf58-caca-4f5a-965d-d6ce7b70de83","conversation_id":null,"itinerary":null} @ webpack-internal:///(app-pages-browser)/./lib/chat-transport.ts:103
[   36201ms] [LOG] [ChatTransport] Received WebSocket response: {"type":"delta","content":" **","error":null,"message_id":"28c0cf58-caca-4f5a-965d-d6ce7b70de83","conversation_id":null,"itinerary":null} @ webpack-internal:///(app-pages-browser)/./lib/chat-transport.ts:103
[   36212ms] [LOG] [ChatTransport] Received WebSocket response: {"type":"delta","content":"出行","error":null,"message_id":"28c0cf58-caca-4f5a-965d-d6ce7b70de83","conversation_id":null,"itinerary":null} @ webpack-internal:///(app-pages-browser)/./lib/chat-transport.ts:103
[   36328ms] [LOG] [ChatTransport] Received WebSocket response: {"type":"delta","content":"建议","error":null,"message_id":"28c0cf58-caca-4f5a-965d-d6ce7b70de83","conversation_id":null,"itinerary":null} @ webpack-internal:///(app-pages-browser)/./lib/chat-transport.ts:103
[   36340ms] [LOG] [ChatTransport] Received WebSocket response: {"type":"delta","content":"**","error":null,"message_id":"28c0cf58-caca-4f5a-965d-d6ce7b70de83","conversation_id":null,"itinerary":null} @ webpack-internal:///(app-pages-browser)/./lib/chat-transport.ts:103
[   36353ms] [LOG] [ChatTransport] Received WebSocket response: {"type":"delta","content":"：","error":null,"message_id":"28c0cf58-caca-4f5a-965d-d6ce7b70de83","conversation_id":null,"itinerary":null} @ webpack-internal:///(app-pages-browser)/./lib/chat-transport.ts:103
[   36419ms] [LOG] [ChatTransport] Received WebSocket response: {"type":"delta","content":"天气","error":null,"message_id":"28c0cf58-caca-4f5a-965d-d6ce7b70de83","conversation_id":null,"itinerary":null} @ webpack-internal:///(app-pages-browser)/./lib/chat-transport.ts:103
[   36431ms] [LOG] [ChatTransport] Received WebSocket response: {"type":"delta","content":"晴朗","error":null,"message_id":"28c0cf58-caca-4f5a-965d-d6ce7b70de83","conversation_id":null,"itinerary":null} @ webpack-internal:///(app-pages-browser)/./lib/chat-transport.ts:103
[   36496ms] [LOG] [ChatTransport] Received WebSocket response: {"type":"delta","content":"，","error":null,"message_id":"28c0cf58-caca-4f5a-965d-d6ce7b70de83","conversation_id":null,"itinerary":null} @ webpack-internal:///(app-pages-browser)/./lib/chat-transport.ts:103
[   36496ms] [LOG] [ChatTransport] Received WebSocket response: {"type":"delta","content":"适合","error":null,"message_id":"28c0cf58-caca-4f5a-965d-d6ce7b70de83","conversation_id":null,"itinerary":null} @ webpack-internal:///(app-pages-browser)/./lib/chat-transport.ts:103
[   36566ms] [LOG] [ChatTransport] Received WebSocket response: {"type":"delta","content":"出行","error":null,"message_id":"28c0cf58-caca-4f5a-965d-d6ce7b70de83","conversation_id":null,"itinerary":null} @ webpack-internal:///(app-pages-browser)/./lib/chat-transport.ts:103
[   36580ms] [LOG] [ChatTransport] Received WebSocket response: {"type":"delta","content":"和","error":null,"message_id":"28c0cf58-caca-4f5a-965d-d6ce7b70de83","conversation_id":null,"itinerary":null} @ webpack-internal:///(app-pages-browser)/./lib/chat-transport.ts:103
[   36633ms] [LOG] [ChatTransport] Received WebSocket response: {"type":"delta","content":"拍照","error":null,"message_id":"28c0cf58-caca-4f5a-965d-d6ce7b70de83","conversation_id":null,"itinerary":null} @ webpack-internal:///(app-pages-browser)/./lib/chat-transport.ts:103
[   36646ms] [LOG] [ChatTransport] Received WebSocket response: {"type":"delta","content":"\n\n","error":null,"message_id":"28c0cf58-caca-4f5a-965d-d6ce7b70de83","conversation_id":null,"itinerary":null} @ webpack-internal:///(app-pages-browser)/./lib/chat-transport.ts:103
[   36739ms] [LOG] [ChatTransport] Received WebSocket response: {"type":"delta","content":"##","error":null,"message_id":"28c0cf58-caca-4f5a-965d-d6ce7b70de83","conversation_id":null,"itinerary":null} @ webpack-internal:///(app-pages-browser)/./lib/chat-transport.ts:103
[   36779ms] [LOG] [ChatTransport] Received WebSocket response: {"type":"delta","content":" 📊","error":null,"message_id":"28c0cf58-caca-4f5a-965d-d6ce7b70de83","conversation_id":null,"itinerary":null} @ webpack-internal:///(app-pages-browser)/./lib/chat-transport.ts:103
[   36848ms] [LOG] [ChatTransport] Received WebSocket response: {"type":"delta","content":" **","error":null,"message_id":"28c0cf58-caca-4f5a-965d-d6ce7b70de83","conversation_id":null,"itinerary":null} @ webpack-internal:///(app-pages-browser)/./lib/chat-transport.ts:103
[   36862ms] [LOG] [ChatTransport] Received WebSocket response: {"type":"delta","content":"未来","error":null,"message_id":"28c0cf58-caca-4f5a-965d-d6ce7b70de83","conversation_id":null,"itinerary":null} @ webpack-internal:///(app-pages-browser)/./lib/chat-transport.ts:103
[   36936ms] [LOG] [ChatTransport] Received WebSocket response: {"type":"delta","content":"几天","error":null,"message_id":"28c0cf58-caca-4f5a-965d-d6ce7b70de83","conversation_id":null,"itinerary":null} @ webpack-internal:///(app-pages-browser)/./lib/chat-transport.ts:103
[   36940ms] [LOG] [ChatTransport] Received WebSocket response: {"type":"delta","content":"天气","error":null,"message_id":"28c0cf58-caca-4f5a-965d-d6ce7b70de83","conversation_id":null,"itinerary":null} @ webpack-internal:///(app-pages-browser)/./lib/chat-transport.ts:103
[   37084ms] [LOG] [ChatTransport] Received WebSocket response: {"type":"delta","content":"趋势","error":null,"message_id":"28c0cf58-caca-4f5a-965d-d6ce7b70de83","conversation_id":null,"itinerary":null} @ webpack-internal:///(app-pages-browser)/./lib/chat-transport.ts:103
[   37085ms] [LOG] [ChatTransport] Received WebSocket response: {"type":"delta","content":"**\n","error":null,"message_id":"28c0cf58-caca-4f5a-965d-d6ce7b70de83","conversation_id":null,"itinerary":null} @ webpack-internal:///(app-pages-browser)/./lib/chat-transport.ts:103
[   37100ms] [LOG] [ChatTransport] Received WebSocket response: {"type":"delta","content":"1","error":null,"message_id":"28c0cf58-caca-4f5a-965d-d6ce7b70de83","conversation_id":null,"itinerary":null} @ webpack-internal:///(app-pages-browser)/./lib/chat-transport.ts:103
[   37162ms] [LOG] [ChatTransport] Received WebSocket response: {"type":"delta","content":".","error":null,"message_id":"28c0cf58-caca-4f5a-965d-d6ce7b70de83","conversation_id":null,"itinerary":null} @ webpack-internal:///(app-pages-browser)/./lib/chat-transport.ts:103
[   37172ms] [LOG] [ChatTransport] Received WebSocket response: {"type":"delta","content":" **","error":null,"message_id":"28c0cf58-caca-4f5a-965d-d6ce7b70de83","conversation_id":null,"itinerary":null} @ webpack-internal:///(app-pages-browser)/./lib/chat-transport.ts:103
[   37250ms] [LOG] [ChatTransport] Received WebSocket response: {"type":"delta","content":"今天","error":null,"message_id":"28c0cf58-caca-4f5a-965d-d6ce7b70de83","conversation_id":null,"itinerary":null} @ webpack-internal:///(app-pages-browser)/./lib/chat-transport.ts:103
[   37252ms] [LOG] [ChatTransport] Received WebSocket response: {"type":"delta","content":"（","error":null,"message_id":"28c0cf58-caca-4f5a-965d-d6ce7b70de83","conversation_id":null,"itinerary":null} @ webpack-internal:///(app-pages-browser)/./lib/chat-transport.ts:103
[   37316ms] [LOG] [ChatTransport] Received WebSocket response: {"type":"delta","content":"4","error":null,"message_id":"28c0cf58-caca-4f5a-965d-d6ce7b70de83","conversation_id":null,"itinerary":null} @ webpack-internal:///(app-pages-browser)/./lib/chat-transport.ts:103
[   37316ms] [LOG] [ChatTransport] Received WebSocket response: {"type":"delta","content":"月","error":null,"message_id":"28c0cf58-caca-4f5a-965d-d6ce7b70de83","conversation_id":null,"itinerary":null} @ webpack-internal:///(app-pages-browser)/./lib/chat-transport.ts:103
[   37390ms] [LOG] [ChatTransport] Received WebSocket response: {"type":"delta","content":"16","error":null,"message_id":"28c0cf58-caca-4f5a-965d-d6ce7b70de83","conversation_id":null,"itinerary":null} @ webpack-internal:///(app-pages-browser)/./lib/chat-transport.ts:103
[   37400ms] [LOG] [ChatTransport] Received WebSocket response: {"type":"delta","content":"日","error":null,"message_id":"28c0cf58-caca-4f5a-965d-d6ce7b70de83","conversation_id":null,"itinerary":null} @ webpack-internal:///(app-pages-browser)/./lib/chat-transport.ts:103
[   37450ms] [LOG] [ChatTransport] Received WebSocket response: {"type":"delta","content":"）","error":null,"message_id":"28c0cf58-caca-4f5a-965d-d6ce7b70de83","conversation_id":null,"itinerary":null} @ webpack-internal:///(app-pages-browser)/./lib/chat-transport.ts:103
[   37451ms] [LOG] [ChatTransport] Received WebSocket response: {"type":"delta","content":"**","error":null,"message_id":"28c0cf58-caca-4f5a-965d-d6ce7b70de83","conversation_id":null,"itinerary":null} @ webpack-internal:///(app-pages-browser)/./lib/chat-transport.ts:103
[   37519ms] [LOG] [ChatTransport] Received WebSocket response: {"type":"delta","content":"：","error":null,"message_id":"28c0cf58-caca-4f5a-965d-d6ce7b70de83","conversation_id":null,"itinerary":null} @ webpack-internal:///(app-pages-browser)/./lib/chat-transport.ts:103
[   37534ms] [LOG] [ChatTransport] Received WebSocket response: {"type":"delta","content":"小雨","error":null,"message_id":"28c0cf58-caca-4f5a-965d-d6ce7b70de83","conversation_id":null,"itinerary":null} @ webpack-internal:///(app-pages-browser)/./lib/chat-transport.ts:103
[   37618ms] [LOG] [ChatTransport] Received WebSocket response: {"type":"delta","content":"转","error":null,"message_id":"28c0cf58-caca-4f5a-965d-d6ce7b70de83","conversation_id":null,"itinerary":null} @ webpack-internal:///(app-pages-browser)/./lib/chat-transport.ts:103
[   37629ms] [LOG] [ChatTransport] Received WebSocket response: {"type":"delta","content":"小雨","error":null,"message_id":"28c0cf58-caca-4f5a-965d-d6ce7b70de83","conversation_id":null,"itinerary":null} @ webpack-internal:///(app-pages-browser)/./lib/chat-transport.ts:103
[   37677ms] [LOG] [ChatTransport] Received WebSocket response: {"type":"delta","content":"，","error":null,"message_id":"28c0cf58-caca-4f5a-965d-d6ce7b70de83","conversation_id":null,"itinerary":null} @ webpack-internal:///(app-pages-browser)/./lib/chat-transport.ts:103
[   37685ms] [LOG] [ChatTransport] Received WebSocket response: {"type":"delta","content":"11","error":null,"message_id":"28c0cf58-caca-4f5a-965d-d6ce7b70de83","conversation_id":null,"itinerary":null} @ webpack-internal:///(app-pages-browser)/./lib/chat-transport.ts:103
[   37741ms] [LOG] [ChatTransport] Received WebSocket response: {"type":"delta","content":"-","error":null,"message_id":"28c0cf58-caca-4f5a-965d-d6ce7b70de83","conversation_id":null,"itinerary":null} @ webpack-internal:///(app-pages-browser)/./lib/chat-transport.ts:103
[   37742ms] [LOG] [ChatTransport] Received WebSocket response: {"type":"delta","content":"20","error":null,"message_id":"28c0cf58-caca-4f5a-965d-d6ce7b70de83","conversation_id":null,"itinerary":null} @ webpack-internal:///(app-pages-browser)/./lib/chat-transport.ts:103
[   37868ms] [LOG] [ChatTransport] Received WebSocket response: {"type":"delta","content":"°","error":null,"message_id":"28c0cf58-caca-4f5a-965d-d6ce7b70de83","conversation_id":null,"itinerary":null} @ webpack-internal:///(app-pages-browser)/./lib/chat-transport.ts:103
[   37869ms] [LOG] [ChatTransport] Received WebSocket response: {"type":"delta","content":"C","error":null,"message_id":"28c0cf58-caca-4f5a-965d-d6ce7b70de83","conversation_id":null,"itinerary":null} @ webpack-internal:///(app-pages-browser)/./lib/chat-transport.ts:103
[   37901ms] [LOG] [ChatTransport] Received WebSocket response: {"type":"delta","content":"（","error":null,"message_id":"28c0cf58-caca-4f5a-965d-d6ce7b70de83","conversation_id":null,"itinerary":null} @ webpack-internal:///(app-pages-browser)/./lib/chat-transport.ts:103
[   37909ms] [LOG] [ChatTransport] Received WebSocket response: {"type":"delta","content":"有","error":null,"message_id":"28c0cf58-caca-4f5a-965d-d6ce7b70de83","conversation_id":null,"itinerary":null} @ webpack-internal:///(app-pages-browser)/./lib/chat-transport.ts:103
[   37963ms] [LOG] [ChatTransport] Received WebSocket response: {"type":"delta","content":"雨","error":null,"message_id":"28c0cf58-caca-4f5a-965d-d6ce7b70de83","conversation_id":null,"itinerary":null} @ webpack-internal:///(app-pages-browser)/./lib/chat-transport.ts:103
[   37971ms] [LOG] [ChatTransport] Received WebSocket response: {"type":"delta","content":"）\n","error":null,"message_id":"28c0cf58-caca-4f5a-965d-d6ce7b70de83","conversation_id":null,"itinerary":null} @ webpack-internal:///(app-pages-browser)/./lib/chat-transport.ts:103
[   38035ms] [LOG] [ChatTransport] Received WebSocket response: {"type":"delta","content":"2","error":null,"message_id":"28c0cf58-caca-4f5a-965d-d6ce7b70de83","conversation_id":null,"itinerary":null} @ webpack-internal:///(app-pages-browser)/./lib/chat-transport.ts:103
[   38036ms] [LOG] [ChatTransport] Received WebSocket response: {"type":"delta","content":".","error":null,"message_id":"28c0cf58-caca-4f5a-965d-d6ce7b70de83","conversation_id":null,"itinerary":null} @ webpack-internal:///(app-pages-browser)/./lib/chat-transport.ts:103
[   38107ms] [LOG] [ChatTransport] Received WebSocket response: {"type":"delta","content":" **","error":null,"message_id":"28c0cf58-caca-4f5a-965d-d6ce7b70de83","conversation_id":null,"itinerary":null} @ webpack-internal:///(app-pages-browser)/./lib/chat-transport.ts:103
[   38114ms] [LOG] [ChatTransport] Received WebSocket response: {"type":"delta","content":"明天","error":null,"message_id":"28c0cf58-caca-4f5a-965d-d6ce7b70de83","conversation_id":null,"itinerary":null} @ webpack-internal:///(app-pages-browser)/./lib/chat-transport.ts:103
[   38191ms] [LOG] [ChatTransport] Received WebSocket response: {"type":"delta","content":"（","error":null,"message_id":"28c0cf58-caca-4f5a-965d-d6ce7b70de83","conversation_id":null,"itinerary":null} @ webpack-internal:///(app-pages-browser)/./lib/chat-transport.ts:103
[   38195ms] [LOG] [ChatTransport] Received WebSocket response: {"type":"delta","content":"4","error":null,"message_id":"28c0cf58-caca-4f5a-965d-d6ce7b70de83","conversation_id":null,"itinerary":null} @ webpack-internal:///(app-pages-browser)/./lib/chat-transport.ts:103
[   38285ms] [LOG] [ChatTransport] Received WebSocket response: {"type":"delta","content":"月","error":null,"message_id":"28c0cf58-caca-4f5a-965d-d6ce7b70de83","conversation_id":null,"itinerary":null} @ webpack-internal:///(app-pages-browser)/./lib/chat-transport.ts:103
[   38294ms] [LOG] [ChatTransport] Received WebSocket response: {"type":"delta","content":"17","error":null,"message_id":"28c0cf58-caca-4f5a-965d-d6ce7b70de83","conversation_id":null,"itinerary":null} @ webpack-internal:///(app-pages-browser)/./lib/chat-transport.ts:103
[   38329ms] [LOG] [ChatTransport] Received WebSocket response: {"type":"delta","content":"日","error":null,"message_id":"28c0cf58-caca-4f5a-965d-d6ce7b70de83","conversation_id":null,"itinerary":null} @ webpack-internal:///(app-pages-browser)/./lib/chat-transport.ts:103
[   38339ms] [LOG] [ChatTransport] Received WebSocket response: {"type":"delta","content":"）","error":null,"message_id":"28c0cf58-caca-4f5a-965d-d6ce7b70de83","conversation_id":null,"itinerary":null} @ webpack-internal:///(app-pages-browser)/./lib/chat-transport.ts:103
[   38402ms] [LOG] [ChatTransport] Received WebSocket response: {"type":"delta","content":"**","error":null,"message_id":"28c0cf58-caca-4f5a-965d-d6ce7b70de83","conversation_id":null,"itinerary":null} @ webpack-internal:///(app-pages-browser)/./lib/chat-transport.ts:103
[   38415ms] [LOG] [ChatTransport] Received WebSocket response: {"type":"delta","content":"：","error":null,"message_id":"28c0cf58-caca-4f5a-965d-d6ce7b70de83","conversation_id":null,"itinerary":null} @ webpack-internal:///(app-pages-browser)/./lib/chat-transport.ts:103
[   38476ms] [LOG] [ChatTransport] Received WebSocket response: {"type":"delta","content":"晴","error":null,"message_id":"28c0cf58-caca-4f5a-965d-d6ce7b70de83","conversation_id":null,"itinerary":null} @ webpack-internal:///(app-pages-browser)/./lib/chat-transport.ts:103
[   38484ms] [LOG] [ChatTransport] Received WebSocket response: {"type":"delta","content":"转","error":null,"message_id":"28c0cf58-caca-4f5a-965d-d6ce7b70de83","conversation_id":null,"itinerary":null} @ webpack-internal:///(app-pages-browser)/./lib/chat-transport.ts:103
[   38627ms] [LOG] [ChatTransport] Received WebSocket response: {"type":"delta","content":"晴","error":null,"message_id":"28c0cf58-caca-4f5a-965d-d6ce7b70de83","conversation_id":null,"itinerary":null} @ webpack-internal:///(app-pages-browser)/./lib/chat-transport.ts:103
[   38642ms] [LOG] [ChatTransport] Received WebSocket response: {"type":"delta","content":"，","error":null,"message_id":"28c0cf58-caca-4f5a-965d-d6ce7b70de83","conversation_id":null,"itinerary":null} @ webpack-internal:///(app-pages-browser)/./lib/chat-transport.ts:103
[   38643ms] [LOG] [ChatTransport] Received WebSocket response: {"type":"delta","content":"13","error":null,"message_id":"28c0cf58-caca-4f5a-965d-d6ce7b70de83","conversation_id":null,"itinerary":null} @ webpack-internal:///(app-pages-browser)/./lib/chat-transport.ts:103
[   38644ms] [LOG] [ChatTransport] Received WebSocket response: {"type":"delta","content":"-","error":null,"message_id":"28c0cf58-caca-4f5a-965d-d6ce7b70de83","conversation_id":null,"itinerary":null} @ webpack-internal:///(app-pages-browser)/./lib/chat-transport.ts:103
[   38707ms] [LOG] [ChatTransport] Received WebSocket response: {"type":"delta","content":"24","error":null,"message_id":"28c0cf58-caca-4f5a-965d-d6ce7b70de83","conversation_id":null,"itinerary":null} @ webpack-internal:///(app-pages-browser)/./lib/chat-transport.ts:103
[   38720ms] [LOG] [ChatTransport] Received WebSocket response: {"type":"delta","content":"°","error":null,"message_id":"28c0cf58-caca-4f5a-965d-d6ce7b70de83","conversation_id":null,"itinerary":null} @ webpack-internal:///(app-pages-browser)/./lib/chat-transport.ts:103
[   38767ms] [LOG] [ChatTransport] Received WebSocket response: {"type":"delta","content":"C","error":null,"message_id":"28c0cf58-caca-4f5a-965d-d6ce7b70de83","conversation_id":null,"itinerary":null} @ webpack-internal:///(app-pages-browser)/./lib/chat-transport.ts:103
[   38783ms] [LOG] [ChatTransport] Received WebSocket response: {"type":"delta","content":"（","error":null,"message_id":"28c0cf58-caca-4f5a-965d-d6ce7b70de83","conversation_id":null,"itinerary":null} @ webpack-internal:///(app-pages-browser)/./lib/chat-transport.ts:103
[   38862ms] [LOG] [ChatTransport] Received WebSocket response: {"type":"delta","content":"晴朗","error":null,"message_id":"28c0cf58-caca-4f5a-965d-d6ce7b70de83","conversation_id":null,"itinerary":null} @ webpack-internal:///(app-pages-browser)/./lib/chat-transport.ts:103
[   38876ms] [LOG] [ChatTransport] Received WebSocket response: {"type":"delta","content":"）\n","error":null,"message_id":"28c0cf58-caca-4f5a-965d-d6ce7b70de83","conversation_id":null,"itinerary":null} @ webpack-internal:///(app-pages-browser)/./lib/chat-transport.ts:103
[   38915ms] [LOG] [ChatTransport] Received WebSocket response: {"type":"delta","content":"3","error":null,"message_id":"28c0cf58-caca-4f5a-965d-d6ce7b70de83","conversation_id":null,"itinerary":null} @ webpack-internal:///(app-pages-browser)/./lib/chat-transport.ts:103
[   38929ms] [LOG] [ChatTransport] Received WebSocket response: {"type":"delta","content":".","error":null,"message_id":"28c0cf58-caca-4f5a-965d-d6ce7b70de83","conversation_id":null,"itinerary":null} @ webpack-internal:///(app-pages-browser)/./lib/chat-transport.ts:103
[   39027ms] [LOG] [ChatTransport] Received WebSocket response: {"type":"delta","content":" **","error":null,"message_id":"28c0cf58-caca-4f5a-965d-d6ce7b70de83","conversation_id":null,"itinerary":null} @ webpack-internal:///(app-pages-browser)/./lib/chat-transport.ts:103
[   39038ms] [LOG] [ChatTransport] Received WebSocket response: {"type":"delta","content":"后天","error":null,"message_id":"28c0cf58-caca-4f5a-965d-d6ce7b70de83","conversation_id":null,"itinerary":null} @ webpack-internal:///(app-pages-browser)/./lib/chat-transport.ts:103
[   39061ms] [LOG] [ChatTransport] Received WebSocket response: {"type":"delta","content":"（","error":null,"message_id":"28c0cf58-caca-4f5a-965d-d6ce7b70de83","conversation_id":null,"itinerary":null} @ webpack-internal:///(app-pages-browser)/./lib/chat-transport.ts:103
[   39072ms] [LOG] [ChatTransport] Received WebSocket response: {"type":"delta","content":"4","error":null,"message_id":"28c0cf58-caca-4f5a-965d-d6ce7b70de83","conversation_id":null,"itinerary":null} @ webpack-internal:///(app-pages-browser)/./lib/chat-transport.ts:103
[   39137ms] [LOG] [ChatTransport] Received WebSocket response: {"type":"delta","content":"月","error":null,"message_id":"28c0cf58-caca-4f5a-965d-d6ce7b70de83","conversation_id":null,"itinerary":null} @ webpack-internal:///(app-pages-browser)/./lib/chat-transport.ts:103
[   39149ms] [LOG] [ChatTransport] Received WebSocket response: {"type":"delta","content":"18","error":null,"message_id":"28c0cf58-caca-4f5a-965d-d6ce7b70de83","conversation_id":null,"itinerary":null} @ webpack-internal:///(app-pages-browser)/./lib/chat-transport.ts:103
[   39209ms] [LOG] [ChatTransport] Received WebSocket response: {"type":"delta","content":"日","error":null,"message_id":"28c0cf58-caca-4f5a-965d-d6ce7b70de83","conversation_id":null,"itinerary":null} @ webpack-internal:///(app-pages-browser)/./lib/chat-transport.ts:103
[   39210ms] [LOG] [ChatTransport] Received WebSocket response: {"type":"delta","content":"）","error":null,"message_id":"28c0cf58-caca-4f5a-965d-d6ce7b70de83","conversation_id":null,"itinerary":null} @ webpack-internal:///(app-pages-browser)/./lib/chat-transport.ts:103
[   39279ms] [LOG] [ChatTransport] Received WebSocket response: {"type":"delta","content":"**","error":null,"message_id":"28c0cf58-caca-4f5a-965d-d6ce7b70de83","conversation_id":null,"itinerary":null} @ webpack-internal:///(app-pages-browser)/./lib/chat-transport.ts:103
[   39289ms] [LOG] [ChatTransport] Received WebSocket response: {"type":"delta","content":"：","error":null,"message_id":"28c0cf58-caca-4f5a-965d-d6ce7b70de83","conversation_id":null,"itinerary":null} @ webpack-internal:///(app-pages-browser)/./lib/chat-transport.ts:103
[   39363ms] [LOG] [ChatTransport] Received WebSocket response: {"type":"delta","content":"晴","error":null,"message_id":"28c0cf58-caca-4f5a-965d-d6ce7b70de83","conversation_id":null,"itinerary":null} @ webpack-internal:///(app-pages-browser)/./lib/chat-transport.ts:103
[   39367ms] [LOG] [ChatTransport] Received WebSocket response: {"type":"delta","content":"转","error":null,"message_id":"28c0cf58-caca-4f5a-965d-d6ce7b70de83","conversation_id":null,"itinerary":null} @ webpack-internal:///(app-pages-browser)/./lib/chat-transport.ts:103
[   39483ms] [LOG] [ChatTransport] Received WebSocket response: {"type":"delta","content":"晴","error":null,"message_id":"28c0cf58-caca-4f5a-965d-d6ce7b70de83","conversation_id":null,"itinerary":null} @ webpack-internal:///(app-pages-browser)/./lib/chat-transport.ts:103
[   39498ms] [LOG] [ChatTransport] Received WebSocket response: {"type":"delta","content":"，","error":null,"message_id":"28c0cf58-caca-4f5a-965d-d6ce7b70de83","conversation_id":null,"itinerary":null} @ webpack-internal:///(app-pages-browser)/./lib/chat-transport.ts:103
[   39510ms] [LOG] [ChatTransport] Received WebSocket response: {"type":"delta","content":"16","error":null,"message_id":"28c0cf58-caca-4f5a-965d-d6ce7b70de83","conversation_id":null,"itinerary":null} @ webpack-internal:///(app-pages-browser)/./lib/chat-transport.ts:103
[   39524ms] [LOG] [ChatTransport] Received WebSocket response: {"type":"delta","content":"-","error":null,"message_id":"28c0cf58-caca-4f5a-965d-d6ce7b70de83","conversation_id":null,"itinerary":null} @ webpack-internal:///(app-pages-browser)/./lib/chat-transport.ts:103
[   39577ms] [LOG] [ChatTransport] Received WebSocket response: {"type":"delta","content":"28","error":null,"message_id":"28c0cf58-caca-4f5a-965d-d6ce7b70de83","conversation_id":null,"itinerary":null} @ webpack-internal:///(app-pages-browser)/./lib/chat-transport.ts:103
[   39588ms] [LOG] [ChatTransport] Received WebSocket response: {"type":"delta","content":"°","error":null,"message_id":"28c0cf58-caca-4f5a-965d-d6ce7b70de83","conversation_id":null,"itinerary":null} @ webpack-internal:///(app-pages-browser)/./lib/chat-transport.ts:103
[   39665ms] [LOG] [ChatTransport] Received WebSocket response: {"type":"delta","content":"C","error":null,"message_id":"28c0cf58-caca-4f5a-965d-d6ce7b70de83","conversation_id":null,"itinerary":null} @ webpack-internal:///(app-pages-browser)/./lib/chat-transport.ts:103
[   39678ms] [LOG] [ChatTransport] Received WebSocket response: {"type":"delta","content":"（","error":null,"message_id":"28c0cf58-caca-4f5a-965d-d6ce7b70de83","conversation_id":null,"itinerary":null} @ webpack-internal:///(app-pages-browser)/./lib/chat-transport.ts:103
[   39744ms] [LOG] [ChatTransport] Received WebSocket response: {"type":"delta","content":"晴朗","error":null,"message_id":"28c0cf58-caca-4f5a-965d-d6ce7b70de83","conversation_id":null,"itinerary":null} @ webpack-internal:///(app-pages-browser)/./lib/chat-transport.ts:103
[   39756ms] [LOG] [ChatTransport] Received WebSocket response: {"type":"delta","content":"温暖","error":null,"message_id":"28c0cf58-caca-4f5a-965d-d6ce7b70de83","conversation_id":null,"itinerary":null} @ webpack-internal:///(app-pages-browser)/./lib/chat-transport.ts:103
[   39792ms] [LOG] [ChatTransport] Received WebSocket response: {"type":"delta","content":"）\n\n","error":null,"message_id":"28c0cf58-caca-4f5a-965d-d6ce7b70de83","conversation_id":null,"itinerary":null} @ webpack-internal:///(app-pages-browser)/./lib/chat-transport.ts:103
[   39799ms] [LOG] [ChatTransport] Received WebSocket response: {"type":"delta","content":"##","error":null,"message_id":"28c0cf58-caca-4f5a-965d-d6ce7b70de83","conversation_id":null,"itinerary":null} @ webpack-internal:///(app-pages-browser)/./lib/chat-transport.ts:103
[   39993ms] [LOG] [ChatTransport] Received WebSocket response: {"type":"delta","content":" 🎯","error":null,"message_id":"28c0cf58-caca-4f5a-965d-d6ce7b70de83","conversation_id":null,"itinerary":null} @ webpack-internal:///(app-pages-browser)/./lib/chat-transport.ts:103
[   40002ms] [LOG] [ChatTransport] Received WebSocket response: {"type":"delta","content":" **","error":null,"message_id":"28c0cf58-caca-4f5a-965d-d6ce7b70de83","conversation_id":null,"itinerary":null} @ webpack-internal:///(app-pages-browser)/./lib/chat-transport.ts:103
[   40049ms] [LOG] [ChatTransport] Received WebSocket response: {"type":"delta","content":"对","error":null,"message_id":"28c0cf58-caca-4f5a-965d-d6ce7b70de83","conversation_id":null,"itinerary":null} @ webpack-internal:///(app-pages-browser)/./lib/chat-transport.ts:103
[   40057ms] [LOG] [ChatTransport] Received WebSocket response: {"type":"delta","content":"您","error":null,"message_id":"28c0cf58-caca-4f5a-965d-d6ce7b70de83","conversation_id":null,"itinerary":null} @ webpack-internal:///(app-pages-browser)/./lib/chat-transport.ts:103
[   40083ms] [LOG] [ChatTransport] Received WebSocket response: {"type":"delta","content":"行程","error":null,"message_id":"28c0cf58-caca-4f5a-965d-d6ce7b70de83","conversation_id":null,"itinerary":null} @ webpack-internal:///(app-pages-browser)/./lib/chat-transport.ts:103
[   40090ms] [LOG] [ChatTransport] Received WebSocket response: {"type":"delta","content":"的","error":null,"message_id":"28c0cf58-caca-4f5a-965d-d6ce7b70de83","conversation_id":null,"itinerary":null} @ webpack-internal:///(app-pages-browser)/./lib/chat-transport.ts:103
[   40166ms] [LOG] [ChatTransport] Received WebSocket response: {"type":"delta","content":"特别","error":null,"message_id":"28c0cf58-caca-4f5a-965d-d6ce7b70de83","conversation_id":null,"itinerary":null} @ webpack-internal:///(app-pages-browser)/./lib/chat-transport.ts:103
[   40297ms] [LOG] [ChatTransport] Received WebSocket response: {"type":"delta","content":"提醒","error":null,"message_id":"28c0cf58-caca-4f5a-965d-d6ce7b70de83","conversation_id":null,"itinerary":null} @ webpack-internal:///(app-pages-browser)/./lib/chat-transport.ts:103
[   40302ms] [LOG] [ChatTransport] Received WebSocket response: {"type":"delta","content":"**\n","error":null,"message_id":"28c0cf58-caca-4f5a-965d-d6ce7b70de83","conversation_id":null,"itinerary":null} @ webpack-internal:///(app-pages-browser)/./lib/chat-transport.ts:103
[   40302ms] [LOG] [ChatTransport] Received WebSocket response: {"type":"delta","content":"您","error":null,"message_id":"28c0cf58-caca-4f5a-965d-d6ce7b70de83","conversation_id":null,"itinerary":null} @ webpack-internal:///(app-pages-browser)/./lib/chat-transport.ts:103
[   40376ms] [LOG] [ChatTransport] Received WebSocket response: {"type":"delta","content":"之前","error":null,"message_id":"28c0cf58-caca-4f5a-965d-d6ce7b70de83","conversation_id":null,"itinerary":null} @ webpack-internal:///(app-pages-browser)/./lib/chat-transport.ts:103
[   40384ms] [LOG] [ChatTransport] Received WebSocket response: {"type":"delta","content":"提到","error":null,"message_id":"28c0cf58-caca-4f5a-965d-d6ce7b70de83","conversation_id":null,"itinerary":null} @ webpack-internal:///(app-pages-browser)/./lib/chat-transport.ts:103
[   40506ms] [LOG] [ChatTransport] Received WebSocket response: {"type":"delta","content":"的是","error":null,"message_id":"28c0cf58-caca-4f5a-965d-d6ce7b70de83","conversation_id":null,"itinerary":null} @ webpack-internal:///(app-pages-browser)/./lib/chat-transport.ts:103
[   40521ms] [LOG] [ChatTransport] Received WebSocket response: {"type":"delta","content":"**","error":null,"message_id":"28c0cf58-caca-4f5a-965d-d6ce7b70de83","conversation_id":null,"itinerary":null} @ webpack-internal:///(app-pages-browser)/./lib/chat-transport.ts:103
[   40531ms] [LOG] [ChatTransport] Received WebSocket response: {"type":"delta","content":"杭州","error":null,"message_id":"28c0cf58-caca-4f5a-965d-d6ce7b70de83","conversation_id":null,"itinerary":null} @ webpack-internal:///(app-pages-browser)/./lib/chat-transport.ts:103
[   40539ms] [LOG] [ChatTransport] Received WebSocket response: {"type":"delta","content":"**","error":null,"message_id":"28c0cf58-caca-4f5a-965d-d6ce7b70de83","conversation_id":null,"itinerary":null} @ webpack-internal:///(app-pages-browser)/./lib/chat-transport.ts:103
[   40613ms] [LOG] [ChatTransport] Received WebSocket response: {"type":"delta","content":"3","error":null,"message_id":"28c0cf58-caca-4f5a-965d-d6ce7b70de83","conversation_id":null,"itinerary":null} @ webpack-internal:///(app-pages-browser)/./lib/chat-transport.ts:103
[   40630ms] [LOG] [ChatTransport] Received WebSocket response: {"type":"delta","content":"天","error":null,"message_id":"28c0cf58-caca-4f5a-965d-d6ce7b70de83","conversation_id":null,"itinerary":null} @ webpack-internal:///(app-pages-browser)/./lib/chat-transport.ts:103
[   40682ms] [LOG] [ChatTransport] Received WebSocket response: {"type":"delta","content":"2","error":null,"message_id":"28c0cf58-caca-4f5a-965d-d6ce7b70de83","conversation_id":null,"itinerary":null} @ webpack-internal:///(app-pages-browser)/./lib/chat-transport.ts:103
[   40698ms] [LOG] [ChatTransport] Received WebSocket response: {"type":"delta","content":"夜","error":null,"message_id":"28c0cf58-caca-4f5a-965d-d6ce7b70de83","conversation_id":null,"itinerary":null} @ webpack-internal:///(app-pages-browser)/./lib/chat-transport.ts:103
[   40728ms] [LOG] [ChatTransport] Received WebSocket response: {"type":"delta","content":"行程","error":null,"message_id":"28c0cf58-caca-4f5a-965d-d6ce7b70de83","conversation_id":null,"itinerary":null} @ webpack-internal:///(app-pages-browser)/./lib/chat-transport.ts:103
[   40742ms] [LOG] [ChatTransport] Received WebSocket response: {"type":"delta","content":"，","error":null,"message_id":"28c0cf58-caca-4f5a-965d-d6ce7b70de83","conversation_id":null,"itinerary":null} @ webpack-internal:///(app-pages-browser)/./lib/chat-transport.ts:103
[   40805ms] [LOG] [ChatTransport] Received WebSocket response: {"type":"delta","content":"但现在","error":null,"message_id":"28c0cf58-caca-4f5a-965d-d6ce7b70de83","conversation_id":null,"itinerary":null} @ webpack-internal:///(app-pages-browser)/./lib/chat-transport.ts:103
[   40873ms] [LOG] [ChatTransport] Received WebSocket response: {"type":"delta","content":"查询","error":null,"message_id":"28c0cf58-caca-4f5a-965d-d6ce7b70de83","conversation_id":null,"itinerary":null} @ webpack-internal:///(app-pages-browser)/./lib/chat-transport.ts:103
[   40874ms] [LOG] [ChatTransport] Received WebSocket response: {"type":"delta","content":"的是","error":null,"message_id":"28c0cf58-caca-4f5a-965d-d6ce7b70de83","conversation_id":null,"itinerary":null} @ webpack-internal:///(app-pages-browser)/./lib/chat-transport.ts:103
[   40950ms] [LOG] [ChatTransport] Received WebSocket response: {"type":"delta","content":"**","error":null,"message_id":"28c0cf58-caca-4f5a-965d-d6ce7b70de83","conversation_id":null,"itinerary":null} @ webpack-internal:///(app-pages-browser)/./lib/chat-transport.ts:103
[   40964ms] [LOG] [ChatTransport] Received WebSocket response: {"type":"delta","content":"北京","error":null,"message_id":"28c0cf58-caca-4f5a-965d-d6ce7b70de83","conversation_id":null,"itinerary":null} @ webpack-internal:///(app-pages-browser)/./lib/chat-transport.ts:103
[   41019ms] [LOG] [ChatTransport] Received WebSocket response: {"type":"delta","content":"**","error":null,"message_id":"28c0cf58-caca-4f5a-965d-d6ce7b70de83","conversation_id":null,"itinerary":null} @ webpack-internal:///(app-pages-browser)/./lib/chat-transport.ts:103
[   41028ms] [LOG] [ChatTransport] Received WebSocket response: {"type":"delta","content":"天气","error":null,"message_id":"28c0cf58-caca-4f5a-965d-d6ce7b70de83","conversation_id":null,"itinerary":null} @ webpack-internal:///(app-pages-browser)/./lib/chat-transport.ts:103
[   41115ms] [LOG] [ChatTransport] Received WebSocket response: {"type":"delta","content":"。","error":null,"message_id":"28c0cf58-caca-4f5a-965d-d6ce7b70de83","conversation_id":null,"itinerary":null} @ webpack-internal:///(app-pages-browser)/./lib/chat-transport.ts:103
[   41115ms] [LOG] [ChatTransport] Received WebSocket response: {"type":"delta","content":"请问","error":null,"message_id":"28c0cf58-caca-4f5a-965d-d6ce7b70de83","conversation_id":null,"itinerary":null} @ webpack-internal:///(app-pages-browser)/./lib/chat-transport.ts:103
[   41166ms] [LOG] [ChatTransport] Received WebSocket response: {"type":"delta","content":"：\n\n","error":null,"message_id":"28c0cf58-caca-4f5a-965d-d6ce7b70de83","conversation_id":null,"itinerary":null} @ webpack-internal:///(app-pages-browser)/./lib/chat-transport.ts:103
[   41173ms] [LOG] [ChatTransport] Received WebSocket response: {"type":"delta","content":"1","error":null,"message_id":"28c0cf58-caca-4f5a-965d-d6ce7b70de83","conversation_id":null,"itinerary":null} @ webpack-internal:///(app-pages-browser)/./lib/chat-transport.ts:103
[   41247ms] [LOG] [ChatTransport] Received WebSocket response: {"type":"delta","content":".","error":null,"message_id":"28c0cf58-caca-4f5a-965d-d6ce7b70de83","conversation_id":null,"itinerary":null} @ webpack-internal:///(app-pages-browser)/./lib/chat-transport.ts:103
[   41259ms] [LOG] [ChatTransport] Received WebSocket response: {"type":"delta","content":" **","error":null,"message_id":"28c0cf58-caca-4f5a-965d-d6ce7b70de83","conversation_id":null,"itinerary":null} @ webpack-internal:///(app-pages-browser)/./lib/chat-transport.ts:103
[   41322ms] [LOG] [ChatTransport] Received WebSocket response: {"type":"delta","content":"您是","error":null,"message_id":"28c0cf58-caca-4f5a-965d-d6ce7b70de83","conversation_id":null,"itinerary":null} @ webpack-internal:///(app-pages-browser)/./lib/chat-transport.ts:103
[   41393ms] [LOG] [ChatTransport] Received WebSocket response: {"type":"delta","content":"计划","error":null,"message_id":"28c0cf58-caca-4f5a-965d-d6ce7b70de83","conversation_id":null,"itinerary":null} @ webpack-internal:///(app-pages-browser)/./lib/chat-transport.ts:103
[   41393ms] [LOG] [ChatTransport] Received WebSocket response: {"type":"delta","content":"去","error":null,"message_id":"28c0cf58-caca-4f5a-965d-d6ce7b70de83","conversation_id":null,"itinerary":null} @ webpack-internal:///(app-pages-browser)/./lib/chat-transport.ts:103
[   41475ms] [LOG] [ChatTransport] Received WebSocket response: {"type":"delta","content":"北京","error":null,"message_id":"28c0cf58-caca-4f5a-965d-d6ce7b70de83","conversation_id":null,"itinerary":null} @ webpack-internal:///(app-pages-browser)/./lib/chat-transport.ts:103
[   41479ms] [LOG] [ChatTransport] Received WebSocket response: {"type":"delta","content":"旅行","error":null,"message_id":"28c0cf58-caca-4f5a-965d-d6ce7b70de83","conversation_id":null,"itinerary":null} @ webpack-internal:///(app-pages-browser)/./lib/chat-transport.ts:103
[   41533ms] [LOG] [ChatTransport] Received WebSocket response: {"type":"delta","content":"吗","error":null,"message_id":"28c0cf58-caca-4f5a-965d-d6ce7b70de83","conversation_id":null,"itinerary":null} @ webpack-internal:///(app-pages-browser)/./lib/chat-transport.ts:103
[   41539ms] [LOG] [ChatTransport] Received WebSocket response: {"type":"delta","content":"？","error":null,"message_id":"28c0cf58-caca-4f5a-965d-d6ce7b70de83","conversation_id":null,"itinerary":null} @ webpack-internal:///(app-pages-browser)/./lib/chat-transport.ts:103
[   41663ms] [LOG] [ChatTransport] Received WebSocket response: {"type":"delta","content":"**","error":null,"message_id":"28c0cf58-caca-4f5a-965d-d6ce7b70de83","conversation_id":null,"itinerary":null} @ webpack-internal:///(app-pages-browser)/./lib/chat-transport.ts:103
[   41663ms] [LOG] [ChatTransport] Received WebSocket response: {"type":"delta","content":" ","error":null,"message_id":"28c0cf58-caca-4f5a-965d-d6ce7b70de83","conversation_id":null,"itinerary":null} @ webpack-internal:///(app-pages-browser)/./lib/chat-transport.ts:103
[   41682ms] [LOG] [ChatTransport] Received WebSocket response: {"type":"delta","content":"如果是","error":null,"message_id":"28c0cf58-caca-4f5a-965d-d6ce7b70de83","conversation_id":null,"itinerary":null} @ webpack-internal:///(app-pages-browser)/./lib/chat-transport.ts:103
[   41696ms] [LOG] [ChatTransport] Received WebSocket response: {"type":"delta","content":"，","error":null,"message_id":"28c0cf58-caca-4f5a-965d-d6ce7b70de83","conversation_id":null,"itinerary":null} @ webpack-internal:///(app-pages-browser)/./lib/chat-transport.ts:103
[   41845ms] [LOG] [ChatTransport] Received WebSocket response: {"type":"delta","content":"我可以","error":null,"message_id":"28c0cf58-caca-4f5a-965d-d6ce7b70de83","conversation_id":null,"itinerary":null} @ webpack-internal:///(app-pages-browser)/./lib/chat-transport.ts:103
[   41850ms] [LOG] [ChatTransport] Received WebSocket response: {"type":"delta","content":"为您","error":null,"message_id":"28c0cf58-caca-4f5a-965d-d6ce7b70de83","conversation_id":null,"itinerary":null} @ webpack-internal:///(app-pages-browser)/./lib/chat-transport.ts:103
[   41851ms] [LOG] [ChatTransport] Received WebSocket response: {"type":"delta","content":"规划","error":null,"message_id":"28c0cf58-caca-4f5a-965d-d6ce7b70de83","conversation_id":null,"itinerary":null} @ webpack-internal:///(app-pages-browser)/./lib/chat-transport.ts:103
[   41851ms] [LOG] [ChatTransport] Received WebSocket response: {"type":"delta","content":"北京","error":null,"message_id":"28c0cf58-caca-4f5a-965d-d6ce7b70de83","conversation_id":null,"itinerary":null} @ webpack-internal:///(app-pages-browser)/./lib/chat-transport.ts:103
[   41903ms] [LOG] [ChatTransport] Received WebSocket response: {"type":"delta","content":"3","error":null,"message_id":"28c0cf58-caca-4f5a-965d-d6ce7b70de83","conversation_id":null,"itinerary":null} @ webpack-internal:///(app-pages-browser)/./lib/chat-transport.ts:103
[   41914ms] [LOG] [ChatTransport] Received WebSocket response: {"type":"delta","content":"天","error":null,"message_id":"28c0cf58-caca-4f5a-965d-d6ce7b70de83","conversation_id":null,"itinerary":null} @ webpack-internal:///(app-pages-browser)/./lib/chat-transport.ts:103
[   42033ms] [LOG] [ChatTransport] Received WebSocket response: {"type":"delta","content":"2","error":null,"message_id":"28c0cf58-caca-4f5a-965d-d6ce7b70de83","conversation_id":null,"itinerary":null} @ webpack-internal:///(app-pages-browser)/./lib/chat-transport.ts:103
[   42033ms] [LOG] [ChatTransport] Received WebSocket response: {"type":"delta","content":"夜的","error":null,"message_id":"28c0cf58-caca-4f5a-965d-d6ce7b70de83","conversation_id":null,"itinerary":null} @ webpack-internal:///(app-pages-browser)/./lib/chat-transport.ts:103
[   42142ms] [LOG] [ChatTransport] Received WebSocket response: {"type":"delta","content":"行程","error":null,"message_id":"28c0cf58-caca-4f5a-965d-d6ce7b70de83","conversation_id":null,"itinerary":null} @ webpack-internal:///(app-pages-browser)/./lib/chat-transport.ts:103
[   42149ms] [LOG] [ChatTransport] Received WebSocket response: {"type":"delta","content":"\n","error":null,"message_id":"28c0cf58-caca-4f5a-965d-d6ce7b70de83","conversation_id":null,"itinerary":null} @ webpack-internal:///(app-pages-browser)/./lib/chat-transport.ts:103
[   42157ms] [LOG] [ChatTransport] Received WebSocket response: {"type":"delta","content":"2","error":null,"message_id":"28c0cf58-caca-4f5a-965d-d6ce7b70de83","conversation_id":null,"itinerary":null} @ webpack-internal:///(app-pages-browser)/./lib/chat-transport.ts:103
[   42157ms] [LOG] [ChatTransport] Received WebSocket response: {"type":"delta","content":".","error":null,"message_id":"28c0cf58-caca-4f5a-965d-d6ce7b70de83","conversation_id":null,"itinerary":null} @ webpack-internal:///(app-pages-browser)/./lib/chat-transport.ts:103
[   42181ms] [LOG] [ChatTransport] Received WebSocket response: {"type":"delta","content":" **","error":null,"message_id":"28c0cf58-caca-4f5a-965d-d6ce7b70de83","conversation_id":null,"itinerary":null} @ webpack-internal:///(app-pages-browser)/./lib/chat-transport.ts:103
[   42192ms] [LOG] [ChatTransport] Received WebSocket response: {"type":"delta","content":"还是","error":null,"message_id":"28c0cf58-caca-4f5a-965d-d6ce7b70de83","conversation_id":null,"itinerary":null} @ webpack-internal:///(app-pages-browser)/./lib/chat-transport.ts:103
[   42258ms] [LOG] [ChatTransport] Received WebSocket response: {"type":"delta","content":"您","error":null,"message_id":"28c0cf58-caca-4f5a-965d-d6ce7b70de83","conversation_id":null,"itinerary":null} @ webpack-internal:///(app-pages-browser)/./lib/chat-transport.ts:103
[   42267ms] [LOG] [ChatTransport] Received WebSocket response: {"type":"delta","content":"同时","error":null,"message_id":"28c0cf58-caca-4f5a-965d-d6ce7b70de83","conversation_id":null,"itinerary":null} @ webpack-internal:///(app-pages-browser)/./lib/chat-transport.ts:103
[   42318ms] [LOG] [ChatTransport] Received WebSocket response: {"type":"delta","content":"考虑","error":null,"message_id":"28c0cf58-caca-4f5a-965d-d6ce7b70de83","conversation_id":null,"itinerary":null} @ webpack-internal:///(app-pages-browser)/./lib/chat-transport.ts:103
[   42398ms] [LOG] [ChatTransport] Received WebSocket response: {"type":"delta","content":"杭州","error":null,"message_id":"28c0cf58-caca-4f5a-965d-d6ce7b70de83","conversation_id":null,"itinerary":null} @ webpack-internal:///(app-pages-browser)/./lib/chat-transport.ts:103
[   42810ms] [LOG] [ChatTransport] Received WebSocket response: {"type":"delta","content":"和","error":null,"message_id":"28c0cf58-caca-4f5a-965d-d6ce7b70de83","conversation_id":null,"itinerary":null} @ webpack-internal:///(app-pages-browser)/./lib/chat-transport.ts:103
[   42825ms] [LOG] [ChatTransport] Received WebSocket response: {"type":"delta","content":"北京","error":null,"message_id":"28c0cf58-caca-4f5a-965d-d6ce7b70de83","conversation_id":null,"itinerary":null} @ webpack-internal:///(app-pages-browser)/./lib/chat-transport.ts:103
[   42848ms] [LOG] [ChatTransport] Received WebSocket response: {"type":"delta","content":"两个","error":null,"message_id":"28c0cf58-caca-4f5a-965d-d6ce7b70de83","conversation_id":null,"itinerary":null} @ webpack-internal:///(app-pages-browser)/./lib/chat-transport.ts:103
[   42861ms] [LOG] [ChatTransport] Received WebSocket response: {"type":"delta","content":"目的地","error":null,"message_id":"28c0cf58-caca-4f5a-965d-d6ce7b70de83","conversation_id":null,"itinerary":null} @ webpack-internal:///(app-pages-browser)/./lib/chat-transport.ts:103
[   42862ms] [LOG] [ChatTransport] Received WebSocket response: {"type":"delta","content":"？","error":null,"message_id":"28c0cf58-caca-4f5a-965d-d6ce7b70de83","conversation_id":null,"itinerary":null} @ webpack-internal:///(app-pages-browser)/./lib/chat-transport.ts:103
[   42863ms] [LOG] [ChatTransport] Received WebSocket response: {"type":"delta","content":"**\n\n","error":null,"message_id":"28c0cf58-caca-4f5a-965d-d6ce7b70de83","conversation_id":null,"itinerary":null} @ webpack-internal:///(app-pages-browser)/./lib/chat-transport.ts:103
[   42864ms] [LOG] [ChatTransport] Received WebSocket response: {"type":"delta","content":"**","error":null,"message_id":"28c0cf58-caca-4f5a-965d-d6ce7b70de83","conversation_id":null,"itinerary":null} @ webpack-internal:///(app-pages-browser)/./lib/chat-transport.ts:103
[   42865ms] [LOG] [ChatTransport] Received WebSocket response: {"type":"delta","content":"如果","error":null,"message_id":"28c0cf58-caca-4f5a-965d-d6ce7b70de83","conversation_id":null,"itinerary":null} @ webpack-internal:///(app-pages-browser)/./lib/chat-transport.ts:103
[   42865ms] [LOG] [ChatTransport] Received WebSocket response: {"type":"delta","content":"去","error":null,"message_id":"28c0cf58-caca-4f5a-965d-d6ce7b70de83","conversation_id":null,"itinerary":null} @ webpack-internal:///(app-pages-browser)/./lib/chat-transport.ts:103
[   42865ms] [LOG] [ChatTransport] Received WebSocket response: {"type":"delta","content":"北京","error":null,"message_id":"28c0cf58-caca-4f5a-965d-d6ce7b70de83","conversation_id":null,"itinerary":null} @ webpack-internal:///(app-pages-browser)/./lib/chat-transport.ts:103
[   42866ms] [LOG] [ChatTransport] Received WebSocket response: {"type":"delta","content":"**","error":null,"message_id":"28c0cf58-caca-4f5a-965d-d6ce7b70de83","conversation_id":null,"itinerary":null} @ webpack-internal:///(app-pages-browser)/./lib/chat-transport.ts:103
[   42894ms] [LOG] [ChatTransport] Received WebSocket response: {"type":"delta","content":"，","error":null,"message_id":"28c0cf58-caca-4f5a-965d-d6ce7b70de83","conversation_id":null,"itinerary":null} @ webpack-internal:///(app-pages-browser)/./lib/chat-transport.ts:103
[   42908ms] [LOG] [ChatTransport] Received WebSocket response: {"type":"delta","content":"明天","error":null,"message_id":"28c0cf58-caca-4f5a-965d-d6ce7b70de83","conversation_id":null,"itinerary":null} @ webpack-internal:///(app-pages-browser)/./lib/chat-transport.ts:103
[   42969ms] [LOG] [ChatTransport] Received WebSocket response: {"type":"delta","content":"和","error":null,"message_id":"28c0cf58-caca-4f5a-965d-d6ce7b70de83","conversation_id":null,"itinerary":null} @ webpack-internal:///(app-pages-browser)/./lib/chat-transport.ts:103
[   43038ms] [LOG] [ChatTransport] Received WebSocket response: {"type":"delta","content":"后天","error":null,"message_id":"28c0cf58-caca-4f5a-965d-d6ce7b70de83","conversation_id":null,"itinerary":null} @ webpack-internal:///(app-pages-browser)/./lib/chat-transport.ts:103
[   43038ms] [LOG] [ChatTransport] Received WebSocket response: {"type":"delta","content":"都是","error":null,"message_id":"28c0cf58-caca-4f5a-965d-d6ce7b70de83","conversation_id":null,"itinerary":null} @ webpack-internal:///(app-pages-browser)/./lib/chat-transport.ts:103
[   43153ms] [LOG] [ChatTransport] Received WebSocket response: {"type":"delta","content":"**","error":null,"message_id":"28c0cf58-caca-4f5a-965d-d6ce7b70de83","conversation_id":null,"itinerary":null} @ webpack-internal:///(app-pages-browser)/./lib/chat-transport.ts:103
[   43164ms] [LOG] [ChatTransport] Received WebSocket response: {"type":"delta","content":"绝","error":null,"message_id":"28c0cf58-caca-4f5a-965d-d6ce7b70de83","conversation_id":null,"itinerary":null} @ webpack-internal:///(app-pages-browser)/./lib/chat-transport.ts:103
[   43180ms] [LOG] [ChatTransport] Received WebSocket response: {"type":"delta","content":"佳","error":null,"message_id":"28c0cf58-caca-4f5a-965d-d6ce7b70de83","conversation_id":null,"itinerary":null} @ webpack-internal:///(app-pages-browser)/./lib/chat-transport.ts:103
[   43188ms] [LOG] [ChatTransport] Received WebSocket response: {"type":"delta","content":"的好","error":null,"message_id":"28c0cf58-caca-4f5a-965d-d6ce7b70de83","conversation_id":null,"itinerary":null} @ webpack-internal:///(app-pages-browser)/./lib/chat-transport.ts:103
[   43256ms] [LOG] [ChatTransport] Received WebSocket response: {"type":"delta","content":"天气","error":null,"message_id":"28c0cf58-caca-4f5a-965d-d6ce7b70de83","conversation_id":null,"itinerary":null} @ webpack-internal:///(app-pages-browser)/./lib/chat-transport.ts:103
[   43263ms] [LOG] [ChatTransport] Received WebSocket response: {"type":"delta","content":"**","error":null,"message_id":"28c0cf58-caca-4f5a-965d-d6ce7b70de83","conversation_id":null,"itinerary":null} @ webpack-internal:///(app-pages-browser)/./lib/chat-transport.ts:103
[   43425ms] [LOG] [ChatTransport] Received WebSocket response: {"type":"delta","content":"，","error":null,"message_id":"28c0cf58-caca-4f5a-965d-d6ce7b70de83","conversation_id":null,"itinerary":null} @ webpack-internal:///(app-pages-browser)/./lib/chat-transport.ts:103
[   43433ms] [LOG] [ChatTransport] Received WebSocket response: {"type":"delta","content":"非常适合","error":null,"message_id":"28c0cf58-caca-4f5a-965d-d6ce7b70de83","conversation_id":null,"itinerary":null} @ webpack-internal:///(app-pages-browser)/./lib/chat-transport.ts:103
[   43438ms] [LOG] [ChatTransport] Received WebSocket response: {"type":"delta","content":"户外","error":null,"message_id":"28c0cf58-caca-4f5a-965d-d6ce7b70de83","conversation_id":null,"itinerary":null} @ webpack-internal:///(app-pages-browser)/./lib/chat-transport.ts:103
[   43477ms] [LOG] [ChatTransport] Received WebSocket response: {"type":"delta","content":"游览","error":null,"message_id":"28c0cf58-caca-4f5a-965d-d6ce7b70de83","conversation_id":null,"itinerary":null} @ webpack-internal:///(app-pages-browser)/./lib/chat-transport.ts:103
[   43477ms] [LOG] [ChatTransport] Received WebSocket response: {"type":"delta","content":"：\n","error":null,"message_id":"28c0cf58-caca-4f5a-965d-d6ce7b70de83","conversation_id":null,"itinerary":null} @ webpack-internal:///(app-pages-browser)/./lib/chat-transport.ts:103
[   43548ms] [LOG] [ChatTransport] Received WebSocket response: {"type":"delta","content":"-","error":null,"message_id":"28c0cf58-caca-4f5a-965d-d6ce7b70de83","conversation_id":null,"itinerary":null} @ webpack-internal:///(app-pages-browser)/./lib/chat-transport.ts:103
[   43552ms] [LOG] [ChatTransport] Received WebSocket response: {"type":"delta","content":" ","error":null,"message_id":"28c0cf58-caca-4f5a-965d-d6ce7b70de83","conversation_id":null,"itinerary":null} @ webpack-internal:///(app-pages-browser)/./lib/chat-transport.ts:103
[   43637ms] [LOG] [ChatTransport] Received WebSocket response: {"type":"delta","content":"故宫","error":null,"message_id":"28c0cf58-caca-4f5a-965d-d6ce7b70de83","conversation_id":null,"itinerary":null} @ webpack-internal:///(app-pages-browser)/./lib/chat-transport.ts:103
[   43637ms] [LOG] [ChatTransport] Received WebSocket response: {"type":"delta","content":"、","error":null,"message_id":"28c0cf58-caca-4f5a-965d-d6ce7b70de83","conversation_id":null,"itinerary":null} @ webpack-internal:///(app-pages-browser)/./lib/chat-transport.ts:103
[   43692ms] [LOG] [ChatTransport] Received WebSocket response: {"type":"delta","content":"天","error":null,"message_id":"28c0cf58-caca-4f5a-965d-d6ce7b70de83","conversation_id":null,"itinerary":null} @ webpack-internal:///(app-pages-browser)/./lib/chat-transport.ts:103
[   43704ms] [LOG] [ChatTransport] Received WebSocket response: {"type":"delta","content":"坛","error":null,"message_id":"28c0cf58-caca-4f5a-965d-d6ce7b70de83","conversation_id":null,"itinerary":null} @ webpack-internal:///(app-pages-browser)/./lib/chat-transport.ts:103
[   43930ms] [LOG] [ChatTransport] Received WebSocket response: {"type":"delta","content":"、","error":null,"message_id":"28c0cf58-caca-4f5a-965d-d6ce7b70de83","conversation_id":null,"itinerary":null} @ webpack-internal:///(app-pages-browser)/./lib/chat-transport.ts:103
[   43935ms] [LOG] [ChatTransport] Received WebSocket response: {"type":"delta","content":"颐","error":null,"message_id":"28c0cf58-caca-4f5a-965d-d6ce7b70de83","conversation_id":null,"itinerary":null} @ webpack-internal:///(app-pages-browser)/./lib/chat-transport.ts:103
[   43941ms] [LOG] [ChatTransport] Received WebSocket response: {"type":"delta","content":"和","error":null,"message_id":"28c0cf58-caca-4f5a-965d-d6ce7b70de83","conversation_id":null,"itinerary":null} @ webpack-internal:///(app-pages-browser)/./lib/chat-transport.ts:103
[   43941ms] [LOG] [ChatTransport] Received WebSocket response: {"type":"delta","content":"园","error":null,"message_id":"28c0cf58-caca-4f5a-965d-d6ce7b70de83","conversation_id":null,"itinerary":null} @ webpack-internal:///(app-pages-browser)/./lib/chat-transport.ts:103
[   43941ms] [LOG] [ChatTransport] Received WebSocket response: {"type":"delta","content":"等","error":null,"message_id":"28c0cf58-caca-4f5a-965d-d6ce7b70de83","conversation_id":null,"itinerary":null} @ webpack-internal:///(app-pages-browser)/./lib/chat-transport.ts:103
[   43941ms] [LOG] [ChatTransport] Received WebSocket response: {"type":"delta","content":"景点","error":null,"message_id":"28c0cf58-caca-4f5a-965d-d6ce7b70de83","conversation_id":null,"itinerary":null} @ webpack-internal:///(app-pages-browser)/./lib/chat-transport.ts:103
[   43967ms] [LOG] [ChatTransport] Received WebSocket response: {"type":"delta","content":"拍照","error":null,"message_id":"28c0cf58-caca-4f5a-965d-d6ce7b70de83","conversation_id":null,"itinerary":null} @ webpack-internal:///(app-pages-browser)/./lib/chat-transport.ts:103
[   43974ms] [LOG] [ChatTransport] Received WebSocket response: {"type":"delta","content":"效果","error":null,"message_id":"28c0cf58-caca-4f5a-965d-d6ce7b70de83","conversation_id":null,"itinerary":null} @ webpack-internal:///(app-pages-browser)/./lib/chat-transport.ts:103
[   44038ms] [LOG] [ChatTransport] Received WebSocket response: {"type":"delta","content":"会","error":null,"message_id":"28c0cf58-caca-4f5a-965d-d6ce7b70de83","conversation_id":null,"itinerary":null} @ webpack-internal:///(app-pages-browser)/./lib/chat-transport.ts:103
[   44051ms] [LOG] [ChatTransport] Received WebSocket response: {"type":"delta","content":"很好","error":null,"message_id":"28c0cf58-caca-4f5a-965d-d6ce7b70de83","conversation_id":null,"itinerary":null} @ webpack-internal:///(app-pages-browser)/./lib/chat-transport.ts:103
[   44110ms] [LOG] [ChatTransport] Received WebSocket response: {"type":"delta","content":"\n","error":null,"message_id":"28c0cf58-caca-4f5a-965d-d6ce7b70de83","conversation_id":null,"itinerary":null} @ webpack-internal:///(app-pages-browser)/./lib/chat-transport.ts:103
[   44116ms] [LOG] [ChatTransport] Received WebSocket response: {"type":"delta","content":"-","error":null,"message_id":"28c0cf58-caca-4f5a-965d-d6ce7b70de83","conversation_id":null,"itinerary":null} @ webpack-internal:///(app-pages-browser)/./lib/chat-transport.ts:103
[   44204ms] [LOG] [ChatTransport] Received WebSocket response: {"type":"delta","content":" ","error":null,"message_id":"28c0cf58-caca-4f5a-965d-d6ce7b70de83","conversation_id":null,"itinerary":null} @ webpack-internal:///(app-pages-browser)/./lib/chat-transport.ts:103
[   44215ms] [LOG] [ChatTransport] Received WebSocket response: {"type":"delta","content":"温度","error":null,"message_id":"28c0cf58-caca-4f5a-965d-d6ce7b70de83","conversation_id":null,"itinerary":null} @ webpack-internal:///(app-pages-browser)/./lib/chat-transport.ts:103
[   44287ms] [LOG] [ChatTransport] Received WebSocket response: {"type":"delta","content":"适中","error":null,"message_id":"28c0cf58-caca-4f5a-965d-d6ce7b70de83","conversation_id":null,"itinerary":null} @ webpack-internal:///(app-pages-browser)/./lib/chat-transport.ts:103
[   44327ms] [LOG] [ChatTransport] Received WebSocket response: {"type":"delta","content":"，","error":null,"message_id":"28c0cf58-caca-4f5a-965d-d6ce7b70de83","conversation_id":null,"itinerary":null} @ webpack-internal:///(app-pages-browser)/./lib/chat-transport.ts:103
[   44334ms] [LOG] [ChatTransport] Received WebSocket response: {"type":"delta","content":"早晚","error":null,"message_id":"28c0cf58-caca-4f5a-965d-d6ce7b70de83","conversation_id":null,"itinerary":null} @ webpack-internal:///(app-pages-browser)/./lib/chat-transport.ts:103
[   44398ms] [LOG] [ChatTransport] Received WebSocket response: {"type":"delta","content":"稍","error":null,"message_id":"28c0cf58-caca-4f5a-965d-d6ce7b70de83","conversation_id":null,"itinerary":null} @ webpack-internal:///(app-pages-browser)/./lib/chat-transport.ts:103
[   44572ms] [LOG] [ChatTransport] Received WebSocket response: {"type":"delta","content":"凉","error":null,"message_id":"28c0cf58-caca-4f5a-965d-d6ce7b70de83","conversation_id":null,"itinerary":null} @ webpack-internal:///(app-pages-browser)/./lib/chat-transport.ts:103
[   44590ms] [LOG] [ChatTransport] Received WebSocket response: {"type":"delta","content":"，","error":null,"message_id":"28c0cf58-caca-4f5a-965d-d6ce7b70de83","conversation_id":null,"itinerary":null} @ webpack-internal:///(app-pages-browser)/./lib/chat-transport.ts:103
[   44590ms] [LOG] [ChatTransport] Received WebSocket response: {"type":"delta","content":"建议","error":null,"message_id":"28c0cf58-caca-4f5a-965d-d6ce7b70de83","conversation_id":null,"itinerary":null} @ webpack-internal:///(app-pages-browser)/./lib/chat-transport.ts:103
[   44600ms] [LOG] [ChatTransport] Received WebSocket response: {"type":"delta","content":"穿","error":null,"message_id":"28c0cf58-caca-4f5a-965d-d6ce7b70de83","conversation_id":null,"itinerary":null} @ webpack-internal:///(app-pages-browser)/./lib/chat-transport.ts:103
[   44610ms] [LOG] [ChatTransport] Received WebSocket response: {"type":"delta","content":"薄","error":null,"message_id":"28c0cf58-caca-4f5a-965d-d6ce7b70de83","conversation_id":null,"itinerary":null} @ webpack-internal:///(app-pages-browser)/./lib/chat-transport.ts:103
[   44610ms] [LOG] [ChatTransport] Received WebSocket response: {"type":"delta","content":"外套","error":null,"message_id":"28c0cf58-caca-4f5a-965d-d6ce7b70de83","conversation_id":null,"itinerary":null} @ webpack-internal:///(app-pages-browser)/./lib/chat-transport.ts:103
[   44662ms] [LOG] [ChatTransport] Received WebSocket response: {"type":"delta","content":"\n","error":null,"message_id":"28c0cf58-caca-4f5a-965d-d6ce7b70de83","conversation_id":null,"itinerary":null} @ webpack-internal:///(app-pages-browser)/./lib/chat-transport.ts:103
[   44758ms] [LOG] [ChatTransport] Received WebSocket response: {"type":"delta","content":"-","error":null,"message_id":"28c0cf58-caca-4f5a-965d-d6ce7b70de83","conversation_id":null,"itinerary":null} @ webpack-internal:///(app-pages-browser)/./lib/chat-transport.ts:103
[   44759ms] [LOG] [ChatTransport] Received WebSocket response: {"type":"delta","content":" ","error":null,"message_id":"28c0cf58-caca-4f5a-965d-d6ce7b70de83","conversation_id":null,"itinerary":null} @ webpack-internal:///(app-pages-browser)/./lib/chat-transport.ts:103
[   44826ms] [LOG] [ChatTransport] Received WebSocket response: {"type":"delta","content":"紫外线","error":null,"message_id":"28c0cf58-caca-4f5a-965d-d6ce7b70de83","conversation_id":null,"itinerary":null} @ webpack-internal:///(app-pages-browser)/./lib/chat-transport.ts:103
[   44840ms] [LOG] [ChatTransport] Received WebSocket response: {"type":"delta","content":"可能","error":null,"message_id":"28c0cf58-caca-4f5a-965d-d6ce7b70de83","conversation_id":null,"itinerary":null} @ webpack-internal:///(app-pages-browser)/./lib/chat-transport.ts:103
[   44872ms] [LOG] [ChatTransport] Received WebSocket response: {"type":"delta","content":"较强","error":null,"message_id":"28c0cf58-caca-4f5a-965d-d6ce7b70de83","conversation_id":null,"itinerary":null} @ webpack-internal:///(app-pages-browser)/./lib/chat-transport.ts:103
[   44880ms] [LOG] [ChatTransport] Received WebSocket response: {"type":"delta","content":"，","error":null,"message_id":"28c0cf58-caca-4f5a-965d-d6ce7b70de83","conversation_id":null,"itinerary":null} @ webpack-internal:///(app-pages-browser)/./lib/chat-transport.ts:103
[   44973ms] [LOG] [ChatTransport] Received WebSocket response: {"type":"delta","content":"建议","error":null,"message_id":"28c0cf58-caca-4f5a-965d-d6ce7b70de83","conversation_id":null,"itinerary":null} @ webpack-internal:///(app-pages-browser)/./lib/chat-transport.ts:103
[   45016ms] [LOG] [ChatTransport] Received WebSocket response: {"type":"delta","content":"做好","error":null,"message_id":"28c0cf58-caca-4f5a-965d-d6ce7b70de83","conversation_id":null,"itinerary":null} @ webpack-internal:///(app-pages-browser)/./lib/chat-transport.ts:103
[   45029ms] [LOG] [ChatTransport] Received WebSocket response: {"type":"delta","content":"防晒","error":null,"message_id":"28c0cf58-caca-4f5a-965d-d6ce7b70de83","conversation_id":null,"itinerary":null} @ webpack-internal:///(app-pages-browser)/./lib/chat-transport.ts:103
[   45081ms] [LOG] [ChatTransport] Received WebSocket response: {"type":"delta","content":"\n\n","error":null,"message_id":"28c0cf58-caca-4f5a-965d-d6ce7b70de83","conversation_id":null,"itinerary":null} @ webpack-internal:///(app-pages-browser)/./lib/chat-transport.ts:103
[   45097ms] [LOG] [ChatTransport] Received WebSocket response: {"type":"delta","content":"**","error":null,"message_id":"28c0cf58-caca-4f5a-965d-d6ce7b70de83","conversation_id":null,"itinerary":null} @ webpack-internal:///(app-pages-browser)/./lib/chat-transport.ts:103
[   45291ms] [LOG] [ChatTransport] Received WebSocket response: {"type":"delta","content":"需要","error":null,"message_id":"28c0cf58-caca-4f5a-965d-d6ce7b70de83","conversation_id":null,"itinerary":null} @ webpack-internal:///(app-pages-browser)/./lib/chat-transport.ts:103
[   45292ms] [LOG] [ChatTransport] Received WebSocket response: {"type":"delta","content":"我","error":null,"message_id":"28c0cf58-caca-4f5a-965d-d6ce7b70de83","conversation_id":null,"itinerary":null} @ webpack-internal:///(app-pages-browser)/./lib/chat-transport.ts:103
[   45305ms] [LOG] [ChatTransport] Received WebSocket response: {"type":"delta","content":"为您","error":null,"message_id":"28c0cf58-caca-4f5a-965d-d6ce7b70de83","conversation_id":null,"itinerary":null} @ webpack-internal:///(app-pages-browser)/./lib/chat-transport.ts:103
[   45316ms] [LOG] [ChatTransport] Received WebSocket response: {"type":"delta","content":"规划","error":null,"message_id":"28c0cf58-caca-4f5a-965d-d6ce7b70de83","conversation_id":null,"itinerary":null} @ webpack-internal:///(app-pages-browser)/./lib/chat-transport.ts:103
[   45316ms] [LOG] [ChatTransport] Received WebSocket response: {"type":"delta","content":"北京","error":null,"message_id":"28c0cf58-caca-4f5a-965d-d6ce7b70de83","conversation_id":null,"itinerary":null} @ webpack-internal:///(app-pages-browser)/./lib/chat-transport.ts:103
[   45317ms] [LOG] [ChatTransport] Received WebSocket response: {"type":"delta","content":"3","error":null,"message_id":"28c0cf58-caca-4f5a-965d-d6ce7b70de83","conversation_id":null,"itinerary":null} @ webpack-internal:///(app-pages-browser)/./lib/chat-transport.ts:103
[   45350ms] [LOG] [ChatTransport] Received WebSocket response: {"type":"delta","content":"天","error":null,"message_id":"28c0cf58-caca-4f5a-965d-d6ce7b70de83","conversation_id":null,"itinerary":null} @ webpack-internal:///(app-pages-browser)/./lib/chat-transport.ts:103
[   45360ms] [LOG] [ChatTransport] Received WebSocket response: {"type":"delta","content":"2","error":null,"message_id":"28c0cf58-caca-4f5a-965d-d6ce7b70de83","conversation_id":null,"itinerary":null} @ webpack-internal:///(app-pages-browser)/./lib/chat-transport.ts:103
[   45422ms] [LOG] [ChatTransport] Received WebSocket response: {"type":"delta","content":"夜的","error":null,"message_id":"28c0cf58-caca-4f5a-965d-d6ce7b70de83","conversation_id":null,"itinerary":null} @ webpack-internal:///(app-pages-browser)/./lib/chat-transport.ts:103
[   45432ms] [LOG] [ChatTransport] Received WebSocket response: {"type":"delta","content":"行程","error":null,"message_id":"28c0cf58-caca-4f5a-965d-d6ce7b70de83","conversation_id":null,"itinerary":null} @ webpack-internal:///(app-pages-browser)/./lib/chat-transport.ts:103
[   45497ms] [LOG] [ChatTransport] Received WebSocket response: {"type":"delta","content":"吗","error":null,"message_id":"28c0cf58-caca-4f5a-965d-d6ce7b70de83","conversation_id":null,"itinerary":null} @ webpack-internal:///(app-pages-browser)/./lib/chat-transport.ts:103
[   45497ms] [LOG] [ChatTransport] Received WebSocket response: {"type":"delta","content":"？","error":null,"message_id":"28c0cf58-caca-4f5a-965d-d6ce7b70de83","conversation_id":null,"itinerary":null} @ webpack-internal:///(app-pages-browser)/./lib/chat-transport.ts:103
[   45553ms] [LOG] [ChatTransport] Received WebSocket response: {"type":"delta","content":"还是","error":null,"message_id":"28c0cf58-caca-4f5a-965d-d6ce7b70de83","conversation_id":null,"itinerary":null} @ webpack-internal:///(app-pages-browser)/./lib/chat-transport.ts:103
[   45554ms] [LOG] [ChatTransport] Received WebSocket response: {"type":"delta","content":"您","error":null,"message_id":"28c0cf58-caca-4f5a-965d-d6ce7b70de83","conversation_id":null,"itinerary":null} @ webpack-internal:///(app-pages-browser)/./lib/chat-transport.ts:103
[   45622ms] [LOG] [ChatTransport] Received WebSocket response: {"type":"delta","content":"有其他","error":null,"message_id":"28c0cf58-caca-4f5a-965d-d6ce7b70de83","conversation_id":null,"itinerary":null} @ webpack-internal:///(app-pages-browser)/./lib/chat-transport.ts:103
[   45631ms] [LOG] [ChatTransport] Received WebSocket response: {"type":"delta","content":"问题","error":null,"message_id":"28c0cf58-caca-4f5a-965d-d6ce7b70de83","conversation_id":null,"itinerary":null} @ webpack-internal:///(app-pages-browser)/./lib/chat-transport.ts:103
[   45693ms] [LOG] [ChatTransport] Received WebSocket response: {"type":"delta","content":"？","error":null,"message_id":"28c0cf58-caca-4f5a-965d-d6ce7b70de83","conversation_id":null,"itinerary":null} @ webpack-internal:///(app-pages-browser)/./lib/chat-transport.ts:103
[   45693ms] [LOG] [ChatTransport] Received WebSocket response: {"type":"delta","content":"**","error":null,"message_id":"28c0cf58-caca-4f5a-965d-d6ce7b70de83","conversation_id":null,"itinerary":null} @ webpack-internal:///(app-pages-browser)/./lib/chat-transport.ts:103
[   45765ms] [LOG] [ChatTransport] Received WebSocket response: {"type":"done","content":"根据查询结果，**北京明天（2026年4月17日，周五）的天气情况如下**：\n\n## 🌤️ **北京明日天气详情**\n- **天气**：晴转晴 ☀️\n- **温度**：13°C ~ 24°C（舒适宜人）\n- **风力**：南风1-3级（微风）\n- **出行建议**：天气晴朗，适合出行和拍照\n\n## 📊 **未来几天天气趋势**\n1. **今天（4月16日）**：小雨转小雨，11-20°C（有雨）\n2. **明天（4月17日）**：晴转晴，13-24°C（晴朗）\n3. **后天（4月18日）**：晴转晴，16-28°C（晴朗温暖）\n\n## 🎯 **对您行程的特别提醒**\n您之前提到的是**杭州**3天2夜行程，但现在查询的是**北京**天气。请问：\n\n1. **您是计划去北京旅行吗？** 如果是，我可以为您规划北京3天2夜的行程\n2. **还是您同时考虑杭州和北京两个目的地？**\n\n**如果去北京**，明天和后天都是**绝佳的好天气**，非常适合户外游览：\n- 故宫、天坛、颐和园等景点拍照效果会很好\n- 温度适中，早晚稍凉，建议穿薄外套\n- 紫外线可能较强，建议做好防晒\n\n**需要我为您规划北京3天2夜的行程吗？还是您有其他问题？**","error":null,"message_id":"28c0cf58-caca-4f5a-965d-d6ce7b70de83","conversation_id":"63d28fe3-637f-488d-a2b9-df4f86be47e3","itinerary":null} @ webpack-internal:///(app-pages-browser)/./lib/chat-transport.ts:103
[   45766ms] [LOG] [ChatTransport] Updated conversation_id: 63d28fe3-637f-488d-a2b9-df4f86be47e3 @ webpack-internal:///(app-pages-browser)/./lib/chat-transport.ts:125
