[     785ms] [INFO] %cDownload the React DevTools for a better development experience: https://react.dev/link/react-devtools font-weight:bold @ webpack-internal:///(app-pages-browser)/./node_modules/next/dist/compiled/react-dom/cjs/react-dom-client.development.js:25630
[   15758ms] [INFO] %cDownload the React DevTools for a better development experience: https://react.dev/link/react-devtools font-weight:bold @ webpack-internal:///(app-pages-browser)/./node_modules/next/dist/compiled/react-dom/cjs/react-dom-client.development.js:25630
[   17406ms] [WARNING] Detected `scroll-behavior: smooth` on the `<html>` element. In a future version, Next.js will no longer automatically disable smooth scrolling during route transitions. To prepare for this change, add `data-scroll-behavior="smooth"` to your <html> element. Learn more: https://nextjs.org/docs/messages/missing-data-scroll-behavior @ webpack-internal:///(app-pages-browser)/./node_modules/next/dist/shared/lib/utils/warn-once.js:15
[   17411ms] [LOG] [Chat] Store conversation changed: 1d71be56-4bd0-43a3-b45d-19f5f6eb8b4f @ webpack-internal:///(app-pages-browser)/./app/chat/page.tsx:158
[   17413ms] [WARNING] WebSocket connection to 'ws://localhost:8000/ws/chat' failed: WebSocket is closed before the connection is established. @ webpack-internal:///(app-pages-browser)/./lib/chat-transport.ts:56
[   17414ms] [LOG] [Chat] Store conversation changed: 1d71be56-4bd0-43a3-b45d-19f5f6eb8b4f @ webpack-internal:///(app-pages-browser)/./app/chat/page.tsx:158
[   17424ms] [ERROR] [ChatTransport] WebSocket error: Event @ webpack-internal:///(app-pages-browser)/./node_modules/next/dist/next-devtools/userspace/app/errors/intercept-console-error.js:56
[   17425ms] [ERROR] Event @ webpack-internal:///(app-pages-browser)/./node_modules/next/dist/next-devtools/userspace/app/errors/intercept-console-error.js:56
[   17425ms] [LOG] [ChatTransport] WebSocket disconnected 1006  @ webpack-internal:///(app-pages-browser)/./lib/chat-transport.ts:36
[   17425ms] [LOG] [ChatTransport] Reconnecting... (1/5) @ webpack-internal:///(app-pages-browser)/./lib/chat-transport.ts:41
[   17437ms] [LOG] [Chat] User initialized: f62f4ec5-1874-4821-97e9-b2c70b35805d @ webpack-internal:///(app-pages-browser)/./app/chat/page.tsx:51
[   17450ms] [LOG] [Chat] User ID set to transport: f62f4ec5-1874-4821-97e9-b2c70b35805d @ webpack-internal:///(app-pages-browser)/./app/chat/page.tsx:94
[   17453ms] [LOG] [Chat] User initialized: f62f4ec5-1874-4821-97e9-b2c70b35805d @ webpack-internal:///(app-pages-browser)/./app/chat/page.tsx:51
[   17727ms] [LOG] [ChatTransport] WebSocket connected @ webpack-internal:///(app-pages-browser)/./lib/chat-transport.ts:25
[   18742ms] [LOG] [ChatTransport] WebSocket connected @ webpack-internal:///(app-pages-browser)/./lib/chat-transport.ts:25
[   23402ms] [LOG] [Auth] Synced user ID to userManager: f62f4ec5-1874-4821-97e9-b2c70b35805d @ webpack-internal:///(app-pages-browser)/./lib/store/auth-store.ts:97
[   26092ms] [INFO] %cDownload the React DevTools for a better development experience: https://react.dev/link/react-devtools font-weight:bold @ webpack-internal:///(app-pages-browser)/./node_modules/next/dist/compiled/react-dom/cjs/react-dom-client.development.js:25630
[   26163ms] [LOG] [Auth] Synced user ID to userManager on init: f62f4ec5-1874-4821-97e9-b2c70b35805d @ webpack-internal:///(app-pages-browser)/./lib/store/auth-store.ts:59
[   26173ms] [WARNING] WebSocket connection to 'ws://localhost:8000/ws/monitor?token=eyJhbGciOiJIUzI1NiIsInR5cCI6IkpXVCJ9.eyJzdWIiOiJmNjJmNGVjNS0xODc0LTQ4MjEtOTdlOS1iMmM3MGIzNTgwNWQiLCJ0eXBlIjoiYWNjZXNzIiwiZXhwIjoxNzc2MzM4NDA3LCJpYXQiOjE3NzYzMzY2MDd9.MxxJy8_FQJ3qSXD_pga-RKkavBukXO6bc43GJWZpQW0' failed: WebSocket is closed before the connection is established. @ webpack-internal:///(app-pages-browser)/./lib/monitor-socket.ts:48
[   26177ms] [LOG] [MonitorSocket] Disconnected @ webpack-internal:///(app-pages-browser)/./lib/monitor-socket.ts:27
[   26177ms] [LOG] [MonitorSocket] Reconnecting in 1000ms... @ webpack-internal:///(app-pages-browser)/./lib/monitor-socket.ts:33
[   26493ms] [LOG] [MonitorSocket] Connected @ webpack-internal:///(app-pages-browser)/./lib/monitor-socket.ts:11
[   26496ms] [LOG] [MonitorStore] Received message: stats_update {intent_stats: Object, memory_stats: Object, context_stats: Object} @ webpack-internal:///(app-pages-browser)/./lib/store/monitor-store.ts:30
[   26496ms] [LOG] [MonitorStore] intent_stats: {strategy_counts: Object, confidence_distribution: Object, avg_latency_ms: Object, recent_classifications: Array(0)} @ webpack-internal:///(app-pages-browser)/./lib/store/monitor-store.ts:31
[   26496ms] [LOG] [MonitorStore] memory_stats: {hierarchy: Object, promotions: Array(0), memories: Array(0)} @ webpack-internal:///(app-pages-browser)/./lib/store/monitor-store.ts:32
[   26496ms] [LOG] [MonitorStore] context_stats: {current_tokens: 0, threshold: 0.75, compressions_triggered: 0, token_history: Array(0), last_compression: null} @ webpack-internal:///(app-pages-browser)/./lib/store/monitor-store.ts:33
[   26496ms] [LOG] [MonitorStore] Updating stats: {intent_stats: Object, memory_stats: Object, context_stats: Object} @ webpack-internal:///(app-pages-browser)/./lib/store/monitor-store.ts:57
[   26496ms] [LOG] [MonitorStore] State updated, intentStats: {strategy_counts: Object, confidence_distribution: Object, avg_latency_ms: Object, recent_classifications: Array(0)} @ webpack-internal:///(app-pages-browser)/./lib/store/monitor-store.ts:63
[   26499ms] [WARNING] The width(-1) and height(-1) of chart should be greater than 0,
       please check the style of container, or the props width(100%) and height(100%),
       or add a minWidth(0) or minHeight(undefined) or use aspect(undefined) to control the
       height and width. @ webpack-internal:///(app-pages-browser)/./node_modules/recharts/es6/util/LogUtils.js:18
[   26500ms] [WARNING] The width(-1) and height(-1) of chart should be greater than 0,
       please check the style of container, or the props width(100%) and height(100%),
       or add a minWidth(0) or minHeight(undefined) or use aspect(undefined) to control the
       height and width. @ webpack-internal:///(app-pages-browser)/./node_modules/recharts/es6/util/LogUtils.js:18
[   26508ms] [WARNING] The width(-1) and height(-1) of chart should be greater than 0,
       please check the style of container, or the props width(100%) and height(100%),
       or add a minWidth(0) or minHeight(undefined) or use aspect(undefined) to control the
       height and width. @ webpack-internal:///(app-pages-browser)/./node_modules/recharts/es6/util/LogUtils.js:18
[   26508ms] [WARNING] The width(-1) and height(-1) of chart should be greater than 0,
       please check the style of container, or the props width(100%) and height(100%),
       or add a minWidth(0) or minHeight(undefined) or use aspect(undefined) to control the
       height and width. @ webpack-internal:///(app-pages-browser)/./node_modules/recharts/es6/util/LogUtils.js:18
[   27490ms] [LOG] [MonitorSocket] Connected @ webpack-internal:///(app-pages-browser)/./lib/monitor-socket.ts:11
[   27523ms] [LOG] [MonitorStore] Received message: stats_update {intent_stats: Object, memory_stats: Object, context_stats: Object} @ webpack-internal:///(app-pages-browser)/./lib/store/monitor-store.ts:30
[   27523ms] [LOG] [MonitorStore] intent_stats: {strategy_counts: Object, confidence_distribution: Object, avg_latency_ms: Object, recent_classifications: Array(0)} @ webpack-internal:///(app-pages-browser)/./lib/store/monitor-store.ts:31
[   27523ms] [LOG] [MonitorStore] memory_stats: {hierarchy: Object, promotions: Array(0), memories: Array(0)} @ webpack-internal:///(app-pages-browser)/./lib/store/monitor-store.ts:32
[   27523ms] [LOG] [MonitorStore] context_stats: {current_tokens: 0, threshold: 0.75, compressions_triggered: 0, token_history: Array(0), last_compression: null} @ webpack-internal:///(app-pages-browser)/./lib/store/monitor-store.ts:33
[   27523ms] [LOG] [MonitorStore] Updating stats: {intent_stats: Object, memory_stats: Object, context_stats: Object} @ webpack-internal:///(app-pages-browser)/./lib/store/monitor-store.ts:57
[   27523ms] [LOG] [MonitorStore] State updated, intentStats: {strategy_counts: Object, confidence_distribution: Object, avg_latency_ms: Object, recent_classifications: Array(0)} @ webpack-internal:///(app-pages-browser)/./lib/store/monitor-store.ts:63
[   27545ms] [LOG] [MonitorStore] Received message: stats_update {intent_stats: Object, memory_stats: Object, context_stats: Object} @ webpack-internal:///(app-pages-browser)/./lib/store/monitor-store.ts:30
[   27545ms] [LOG] [MonitorStore] intent_stats: {strategy_counts: Object, confidence_distribution: Object, avg_latency_ms: Object, recent_classifications: Array(0)} @ webpack-internal:///(app-pages-browser)/./lib/store/monitor-store.ts:31
[   27545ms] [LOG] [MonitorStore] memory_stats: {hierarchy: Object, promotions: Array(0), memories: Array(0)} @ webpack-internal:///(app-pages-browser)/./lib/store/monitor-store.ts:32
[   27545ms] [LOG] [MonitorStore] context_stats: {current_tokens: 0, threshold: 0.75, compressions_triggered: 0, token_history: Array(0), last_compression: null} @ webpack-internal:///(app-pages-browser)/./lib/store/monitor-store.ts:33
[   27545ms] [LOG] [MonitorStore] Updating stats: {intent_stats: Object, memory_stats: Object, context_stats: Object} @ webpack-internal:///(app-pages-browser)/./lib/store/monitor-store.ts:57
[   27545ms] [LOG] [MonitorStore] State updated, intentStats: {strategy_counts: Object, confidence_distribution: Object, avg_latency_ms: Object, recent_classifications: Array(0)} @ webpack-internal:///(app-pages-browser)/./lib/store/monitor-store.ts:63
[   28495ms] [LOG] [MonitorStore] Received message: stats_update {intent_stats: Object, memory_stats: Object, context_stats: Object} @ webpack-internal:///(app-pages-browser)/./lib/store/monitor-store.ts:30
[   28496ms] [LOG] [MonitorStore] intent_stats: {strategy_counts: Object, confidence_distribution: Object, avg_latency_ms: Object, recent_classifications: Array(0)} @ webpack-internal:///(app-pages-browser)/./lib/store/monitor-store.ts:31
[   28496ms] [LOG] [MonitorStore] memory_stats: {hierarchy: Object, promotions: Array(0), memories: Array(0)} @ webpack-internal:///(app-pages-browser)/./lib/store/monitor-store.ts:32
[   28496ms] [LOG] [MonitorStore] context_stats: {current_tokens: 0, threshold: 0.75, compressions_triggered: 0, token_history: Array(0), last_compression: null} @ webpack-internal:///(app-pages-browser)/./lib/store/monitor-store.ts:33
[   28496ms] [LOG] [MonitorStore] Updating stats: {intent_stats: Object, memory_stats: Object, context_stats: Object} @ webpack-internal:///(app-pages-browser)/./lib/store/monitor-store.ts:57
[   28496ms] [LOG] [MonitorStore] State updated, intentStats: {strategy_counts: Object, confidence_distribution: Object, avg_latency_ms: Object, recent_classifications: Array(0)} @ webpack-internal:///(app-pages-browser)/./lib/store/monitor-store.ts:63
[   28519ms] [LOG] [MonitorStore] Received message: stats_update {intent_stats: Object, memory_stats: Object, context_stats: Object} @ webpack-internal:///(app-pages-browser)/./lib/store/monitor-store.ts:30
[   28519ms] [LOG] [MonitorStore] intent_stats: {strategy_counts: Object, confidence_distribution: Object, avg_latency_ms: Object, recent_classifications: Array(0)} @ webpack-internal:///(app-pages-browser)/./lib/store/monitor-store.ts:31
[   28519ms] [LOG] [MonitorStore] memory_stats: {hierarchy: Object, promotions: Array(0), memories: Array(0)} @ webpack-internal:///(app-pages-browser)/./lib/store/monitor-store.ts:32
[   28519ms] [LOG] [MonitorStore] context_stats: {current_tokens: 0, threshold: 0.75, compressions_triggered: 0, token_history: Array(0), last_compression: null} @ webpack-internal:///(app-pages-browser)/./lib/store/monitor-store.ts:33
[   28519ms] [LOG] [MonitorStore] Updating stats: {intent_stats: Object, memory_stats: Object, context_stats: Object} @ webpack-internal:///(app-pages-browser)/./lib/store/monitor-store.ts:57
[   28519ms] [LOG] [MonitorStore] State updated, intentStats: {strategy_counts: Object, confidence_distribution: Object, avg_latency_ms: Object, recent_classifications: Array(0)} @ webpack-internal:///(app-pages-browser)/./lib/store/monitor-store.ts:63
[   29505ms] [LOG] [MonitorStore] Received message: stats_update {intent_stats: Object, memory_stats: Object, context_stats: Object} @ webpack-internal:///(app-pages-browser)/./lib/store/monitor-store.ts:30
[   29505ms] [LOG] [MonitorStore] intent_stats: {strategy_counts: Object, confidence_distribution: Object, avg_latency_ms: Object, recent_classifications: Array(0)} @ webpack-internal:///(app-pages-browser)/./lib/store/monitor-store.ts:31
[   29505ms] [LOG] [MonitorStore] memory_stats: {hierarchy: Object, promotions: Array(0), memories: Array(0)} @ webpack-internal:///(app-pages-browser)/./lib/store/monitor-store.ts:32
[   29505ms] [LOG] [MonitorStore] context_stats: {current_tokens: 0, threshold: 0.75, compressions_triggered: 0, token_history: Array(0), last_compression: null} @ webpack-internal:///(app-pages-browser)/./lib/store/monitor-store.ts:33
[   29505ms] [LOG] [MonitorStore] Updating stats: {intent_stats: Object, memory_stats: Object, context_stats: Object} @ webpack-internal:///(app-pages-browser)/./lib/store/monitor-store.ts:57
[   29506ms] [LOG] [MonitorStore] State updated, intentStats: {strategy_counts: Object, confidence_distribution: Object, avg_latency_ms: Object, recent_classifications: Array(0)} @ webpack-internal:///(app-pages-browser)/./lib/store/monitor-store.ts:63
[   29548ms] [LOG] [MonitorStore] Received message: stats_update {intent_stats: Object, memory_stats: Object, context_stats: Object} @ webpack-internal:///(app-pages-browser)/./lib/store/monitor-store.ts:30
[   29548ms] [LOG] [MonitorStore] intent_stats: {strategy_counts: Object, confidence_distribution: Object, avg_latency_ms: Object, recent_classifications: Array(0)} @ webpack-internal:///(app-pages-browser)/./lib/store/monitor-store.ts:31
[   29548ms] [LOG] [MonitorStore] memory_stats: {hierarchy: Object, promotions: Array(0), memories: Array(0)} @ webpack-internal:///(app-pages-browser)/./lib/store/monitor-store.ts:32
[   29549ms] [LOG] [MonitorStore] context_stats: {current_tokens: 0, threshold: 0.75, compressions_triggered: 0, token_history: Array(0), last_compression: null} @ webpack-internal:///(app-pages-browser)/./lib/store/monitor-store.ts:33
[   29549ms] [LOG] [MonitorStore] Updating stats: {intent_stats: Object, memory_stats: Object, context_stats: Object} @ webpack-internal:///(app-pages-browser)/./lib/store/monitor-store.ts:57
[   29549ms] [LOG] [MonitorStore] State updated, intentStats: {strategy_counts: Object, confidence_distribution: Object, avg_latency_ms: Object, recent_classifications: Array(0)} @ webpack-internal:///(app-pages-browser)/./lib/store/monitor-store.ts:63
[   30517ms] [LOG] [MonitorStore] Received message: stats_update {intent_stats: Object, memory_stats: Object, context_stats: Object} @ webpack-internal:///(app-pages-browser)/./lib/store/monitor-store.ts:30
[   30517ms] [LOG] [MonitorStore] intent_stats: {strategy_counts: Object, confidence_distribution: Object, avg_latency_ms: Object, recent_classifications: Array(0)} @ webpack-internal:///(app-pages-browser)/./lib/store/monitor-store.ts:31
[   30517ms] [LOG] [MonitorStore] memory_stats: {hierarchy: Object, promotions: Array(0), memories: Array(0)} @ webpack-internal:///(app-pages-browser)/./lib/store/monitor-store.ts:32
[   30517ms] [LOG] [MonitorStore] context_stats: {current_tokens: 0, threshold: 0.75, compressions_triggered: 0, token_history: Array(0), last_compression: null} @ webpack-internal:///(app-pages-browser)/./lib/store/monitor-store.ts:33
[   30517ms] [LOG] [MonitorStore] Updating stats: {intent_stats: Object, memory_stats: Object, context_stats: Object} @ webpack-internal:///(app-pages-browser)/./lib/store/monitor-store.ts:57
[   30517ms] [LOG] [MonitorStore] State updated, intentStats: {strategy_counts: Object, confidence_distribution: Object, avg_latency_ms: Object, recent_classifications: Array(0)} @ webpack-internal:///(app-pages-browser)/./lib/store/monitor-store.ts:63
[   30571ms] [LOG] [MonitorStore] Received message: stats_update {intent_stats: Object, memory_stats: Object, context_stats: Object} @ webpack-internal:///(app-pages-browser)/./lib/store/monitor-store.ts:30
[   30572ms] [LOG] [MonitorStore] intent_stats: {strategy_counts: Object, confidence_distribution: Object, avg_latency_ms: Object, recent_classifications: Array(0)} @ webpack-internal:///(app-pages-browser)/./lib/store/monitor-store.ts:31
[   30572ms] [LOG] [MonitorStore] memory_stats: {hierarchy: Object, promotions: Array(0), memories: Array(0)} @ webpack-internal:///(app-pages-browser)/./lib/store/monitor-store.ts:32
[   30572ms] [LOG] [MonitorStore] context_stats: {current_tokens: 0, threshold: 0.75, compressions_triggered: 0, token_history: Array(0), last_compression: null} @ webpack-internal:///(app-pages-browser)/./lib/store/monitor-store.ts:33
[   30572ms] [LOG] [MonitorStore] Updating stats: {intent_stats: Object, memory_stats: Object, context_stats: Object} @ webpack-internal:///(app-pages-browser)/./lib/store/monitor-store.ts:57
[   30572ms] [LOG] [MonitorStore] State updated, intentStats: {strategy_counts: Object, confidence_distribution: Object, avg_latency_ms: Object, recent_classifications: Array(0)} @ webpack-internal:///(app-pages-browser)/./lib/store/monitor-store.ts:63
[   31530ms] [LOG] [MonitorStore] Received message: stats_update {intent_stats: Object, memory_stats: Object, context_stats: Object} @ webpack-internal:///(app-pages-browser)/./lib/store/monitor-store.ts:30
[   31530ms] [LOG] [MonitorStore] intent_stats: {strategy_counts: Object, confidence_distribution: Object, avg_latency_ms: Object, recent_classifications: Array(0)} @ webpack-internal:///(app-pages-browser)/./lib/store/monitor-store.ts:31
[   31530ms] [LOG] [MonitorStore] memory_stats: {hierarchy: Object, promotions: Array(0), memories: Array(0)} @ webpack-internal:///(app-pages-browser)/./lib/store/monitor-store.ts:32
[   31530ms] [LOG] [MonitorStore] context_stats: {current_tokens: 0, threshold: 0.75, compressions_triggered: 0, token_history: Array(0), last_compression: null} @ webpack-internal:///(app-pages-browser)/./lib/store/monitor-store.ts:33
[   31530ms] [LOG] [MonitorStore] Updating stats: {intent_stats: Object, memory_stats: Object, context_stats: Object} @ webpack-internal:///(app-pages-browser)/./lib/store/monitor-store.ts:57
[   31530ms] [LOG] [MonitorStore] State updated, intentStats: {strategy_counts: Object, confidence_distribution: Object, avg_latency_ms: Object, recent_classifications: Array(0)} @ webpack-internal:///(app-pages-browser)/./lib/store/monitor-store.ts:63
[   31578ms] [LOG] [MonitorStore] Received message: stats_update {intent_stats: Object, memory_stats: Object, context_stats: Object} @ webpack-internal:///(app-pages-browser)/./lib/store/monitor-store.ts:30
[   31578ms] [LOG] [MonitorStore] intent_stats: {strategy_counts: Object, confidence_distribution: Object, avg_latency_ms: Object, recent_classifications: Array(0)} @ webpack-internal:///(app-pages-browser)/./lib/store/monitor-store.ts:31
[   31578ms] [LOG] [MonitorStore] memory_stats: {hierarchy: Object, promotions: Array(0), memories: Array(0)} @ webpack-internal:///(app-pages-browser)/./lib/store/monitor-store.ts:32
[   31578ms] [LOG] [MonitorStore] context_stats: {current_tokens: 0, threshold: 0.75, compressions_triggered: 0, token_history: Array(0), last_compression: null} @ webpack-internal:///(app-pages-browser)/./lib/store/monitor-store.ts:33
[   31578ms] [LOG] [MonitorStore] Updating stats: {intent_stats: Object, memory_stats: Object, context_stats: Object} @ webpack-internal:///(app-pages-browser)/./lib/store/monitor-store.ts:57
[   31578ms] [LOG] [MonitorStore] State updated, intentStats: {strategy_counts: Object, confidence_distribution: Object, avg_latency_ms: Object, recent_classifications: Array(0)} @ webpack-internal:///(app-pages-browser)/./lib/store/monitor-store.ts:63
[   32533ms] [LOG] [MonitorStore] Received message: stats_update {intent_stats: Object, memory_stats: Object, context_stats: Object} @ webpack-internal:///(app-pages-browser)/./lib/store/monitor-store.ts:30
[   32533ms] [LOG] [MonitorStore] intent_stats: {strategy_counts: Object, confidence_distribution: Object, avg_latency_ms: Object, recent_classifications: Array(0)} @ webpack-internal:///(app-pages-browser)/./lib/store/monitor-store.ts:31
[   32533ms] [LOG] [MonitorStore] memory_stats: {hierarchy: Object, promotions: Array(0), memories: Array(0)} @ webpack-internal:///(app-pages-browser)/./lib/store/monitor-store.ts:32
[   32533ms] [LOG] [MonitorStore] context_stats: {current_tokens: 0, threshold: 0.75, compressions_triggered: 0, token_history: Array(0), last_compression: null} @ webpack-internal:///(app-pages-browser)/./lib/store/monitor-store.ts:33
[   32533ms] [LOG] [MonitorStore] Updating stats: {intent_stats: Object, memory_stats: Object, context_stats: Object} @ webpack-internal:///(app-pages-browser)/./lib/store/monitor-store.ts:57
[   32533ms] [LOG] [MonitorStore] State updated, intentStats: {strategy_counts: Object, confidence_distribution: Object, avg_latency_ms: Object, recent_classifications: Array(0)} @ webpack-internal:///(app-pages-browser)/./lib/store/monitor-store.ts:63
[   32585ms] [LOG] [MonitorStore] Received message: stats_update {intent_stats: Object, memory_stats: Object, context_stats: Object} @ webpack-internal:///(app-pages-browser)/./lib/store/monitor-store.ts:30
[   32586ms] [LOG] [MonitorStore] intent_stats: {strategy_counts: Object, confidence_distribution: Object, avg_latency_ms: Object, recent_classifications: Array(0)} @ webpack-internal:///(app-pages-browser)/./lib/store/monitor-store.ts:31
[   32586ms] [LOG] [MonitorStore] memory_stats: {hierarchy: Object, promotions: Array(0), memories: Array(0)} @ webpack-internal:///(app-pages-browser)/./lib/store/monitor-store.ts:32
[   32586ms] [LOG] [MonitorStore] context_stats: {current_tokens: 0, threshold: 0.75, compressions_triggered: 0, token_history: Array(0), last_compression: null} @ webpack-internal:///(app-pages-browser)/./lib/store/monitor-store.ts:33
[   32586ms] [LOG] [MonitorStore] Updating stats: {intent_stats: Object, memory_stats: Object, context_stats: Object} @ webpack-internal:///(app-pages-browser)/./lib/store/monitor-store.ts:57
[   32586ms] [LOG] [MonitorStore] State updated, intentStats: {strategy_counts: Object, confidence_distribution: Object, avg_latency_ms: Object, recent_classifications: Array(0)} @ webpack-internal:///(app-pages-browser)/./lib/store/monitor-store.ts:63
[   33543ms] [LOG] [MonitorStore] Received message: stats_update {intent_stats: Object, memory_stats: Object, context_stats: Object} @ webpack-internal:///(app-pages-browser)/./lib/store/monitor-store.ts:30
[   33543ms] [LOG] [MonitorStore] intent_stats: {strategy_counts: Object, confidence_distribution: Object, avg_latency_ms: Object, recent_classifications: Array(0)} @ webpack-internal:///(app-pages-browser)/./lib/store/monitor-store.ts:31
[   33543ms] [LOG] [MonitorStore] memory_stats: {hierarchy: Object, promotions: Array(0), memories: Array(0)} @ webpack-internal:///(app-pages-browser)/./lib/store/monitor-store.ts:32
[   33544ms] [LOG] [MonitorStore] context_stats: {current_tokens: 0, threshold: 0.75, compressions_triggered: 0, token_history: Array(0), last_compression: null} @ webpack-internal:///(app-pages-browser)/./lib/store/monitor-store.ts:33
[   33544ms] [LOG] [MonitorStore] Updating stats: {intent_stats: Object, memory_stats: Object, context_stats: Object} @ webpack-internal:///(app-pages-browser)/./lib/store/monitor-store.ts:57
[   33544ms] [LOG] [MonitorStore] State updated, intentStats: {strategy_counts: Object, confidence_distribution: Object, avg_latency_ms: Object, recent_classifications: Array(0)} @ webpack-internal:///(app-pages-browser)/./lib/store/monitor-store.ts:63
[   33593ms] [LOG] [MonitorStore] Received message: stats_update {intent_stats: Object, memory_stats: Object, context_stats: Object} @ webpack-internal:///(app-pages-browser)/./lib/store/monitor-store.ts:30
[   33593ms] [LOG] [MonitorStore] intent_stats: {strategy_counts: Object, confidence_distribution: Object, avg_latency_ms: Object, recent_classifications: Array(0)} @ webpack-internal:///(app-pages-browser)/./lib/store/monitor-store.ts:31
[   33593ms] [LOG] [MonitorStore] memory_stats: {hierarchy: Object, promotions: Array(0), memories: Array(0)} @ webpack-internal:///(app-pages-browser)/./lib/store/monitor-store.ts:32
[   33594ms] [LOG] [MonitorStore] context_stats: {current_tokens: 0, threshold: 0.75, compressions_triggered: 0, token_history: Array(0), last_compression: null} @ webpack-internal:///(app-pages-browser)/./lib/store/monitor-store.ts:33
[   33594ms] [LOG] [MonitorStore] Updating stats: {intent_stats: Object, memory_stats: Object, context_stats: Object} @ webpack-internal:///(app-pages-browser)/./lib/store/monitor-store.ts:57
[   33594ms] [LOG] [MonitorStore] State updated, intentStats: {strategy_counts: Object, confidence_distribution: Object, avg_latency_ms: Object, recent_classifications: Array(0)} @ webpack-internal:///(app-pages-browser)/./lib/store/monitor-store.ts:63
[   34544ms] [LOG] [MonitorStore] Received message: stats_update {intent_stats: Object, memory_stats: Object, context_stats: Object} @ webpack-internal:///(app-pages-browser)/./lib/store/monitor-store.ts:30
[   34545ms] [LOG] [MonitorStore] intent_stats: {strategy_counts: Object, confidence_distribution: Object, avg_latency_ms: Object, recent_classifications: Array(0)} @ webpack-internal:///(app-pages-browser)/./lib/store/monitor-store.ts:31
[   34545ms] [LOG] [MonitorStore] memory_stats: {hierarchy: Object, promotions: Array(0), memories: Array(0)} @ webpack-internal:///(app-pages-browser)/./lib/store/monitor-store.ts:32
[   34545ms] [LOG] [MonitorStore] context_stats: {current_tokens: 0, threshold: 0.75, compressions_triggered: 0, token_history: Array(0), last_compression: null} @ webpack-internal:///(app-pages-browser)/./lib/store/monitor-store.ts:33
[   34545ms] [LOG] [MonitorStore] Updating stats: {intent_stats: Object, memory_stats: Object, context_stats: Object} @ webpack-internal:///(app-pages-browser)/./lib/store/monitor-store.ts:57
[   34545ms] [LOG] [MonitorStore] State updated, intentStats: {strategy_counts: Object, confidence_distribution: Object, avg_latency_ms: Object, recent_classifications: Array(0)} @ webpack-internal:///(app-pages-browser)/./lib/store/monitor-store.ts:63
[   34604ms] [LOG] [MonitorStore] Received message: stats_update {intent_stats: Object, memory_stats: Object, context_stats: Object} @ webpack-internal:///(app-pages-browser)/./lib/store/monitor-store.ts:30
[   34605ms] [LOG] [MonitorStore] intent_stats: {strategy_counts: Object, confidence_distribution: Object, avg_latency_ms: Object, recent_classifications: Array(0)} @ webpack-internal:///(app-pages-browser)/./lib/store/monitor-store.ts:31
[   34605ms] [LOG] [MonitorStore] memory_stats: {hierarchy: Object, promotions: Array(0), memories: Array(0)} @ webpack-internal:///(app-pages-browser)/./lib/store/monitor-store.ts:32
[   34605ms] [LOG] [MonitorStore] context_stats: {current_tokens: 0, threshold: 0.75, compressions_triggered: 0, token_history: Array(0), last_compression: null} @ webpack-internal:///(app-pages-browser)/./lib/store/monitor-store.ts:33
[   34605ms] [LOG] [MonitorStore] Updating stats: {intent_stats: Object, memory_stats: Object, context_stats: Object} @ webpack-internal:///(app-pages-browser)/./lib/store/monitor-store.ts:57
[   34605ms] [LOG] [MonitorStore] State updated, intentStats: {strategy_counts: Object, confidence_distribution: Object, avg_latency_ms: Object, recent_classifications: Array(0)} @ webpack-internal:///(app-pages-browser)/./lib/store/monitor-store.ts:63
[   35555ms] [LOG] [MonitorStore] Received message: stats_update {intent_stats: Object, memory_stats: Object, context_stats: Object} @ webpack-internal:///(app-pages-browser)/./lib/store/monitor-store.ts:30
[   35556ms] [LOG] [MonitorStore] intent_stats: {strategy_counts: Object, confidence_distribution: Object, avg_latency_ms: Object, recent_classifications: Array(0)} @ webpack-internal:///(app-pages-browser)/./lib/store/monitor-store.ts:31
[   35556ms] [LOG] [MonitorStore] memory_stats: {hierarchy: Object, promotions: Array(0), memories: Array(0)} @ webpack-internal:///(app-pages-browser)/./lib/store/monitor-store.ts:32
[   35556ms] [LOG] [MonitorStore] context_stats: {current_tokens: 0, threshold: 0.75, compressions_triggered: 0, token_history: Array(0), last_compression: null} @ webpack-internal:///(app-pages-browser)/./lib/store/monitor-store.ts:33
[   35557ms] [LOG] [MonitorStore] Updating stats: {intent_stats: Object, memory_stats: Object, context_stats: Object} @ webpack-internal:///(app-pages-browser)/./lib/store/monitor-store.ts:57
[   35557ms] [LOG] [MonitorStore] State updated, intentStats: {strategy_counts: Object, confidence_distribution: Object, avg_latency_ms: Object, recent_classifications: Array(0)} @ webpack-internal:///(app-pages-browser)/./lib/store/monitor-store.ts:63
[   35619ms] [LOG] [MonitorStore] Received message: stats_update {intent_stats: Object, memory_stats: Object, context_stats: Object} @ webpack-internal:///(app-pages-browser)/./lib/store/monitor-store.ts:30
[   35619ms] [LOG] [MonitorStore] intent_stats: {strategy_counts: Object, confidence_distribution: Object, avg_latency_ms: Object, recent_classifications: Array(0)} @ webpack-internal:///(app-pages-browser)/./lib/store/monitor-store.ts:31
[   35619ms] [LOG] [MonitorStore] memory_stats: {hierarchy: Object, promotions: Array(0), memories: Array(0)} @ webpack-internal:///(app-pages-browser)/./lib/store/monitor-store.ts:32
[   35620ms] [LOG] [MonitorStore] context_stats: {current_tokens: 0, threshold: 0.75, compressions_triggered: 0, token_history: Array(0), last_compression: null} @ webpack-internal:///(app-pages-browser)/./lib/store/monitor-store.ts:33
[   35620ms] [LOG] [MonitorStore] Updating stats: {intent_stats: Object, memory_stats: Object, context_stats: Object} @ webpack-internal:///(app-pages-browser)/./lib/store/monitor-store.ts:57
[   35620ms] [LOG] [MonitorStore] State updated, intentStats: {strategy_counts: Object, confidence_distribution: Object, avg_latency_ms: Object, recent_classifications: Array(0)} @ webpack-internal:///(app-pages-browser)/./lib/store/monitor-store.ts:63
[   36568ms] [LOG] [MonitorStore] Received message: stats_update {intent_stats: Object, memory_stats: Object, context_stats: Object} @ webpack-internal:///(app-pages-browser)/./lib/store/monitor-store.ts:30
[   36568ms] [LOG] [MonitorStore] intent_stats: {strategy_counts: Object, confidence_distribution: Object, avg_latency_ms: Object, recent_classifications: Array(0)} @ webpack-internal:///(app-pages-browser)/./lib/store/monitor-store.ts:31
[   36569ms] [LOG] [MonitorStore] memory_stats: {hierarchy: Object, promotions: Array(0), memories: Array(0)} @ webpack-internal:///(app-pages-browser)/./lib/store/monitor-store.ts:32
[   36569ms] [LOG] [MonitorStore] context_stats: {current_tokens: 0, threshold: 0.75, compressions_triggered: 0, token_history: Array(0), last_compression: null} @ webpack-internal:///(app-pages-browser)/./lib/store/monitor-store.ts:33
[   36569ms] [LOG] [MonitorStore] Updating stats: {intent_stats: Object, memory_stats: Object, context_stats: Object} @ webpack-internal:///(app-pages-browser)/./lib/store/monitor-store.ts:57
[   36569ms] [LOG] [MonitorStore] State updated, intentStats: {strategy_counts: Object, confidence_distribution: Object, avg_latency_ms: Object, recent_classifications: Array(0)} @ webpack-internal:///(app-pages-browser)/./lib/store/monitor-store.ts:63
[   36623ms] [LOG] [MonitorStore] Received message: stats_update {intent_stats: Object, memory_stats: Object, context_stats: Object} @ webpack-internal:///(app-pages-browser)/./lib/store/monitor-store.ts:30
[   36623ms] [LOG] [MonitorStore] intent_stats: {strategy_counts: Object, confidence_distribution: Object, avg_latency_ms: Object, recent_classifications: Array(0)} @ webpack-internal:///(app-pages-browser)/./lib/store/monitor-store.ts:31
[   36623ms] [LOG] [MonitorStore] memory_stats: {hierarchy: Object, promotions: Array(0), memories: Array(0)} @ webpack-internal:///(app-pages-browser)/./lib/store/monitor-store.ts:32
[   36623ms] [LOG] [MonitorStore] context_stats: {current_tokens: 0, threshold: 0.75, compressions_triggered: 0, token_history: Array(0), last_compression: null} @ webpack-internal:///(app-pages-browser)/./lib/store/monitor-store.ts:33
[   36623ms] [LOG] [MonitorStore] Updating stats: {intent_stats: Object, memory_stats: Object, context_stats: Object} @ webpack-internal:///(app-pages-browser)/./lib/store/monitor-store.ts:57
[   36624ms] [LOG] [MonitorStore] State updated, intentStats: {strategy_counts: Object, confidence_distribution: Object, avg_latency_ms: Object, recent_classifications: Array(0)} @ webpack-internal:///(app-pages-browser)/./lib/store/monitor-store.ts:63
[   37577ms] [LOG] [MonitorStore] Received message: stats_update {intent_stats: Object, memory_stats: Object, context_stats: Object} @ webpack-internal:///(app-pages-browser)/./lib/store/monitor-store.ts:30
[   37577ms] [LOG] [MonitorStore] intent_stats: {strategy_counts: Object, confidence_distribution: Object, avg_latency_ms: Object, recent_classifications: Array(0)} @ webpack-internal:///(app-pages-browser)/./lib/store/monitor-store.ts:31
[   37577ms] [LOG] [MonitorStore] memory_stats: {hierarchy: Object, promotions: Array(0), memories: Array(0)} @ webpack-internal:///(app-pages-browser)/./lib/store/monitor-store.ts:32
[   37577ms] [LOG] [MonitorStore] context_stats: {current_tokens: 0, threshold: 0.75, compressions_triggered: 0, token_history: Array(0), last_compression: null} @ webpack-internal:///(app-pages-browser)/./lib/store/monitor-store.ts:33
[   37577ms] [LOG] [MonitorStore] Updating stats: {intent_stats: Object, memory_stats: Object, context_stats: Object} @ webpack-internal:///(app-pages-browser)/./lib/store/monitor-store.ts:57
[   37577ms] [LOG] [MonitorStore] State updated, intentStats: {strategy_counts: Object, confidence_distribution: Object, avg_latency_ms: Object, recent_classifications: Array(0)} @ webpack-internal:///(app-pages-browser)/./lib/store/monitor-store.ts:63
[   37635ms] [LOG] [MonitorStore] Received message: stats_update {intent_stats: Object, memory_stats: Object, context_stats: Object} @ webpack-internal:///(app-pages-browser)/./lib/store/monitor-store.ts:30
[   37636ms] [LOG] [MonitorStore] intent_stats: {strategy_counts: Object, confidence_distribution: Object, avg_latency_ms: Object, recent_classifications: Array(0)} @ webpack-internal:///(app-pages-browser)/./lib/store/monitor-store.ts:31
[   37636ms] [LOG] [MonitorStore] memory_stats: {hierarchy: Object, promotions: Array(0), memories: Array(0)} @ webpack-internal:///(app-pages-browser)/./lib/store/monitor-store.ts:32
[   37636ms] [LOG] [MonitorStore] context_stats: {current_tokens: 0, threshold: 0.75, compressions_triggered: 0, token_history: Array(0), last_compression: null} @ webpack-internal:///(app-pages-browser)/./lib/store/monitor-store.ts:33
[   37636ms] [LOG] [MonitorStore] Updating stats: {intent_stats: Object, memory_stats: Object, context_stats: Object} @ webpack-internal:///(app-pages-browser)/./lib/store/monitor-store.ts:57
[   37636ms] [LOG] [MonitorStore] State updated, intentStats: {strategy_counts: Object, confidence_distribution: Object, avg_latency_ms: Object, recent_classifications: Array(0)} @ webpack-internal:///(app-pages-browser)/./lib/store/monitor-store.ts:63
[   38580ms] [LOG] [MonitorStore] Received message: stats_update {intent_stats: Object, memory_stats: Object, context_stats: Object} @ webpack-internal:///(app-pages-browser)/./lib/store/monitor-store.ts:30
[   38580ms] [LOG] [MonitorStore] intent_stats: {strategy_counts: Object, confidence_distribution: Object, avg_latency_ms: Object, recent_classifications: Array(0)} @ webpack-internal:///(app-pages-browser)/./lib/store/monitor-store.ts:31
[   38581ms] [LOG] [MonitorStore] memory_stats: {hierarchy: Object, promotions: Array(0), memories: Array(0)} @ webpack-internal:///(app-pages-browser)/./lib/store/monitor-store.ts:32
[   38581ms] [LOG] [MonitorStore] context_stats: {current_tokens: 0, threshold: 0.75, compressions_triggered: 0, token_history: Array(0), last_compression: null} @ webpack-internal:///(app-pages-browser)/./lib/store/monitor-store.ts:33
[   38581ms] [LOG] [MonitorStore] Updating stats: {intent_stats: Object, memory_stats: Object, context_stats: Object} @ webpack-internal:///(app-pages-browser)/./lib/store/monitor-store.ts:57
[   38581ms] [LOG] [MonitorStore] State updated, intentStats: {strategy_counts: Object, confidence_distribution: Object, avg_latency_ms: Object, recent_classifications: Array(0)} @ webpack-internal:///(app-pages-browser)/./lib/store/monitor-store.ts:63
[   38656ms] [LOG] [MonitorStore] Received message: stats_update {intent_stats: Object, memory_stats: Object, context_stats: Object} @ webpack-internal:///(app-pages-browser)/./lib/store/monitor-store.ts:30
[   38656ms] [LOG] [MonitorStore] intent_stats: {strategy_counts: Object, confidence_distribution: Object, avg_latency_ms: Object, recent_classifications: Array(0)} @ webpack-internal:///(app-pages-browser)/./lib/store/monitor-store.ts:31
[   38656ms] [LOG] [MonitorStore] memory_stats: {hierarchy: Object, promotions: Array(0), memories: Array(0)} @ webpack-internal:///(app-pages-browser)/./lib/store/monitor-store.ts:32
[   38656ms] [LOG] [MonitorStore] context_stats: {current_tokens: 0, threshold: 0.75, compressions_triggered: 0, token_history: Array(0), last_compression: null} @ webpack-internal:///(app-pages-browser)/./lib/store/monitor-store.ts:33
[   38656ms] [LOG] [MonitorStore] Updating stats: {intent_stats: Object, memory_stats: Object, context_stats: Object} @ webpack-internal:///(app-pages-browser)/./lib/store/monitor-store.ts:57
[   38657ms] [LOG] [MonitorStore] State updated, intentStats: {strategy_counts: Object, confidence_distribution: Object, avg_latency_ms: Object, recent_classifications: Array(0)} @ webpack-internal:///(app-pages-browser)/./lib/store/monitor-store.ts:63
[   39583ms] [LOG] [MonitorStore] Received message: stats_update {intent_stats: Object, memory_stats: Object, context_stats: Object} @ webpack-internal:///(app-pages-browser)/./lib/store/monitor-store.ts:30
[   39584ms] [LOG] [MonitorStore] intent_stats: {strategy_counts: Object, confidence_distribution: Object, avg_latency_ms: Object, recent_classifications: Array(0)} @ webpack-internal:///(app-pages-browser)/./lib/store/monitor-store.ts:31
[   39584ms] [LOG] [MonitorStore] memory_stats: {hierarchy: Object, promotions: Array(0), memories: Array(0)} @ webpack-internal:///(app-pages-browser)/./lib/store/monitor-store.ts:32
[   39584ms] [LOG] [MonitorStore] context_stats: {current_tokens: 0, threshold: 0.75, compressions_triggered: 0, token_history: Array(0), last_compression: null} @ webpack-internal:///(app-pages-browser)/./lib/store/monitor-store.ts:33
[   39585ms] [LOG] [MonitorStore] Updating stats: {intent_stats: Object, memory_stats: Object, context_stats: Object} @ webpack-internal:///(app-pages-browser)/./lib/store/monitor-store.ts:57
[   39585ms] [LOG] [MonitorStore] State updated, intentStats: {strategy_counts: Object, confidence_distribution: Object, avg_latency_ms: Object, recent_classifications: Array(0)} @ webpack-internal:///(app-pages-browser)/./lib/store/monitor-store.ts:63
[   39643ms] [LOG] [MonitorStore] Received message: stats_update {intent_stats: Object, memory_stats: Object, context_stats: Object} @ webpack-internal:///(app-pages-browser)/./lib/store/monitor-store.ts:30
[   39644ms] [LOG] [MonitorStore] intent_stats: {strategy_counts: Object, confidence_distribution: Object, avg_latency_ms: Object, recent_classifications: Array(0)} @ webpack-internal:///(app-pages-browser)/./lib/store/monitor-store.ts:31
[   39644ms] [LOG] [MonitorStore] memory_stats: {hierarchy: Object, promotions: Array(0), memories: Array(0)} @ webpack-internal:///(app-pages-browser)/./lib/store/monitor-store.ts:32
[   39644ms] [LOG] [MonitorStore] context_stats: {current_tokens: 0, threshold: 0.75, compressions_triggered: 0, token_history: Array(0), last_compression: null} @ webpack-internal:///(app-pages-browser)/./lib/store/monitor-store.ts:33
[   39645ms] [LOG] [MonitorStore] Updating stats: {intent_stats: Object, memory_stats: Object, context_stats: Object} @ webpack-internal:///(app-pages-browser)/./lib/store/monitor-store.ts:57
[   39645ms] [LOG] [MonitorStore] State updated, intentStats: {strategy_counts: Object, confidence_distribution: Object, avg_latency_ms: Object, recent_classifications: Array(0)} @ webpack-internal:///(app-pages-browser)/./lib/store/monitor-store.ts:63
[   40589ms] [LOG] [MonitorStore] Received message: stats_update {intent_stats: Object, memory_stats: Object, context_stats: Object} @ webpack-internal:///(app-pages-browser)/./lib/store/monitor-store.ts:30
[   40590ms] [LOG] [MonitorStore] intent_stats: {strategy_counts: Object, confidence_distribution: Object, avg_latency_ms: Object, recent_classifications: Array(0)} @ webpack-internal:///(app-pages-browser)/./lib/store/monitor-store.ts:31
[   40590ms] [LOG] [MonitorStore] memory_stats: {hierarchy: Object, promotions: Array(0), memories: Array(0)} @ webpack-internal:///(app-pages-browser)/./lib/store/monitor-store.ts:32
[   40590ms] [LOG] [MonitorStore] context_stats: {current_tokens: 0, threshold: 0.75, compressions_triggered: 0, token_history: Array(0), last_compression: null} @ webpack-internal:///(app-pages-browser)/./lib/store/monitor-store.ts:33
[   40590ms] [LOG] [MonitorStore] Updating stats: {intent_stats: Object, memory_stats: Object, context_stats: Object} @ webpack-internal:///(app-pages-browser)/./lib/store/monitor-store.ts:57
[   40590ms] [LOG] [MonitorStore] State updated, intentStats: {strategy_counts: Object, confidence_distribution: Object, avg_latency_ms: Object, recent_classifications: Array(0)} @ webpack-internal:///(app-pages-browser)/./lib/store/monitor-store.ts:63
[   40634ms] [LOG] [MonitorStore] Received message: stats_update {intent_stats: Object, memory_stats: Object, context_stats: Object} @ webpack-internal:///(app-pages-browser)/./lib/store/monitor-store.ts:30
[   40635ms] [LOG] [MonitorStore] intent_stats: {strategy_counts: Object, confidence_distribution: Object, avg_latency_ms: Object, recent_classifications: Array(0)} @ webpack-internal:///(app-pages-browser)/./lib/store/monitor-store.ts:31
[   40635ms] [LOG] [MonitorStore] memory_stats: {hierarchy: Object, promotions: Array(0), memories: Array(0)} @ webpack-internal:///(app-pages-browser)/./lib/store/monitor-store.ts:32
[   40635ms] [LOG] [MonitorStore] context_stats: {current_tokens: 0, threshold: 0.75, compressions_triggered: 0, token_history: Array(0), last_compression: null} @ webpack-internal:///(app-pages-browser)/./lib/store/monitor-store.ts:33
[   40636ms] [LOG] [MonitorStore] Updating stats: {intent_stats: Object, memory_stats: Object, context_stats: Object} @ webpack-internal:///(app-pages-browser)/./lib/store/monitor-store.ts:57
[   40636ms] [LOG] [MonitorStore] State updated, intentStats: {strategy_counts: Object, confidence_distribution: Object, avg_latency_ms: Object, recent_classifications: Array(0)} @ webpack-internal:///(app-pages-browser)/./lib/store/monitor-store.ts:63
[   41605ms] [LOG] [MonitorStore] Received message: stats_update {intent_stats: Object, memory_stats: Object, context_stats: Object} @ webpack-internal:///(app-pages-browser)/./lib/store/monitor-store.ts:30
[   41605ms] [LOG] [MonitorStore] intent_stats: {strategy_counts: Object, confidence_distribution: Object, avg_latency_ms: Object, recent_classifications: Array(0)} @ webpack-internal:///(app-pages-browser)/./lib/store/monitor-store.ts:31
[   41605ms] [LOG] [MonitorStore] memory_stats: {hierarchy: Object, promotions: Array(0), memories: Array(0)} @ webpack-internal:///(app-pages-browser)/./lib/store/monitor-store.ts:32
[   41605ms] [LOG] [MonitorStore] context_stats: {current_tokens: 0, threshold: 0.75, compressions_triggered: 0, token_history: Array(0), last_compression: null} @ webpack-internal:///(app-pages-browser)/./lib/store/monitor-store.ts:33
[   41605ms] [LOG] [MonitorStore] Updating stats: {intent_stats: Object, memory_stats: Object, context_stats: Object} @ webpack-internal:///(app-pages-browser)/./lib/store/monitor-store.ts:57
[   41605ms] [LOG] [MonitorStore] State updated, intentStats: {strategy_counts: Object, confidence_distribution: Object, avg_latency_ms: Object, recent_classifications: Array(0)} @ webpack-internal:///(app-pages-browser)/./lib/store/monitor-store.ts:63
[   41655ms] [LOG] [MonitorStore] Received message: stats_update {intent_stats: Object, memory_stats: Object, context_stats: Object} @ webpack-internal:///(app-pages-browser)/./lib/store/monitor-store.ts:30
[   41656ms] [LOG] [MonitorStore] intent_stats: {strategy_counts: Object, confidence_distribution: Object, avg_latency_ms: Object, recent_classifications: Array(0)} @ webpack-internal:///(app-pages-browser)/./lib/store/monitor-store.ts:31
[   41657ms] [LOG] [MonitorStore] memory_stats: {hierarchy: Object, promotions: Array(0), memories: Array(0)} @ webpack-internal:///(app-pages-browser)/./lib/store/monitor-store.ts:32
[   41657ms] [LOG] [MonitorStore] context_stats: {current_tokens: 0, threshold: 0.75, compressions_triggered: 0, token_history: Array(0), last_compression: null} @ webpack-internal:///(app-pages-browser)/./lib/store/monitor-store.ts:33
[   41658ms] [LOG] [MonitorStore] Updating stats: {intent_stats: Object, memory_stats: Object, context_stats: Object} @ webpack-internal:///(app-pages-browser)/./lib/store/monitor-store.ts:57
[   41658ms] [LOG] [MonitorStore] State updated, intentStats: {strategy_counts: Object, confidence_distribution: Object, avg_latency_ms: Object, recent_classifications: Array(0)} @ webpack-internal:///(app-pages-browser)/./lib/store/monitor-store.ts:63
