[     863ms] [INFO] %cDownload the React DevTools for a better development experience: https://react.dev/link/react-devtools font-weight:bold @ webpack-internal:///(app-pages-browser)/./node_modules/next/dist/compiled/react-dom/cjs/react-dom-client.development.js:25630
[    1119ms] [LOG] [Auth] Synced user ID to userManager on init: f62f4ec5-1874-4821-97e9-b2c70b35805d @ webpack-internal:///(app-pages-browser)/./lib/store/auth-store.ts:59
[    1168ms] [WARNING] WebSocket connection to 'ws://localhost:8000/ws/chat' failed: WebSocket is closed before the connection is established. @ webpack-internal:///(app-pages-browser)/./lib/chat-transport.ts:56
[    1195ms] [ERROR] [ChatTransport] WebSocket error: Event @ webpack-internal:///(app-pages-browser)/./node_modules/next/dist/next-devtools/userspace/app/errors/intercept-console-error.js:56
[    1195ms] [ERROR] Event @ webpack-internal:///(app-pages-browser)/./node_modules/next/dist/next-devtools/userspace/app/errors/intercept-console-error.js:56
[    1196ms] [LOG] [ChatTransport] WebSocket disconnected 1006  @ webpack-internal:///(app-pages-browser)/./lib/chat-transport.ts:36
[    1196ms] [LOG] [ChatTransport] Reconnecting... (1/5) @ webpack-internal:///(app-pages-browser)/./lib/chat-transport.ts:41
[    1232ms] [LOG] [Chat] User initialized: f62f4ec5-1874-4821-97e9-b2c70b35805d @ webpack-internal:///(app-pages-browser)/./app/chat/page.tsx:51
[    1246ms] [LOG] [Chat] User initialized: f62f4ec5-1874-4821-97e9-b2c70b35805d @ webpack-internal:///(app-pages-browser)/./app/chat/page.tsx:51
[    1247ms] [LOG] [Chat] User ID set to transport: f62f4ec5-1874-4821-97e9-b2c70b35805d @ webpack-internal:///(app-pages-browser)/./app/chat/page.tsx:94
[    1485ms] [LOG] [ChatTransport] WebSocket connected @ webpack-internal:///(app-pages-browser)/./lib/chat-transport.ts:25
[    2517ms] [LOG] [ChatTransport] WebSocket connected @ webpack-internal:///(app-pages-browser)/./lib/chat-transport.ts:25
[    6576ms] [LOG] [ChatTransport] sendMessage called, content: 帮我规划一下行程 @ webpack-internal:///(app-pages-browser)/./lib/chat-transport.ts:81
[    6576ms] [LOG] [ChatTransport] isConnected: true ws.readyState: 1 @ webpack-internal:///(app-pages-browser)/./lib/chat-transport.ts:82
[    6576ms] [LOG] [ChatTransport] has_image: false @ webpack-internal:///(app-pages-browser)/./lib/chat-transport.ts:83
[    6577ms] [LOG] [ChatTransport] Sending WebSocket message: msg_1776336632867_59jh0qv 帮我规划一下行程 @ webpack-internal:///(app-pages-browser)/./lib/chat-transport.ts:100
[    6577ms] [LOG] [ChatTransport] send() called, isConnected: true readyState: 1 @ webpack-internal:///(app-pages-browser)/./lib/chat-transport.ts:69
[    6577ms] [LOG] [ChatTransport] Sending WebSocket data: {"type":"message","session_id":"session_1776336627460_ggx40dq","user_id":"f62f4ec5-1874-4821-97e9-b2c70b35805d","content":"帮我规划一下行程","has_image":false} @ webpack-internal:///(app-pages-browser)/./lib/chat-transport.ts:71
[   14866ms] [LOG] [ChatTransport] Received WebSocket response: {"type":"delta","content":"您好","error":null,"message_id":"feb54f7e-13ef-4e10-b44f-2e7dff9a57a3","conversation_id":null,"itinerary":null} @ webpack-internal:///(app-pages-browser)/./lib/chat-transport.ts:103
[   15226ms] [LOG] [ChatTransport] Received WebSocket response: {"type":"delta","content":"！","error":null,"message_id":"feb54f7e-13ef-4e10-b44f-2e7dff9a57a3","conversation_id":null,"itinerary":null} @ webpack-internal:///(app-pages-browser)/./lib/chat-transport.ts:103
[   15241ms] [LOG] [ChatTransport] Received WebSocket response: {"type":"delta","content":"我是","error":null,"message_id":"feb54f7e-13ef-4e10-b44f-2e7dff9a57a3","conversation_id":null,"itinerary":null} @ webpack-internal:///(app-pages-browser)/./lib/chat-transport.ts:103
[   15242ms] [LOG] [ChatTransport] Received WebSocket response: {"type":"delta","content":"您的","error":null,"message_id":"feb54f7e-13ef-4e10-b44f-2e7dff9a57a3","conversation_id":null,"itinerary":null} @ webpack-internal:///(app-pages-browser)/./lib/chat-transport.ts:103
[   15255ms] [LOG] [ChatTransport] Received WebSocket response: {"type":"delta","content":"旅游","error":null,"message_id":"feb54f7e-13ef-4e10-b44f-2e7dff9a57a3","conversation_id":null,"itinerary":null} @ webpack-internal:///(app-pages-browser)/./lib/chat-transport.ts:103
[   15269ms] [LOG] [ChatTransport] Received WebSocket response: {"type":"delta","content":"助手","error":null,"message_id":"feb54f7e-13ef-4e10-b44f-2e7dff9a57a3","conversation_id":null,"itinerary":null} @ webpack-internal:///(app-pages-browser)/./lib/chat-transport.ts:103
[   15567ms] [LOG] [ChatTransport] Received WebSocket response: {"type":"delta","content":"，","error":null,"message_id":"feb54f7e-13ef-4e10-b44f-2e7dff9a57a3","conversation_id":null,"itinerary":null} @ webpack-internal:///(app-pages-browser)/./lib/chat-transport.ts:103
[   15580ms] [LOG] [ChatTransport] Received WebSocket response: {"type":"delta","content":"很高兴","error":null,"message_id":"feb54f7e-13ef-4e10-b44f-2e7dff9a57a3","conversation_id":null,"itinerary":null} @ webpack-internal:///(app-pages-browser)/./lib/chat-transport.ts:103
[   15594ms] [LOG] [ChatTransport] Received WebSocket response: {"type":"delta","content":"为您","error":null,"message_id":"feb54f7e-13ef-4e10-b44f-2e7dff9a57a3","conversation_id":null,"itinerary":null} @ webpack-internal:///(app-pages-browser)/./lib/chat-transport.ts:103
[   15595ms] [LOG] [ChatTransport] Received WebSocket response: {"type":"delta","content":"服务","error":null,"message_id":"feb54f7e-13ef-4e10-b44f-2e7dff9a57a3","conversation_id":null,"itinerary":null} @ webpack-internal:///(app-pages-browser)/./lib/chat-transport.ts:103
[   15595ms] [LOG] [ChatTransport] Received WebSocket response: {"type":"delta","content":"。\n\n","error":null,"message_id":"feb54f7e-13ef-4e10-b44f-2e7dff9a57a3","conversation_id":null,"itinerary":null} @ webpack-internal:///(app-pages-browser)/./lib/chat-transport.ts:103
[   15595ms] [LOG] [ChatTransport] Received WebSocket response: {"type":"delta","content":"我看到","error":null,"message_id":"feb54f7e-13ef-4e10-b44f-2e7dff9a57a3","conversation_id":null,"itinerary":null} @ webpack-internal:///(app-pages-browser)/./lib/chat-transport.ts:103
[   15596ms] [LOG] [ChatTransport] Received WebSocket response: {"type":"delta","content":"您","error":null,"message_id":"feb54f7e-13ef-4e10-b44f-2e7dff9a57a3","conversation_id":null,"itinerary":null} @ webpack-internal:///(app-pages-browser)/./lib/chat-transport.ts:103
[   15607ms] [LOG] [ChatTransport] Received WebSocket response: {"type":"delta","content":"想","error":null,"message_id":"feb54f7e-13ef-4e10-b44f-2e7dff9a57a3","conversation_id":null,"itinerary":null} @ webpack-internal:///(app-pages-browser)/./lib/chat-transport.ts:103
[   15608ms] [LOG] [ChatTransport] Received WebSocket response: {"type":"delta","content":"规划","error":null,"message_id":"feb54f7e-13ef-4e10-b44f-2e7dff9a57a3","conversation_id":null,"itinerary":null} @ webpack-internal:///(app-pages-browser)/./lib/chat-transport.ts:103
[   15660ms] [LOG] [ChatTransport] Received WebSocket response: {"type":"delta","content":"一个","error":null,"message_id":"feb54f7e-13ef-4e10-b44f-2e7dff9a57a3","conversation_id":null,"itinerary":null} @ webpack-internal:///(app-pages-browser)/./lib/chat-transport.ts:103
[   15676ms] [LOG] [ChatTransport] Received WebSocket response: {"type":"delta","content":" **","error":null,"message_id":"feb54f7e-13ef-4e10-b44f-2e7dff9a57a3","conversation_id":null,"itinerary":null} @ webpack-internal:///(app-pages-browser)/./lib/chat-transport.ts:103
[   15736ms] [LOG] [ChatTransport] Received WebSocket response: {"type":"delta","content":"3","error":null,"message_id":"feb54f7e-13ef-4e10-b44f-2e7dff9a57a3","conversation_id":null,"itinerary":null} @ webpack-internal:///(app-pages-browser)/./lib/chat-transport.ts:103
[   15751ms] [LOG] [ChatTransport] Received WebSocket response: {"type":"delta","content":"天","error":null,"message_id":"feb54f7e-13ef-4e10-b44f-2e7dff9a57a3","conversation_id":null,"itinerary":null} @ webpack-internal:///(app-pages-browser)/./lib/chat-transport.ts:103
[   15810ms] [LOG] [ChatTransport] Received WebSocket response: {"type":"delta","content":"**","error":null,"message_id":"feb54f7e-13ef-4e10-b44f-2e7dff9a57a3","conversation_id":null,"itinerary":null} @ webpack-internal:///(app-pages-browser)/./lib/chat-transport.ts:103
[   15810ms] [LOG] [ChatTransport] Received WebSocket response: {"type":"delta","content":" ","error":null,"message_id":"feb54f7e-13ef-4e10-b44f-2e7dff9a57a3","conversation_id":null,"itinerary":null} @ webpack-internal:///(app-pages-browser)/./lib/chat-transport.ts:103
[   15886ms] [LOG] [ChatTransport] Received WebSocket response: {"type":"delta","content":"的","error":null,"message_id":"feb54f7e-13ef-4e10-b44f-2e7dff9a57a3","conversation_id":null,"itinerary":null} @ webpack-internal:///(app-pages-browser)/./lib/chat-transport.ts:103
[   15887ms] [LOG] [ChatTransport] Received WebSocket response: {"type":"delta","content":"行程","error":null,"message_id":"feb54f7e-13ef-4e10-b44f-2e7dff9a57a3","conversation_id":null,"itinerary":null} @ webpack-internal:///(app-pages-browser)/./lib/chat-transport.ts:103
[   15949ms] [LOG] [ChatTransport] Received WebSocket response: {"type":"delta","content":"，","error":null,"message_id":"feb54f7e-13ef-4e10-b44f-2e7dff9a57a3","conversation_id":null,"itinerary":null} @ webpack-internal:///(app-pages-browser)/./lib/chat-transport.ts:103
[   15962ms] [LOG] [ChatTransport] Received WebSocket response: {"type":"delta","content":"但","error":null,"message_id":"feb54f7e-13ef-4e10-b44f-2e7dff9a57a3","conversation_id":null,"itinerary":null} @ webpack-internal:///(app-pages-browser)/./lib/chat-transport.ts:103
[   16014ms] [LOG] [ChatTransport] Received WebSocket response: {"type":"delta","content":"您","error":null,"message_id":"feb54f7e-13ef-4e10-b44f-2e7dff9a57a3","conversation_id":null,"itinerary":null} @ webpack-internal:///(app-pages-browser)/./lib/chat-transport.ts:103
[   16194ms] [LOG] [ChatTransport] Received WebSocket response: {"type":"delta","content":"还没有","error":null,"message_id":"feb54f7e-13ef-4e10-b44f-2e7dff9a57a3","conversation_id":null,"itinerary":null} @ webpack-internal:///(app-pages-browser)/./lib/chat-transport.ts:103
[   16195ms] [LOG] [ChatTransport] Received WebSocket response: {"type":"delta","content":"告诉我","error":null,"message_id":"feb54f7e-13ef-4e10-b44f-2e7dff9a57a3","conversation_id":null,"itinerary":null} @ webpack-internal:///(app-pages-browser)/./lib/chat-transport.ts:103
[   16222ms] [LOG] [ChatTransport] Received WebSocket response: {"type":"delta","content":"您","error":null,"message_id":"feb54f7e-13ef-4e10-b44f-2e7dff9a57a3","conversation_id":null,"itinerary":null} @ webpack-internal:///(app-pages-browser)/./lib/chat-transport.ts:103
[   16265ms] [LOG] [ChatTransport] Received WebSocket response: {"type":"delta","content":"想去","error":null,"message_id":"feb54f7e-13ef-4e10-b44f-2e7dff9a57a3","conversation_id":null,"itinerary":null} @ webpack-internal:///(app-pages-browser)/./lib/chat-transport.ts:103
[   16274ms] [LOG] [ChatTransport] Received WebSocket response: {"type":"delta","content":"哪个","error":null,"message_id":"feb54f7e-13ef-4e10-b44f-2e7dff9a57a3","conversation_id":null,"itinerary":null} @ webpack-internal:///(app-pages-browser)/./lib/chat-transport.ts:103
[   16304ms] [LOG] [ChatTransport] Received WebSocket response: {"type":"delta","content":"**","error":null,"message_id":"feb54f7e-13ef-4e10-b44f-2e7dff9a57a3","conversation_id":null,"itinerary":null} @ webpack-internal:///(app-pages-browser)/./lib/chat-transport.ts:103
[   16458ms] [LOG] [ChatTransport] Received WebSocket response: {"type":"delta","content":"目的地","error":null,"message_id":"feb54f7e-13ef-4e10-b44f-2e7dff9a57a3","conversation_id":null,"itinerary":null} @ webpack-internal:///(app-pages-browser)/./lib/chat-transport.ts:103
[   16468ms] [LOG] [ChatTransport] Received WebSocket response: {"type":"delta","content":"**","error":null,"message_id":"feb54f7e-13ef-4e10-b44f-2e7dff9a57a3","conversation_id":null,"itinerary":null} @ webpack-internal:///(app-pages-browser)/./lib/chat-transport.ts:103
[   16469ms] [LOG] [ChatTransport] Received WebSocket response: {"type":"delta","content":"呢","error":null,"message_id":"feb54f7e-13ef-4e10-b44f-2e7dff9a57a3","conversation_id":null,"itinerary":null} @ webpack-internal:///(app-pages-browser)/./lib/chat-transport.ts:103
[   16469ms] [LOG] [ChatTransport] Received WebSocket response: {"type":"delta","content":"。\n\n","error":null,"message_id":"feb54f7e-13ef-4e10-b44f-2e7dff9a57a3","conversation_id":null,"itinerary":null} @ webpack-internal:///(app-pages-browser)/./lib/chat-transport.ts:103
[   16512ms] [LOG] [ChatTransport] Received WebSocket response: {"type":"delta","content":"为了","error":null,"message_id":"feb54f7e-13ef-4e10-b44f-2e7dff9a57a3","conversation_id":null,"itinerary":null} @ webpack-internal:///(app-pages-browser)/./lib/chat-transport.ts:103
[   16521ms] [LOG] [ChatTransport] Received WebSocket response: {"type":"delta","content":"给您","error":null,"message_id":"feb54f7e-13ef-4e10-b44f-2e7dff9a57a3","conversation_id":null,"itinerary":null} @ webpack-internal:///(app-pages-browser)/./lib/chat-transport.ts:103
[   16581ms] [LOG] [ChatTransport] Received WebSocket response: {"type":"delta","content":"规划","error":null,"message_id":"feb54f7e-13ef-4e10-b44f-2e7dff9a57a3","conversation_id":null,"itinerary":null} @ webpack-internal:///(app-pages-browser)/./lib/chat-transport.ts:103
[   16590ms] [LOG] [ChatTransport] Received WebSocket response: {"type":"delta","content":"一份","error":null,"message_id":"feb54f7e-13ef-4e10-b44f-2e7dff9a57a3","conversation_id":null,"itinerary":null} @ webpack-internal:///(app-pages-browser)/./lib/chat-transport.ts:103
[   16647ms] [LOG] [ChatTransport] Received WebSocket response: {"type":"delta","content":"完美的","error":null,"message_id":"feb54f7e-13ef-4e10-b44f-2e7dff9a57a3","conversation_id":null,"itinerary":null} @ webpack-internal:///(app-pages-browser)/./lib/chat-transport.ts:103
[   16847ms] [LOG] [ChatTransport] Received WebSocket response: {"type":"delta","content":"行程","error":null,"message_id":"feb54f7e-13ef-4e10-b44f-2e7dff9a57a3","conversation_id":null,"itinerary":null} @ webpack-internal:///(app-pages-browser)/./lib/chat-transport.ts:103
[   16857ms] [LOG] [ChatTransport] Received WebSocket response: {"type":"delta","content":"，","error":null,"message_id":"feb54f7e-13ef-4e10-b44f-2e7dff9a57a3","conversation_id":null,"itinerary":null} @ webpack-internal:///(app-pages-browser)/./lib/chat-transport.ts:103
[   16858ms] [LOG] [ChatTransport] Received WebSocket response: {"type":"delta","content":"我需要","error":null,"message_id":"feb54f7e-13ef-4e10-b44f-2e7dff9a57a3","conversation_id":null,"itinerary":null} @ webpack-internal:///(app-pages-browser)/./lib/chat-transport.ts:103
[   16992ms] [LOG] [ChatTransport] Received WebSocket response: {"type":"delta","content":"了解","error":null,"message_id":"feb54f7e-13ef-4e10-b44f-2e7dff9a57a3","conversation_id":null,"itinerary":null} @ webpack-internal:///(app-pages-browser)/./lib/chat-transport.ts:103
[   17003ms] [LOG] [ChatTransport] Received WebSocket response: {"type":"delta","content":"一些","error":null,"message_id":"feb54f7e-13ef-4e10-b44f-2e7dff9a57a3","conversation_id":null,"itinerary":null} @ webpack-internal:///(app-pages-browser)/./lib/chat-transport.ts:103
[   17003ms] [LOG] [ChatTransport] Received WebSocket response: {"type":"delta","content":"关键","error":null,"message_id":"feb54f7e-13ef-4e10-b44f-2e7dff9a57a3","conversation_id":null,"itinerary":null} @ webpack-internal:///(app-pages-browser)/./lib/chat-transport.ts:103
[   17020ms] [LOG] [ChatTransport] Received WebSocket response: {"type":"delta","content":"信息","error":null,"message_id":"feb54f7e-13ef-4e10-b44f-2e7dff9a57a3","conversation_id":null,"itinerary":null} @ webpack-internal:///(app-pages-browser)/./lib/chat-transport.ts:103
[   17031ms] [LOG] [ChatTransport] Received WebSocket response: {"type":"delta","content":"。","error":null,"message_id":"feb54f7e-13ef-4e10-b44f-2e7dff9a57a3","conversation_id":null,"itinerary":null} @ webpack-internal:///(app-pages-browser)/./lib/chat-transport.ts:103
[   17119ms] [LOG] [ChatTransport] Received WebSocket response: {"type":"delta","content":"请您","error":null,"message_id":"feb54f7e-13ef-4e10-b44f-2e7dff9a57a3","conversation_id":null,"itinerary":null} @ webpack-internal:///(app-pages-browser)/./lib/chat-transport.ts:103
[   17120ms] [LOG] [ChatTransport] Received WebSocket response: {"type":"delta","content":"告诉我","error":null,"message_id":"feb54f7e-13ef-4e10-b44f-2e7dff9a57a3","conversation_id":null,"itinerary":null} @ webpack-internal:///(app-pages-browser)/./lib/chat-transport.ts:103
[   17151ms] [LOG] [ChatTransport] Received WebSocket response: {"type":"delta","content":"：\n\n","error":null,"message_id":"feb54f7e-13ef-4e10-b44f-2e7dff9a57a3","conversation_id":null,"itinerary":null} @ webpack-internal:///(app-pages-browser)/./lib/chat-transport.ts:103
[   17160ms] [LOG] [ChatTransport] Received WebSocket response: {"type":"delta","content":"1","error":null,"message_id":"feb54f7e-13ef-4e10-b44f-2e7dff9a57a3","conversation_id":null,"itinerary":null} @ webpack-internal:///(app-pages-browser)/./lib/chat-transport.ts:103
[   17235ms] [LOG] [ChatTransport] Received WebSocket response: {"type":"delta","content":".","error":null,"message_id":"feb54f7e-13ef-4e10-b44f-2e7dff9a57a3","conversation_id":null,"itinerary":null} @ webpack-internal:///(app-pages-browser)/./lib/chat-transport.ts:103
[   17244ms] [LOG] [ChatTransport] Received WebSocket response: {"type":"delta","content":" ","error":null,"message_id":"feb54f7e-13ef-4e10-b44f-2e7dff9a57a3","conversation_id":null,"itinerary":null} @ webpack-internal:///(app-pages-browser)/./lib/chat-transport.ts:103
[   17309ms] [LOG] [ChatTransport] Received WebSocket response: {"type":"delta","content":" **","error":null,"message_id":"feb54f7e-13ef-4e10-b44f-2e7dff9a57a3","conversation_id":null,"itinerary":null} @ webpack-internal:///(app-pages-browser)/./lib/chat-transport.ts:103
[   17319ms] [LOG] [ChatTransport] Received WebSocket response: {"type":"delta","content":"您","error":null,"message_id":"feb54f7e-13ef-4e10-b44f-2e7dff9a57a3","conversation_id":null,"itinerary":null} @ webpack-internal:///(app-pages-browser)/./lib/chat-transport.ts:103
[   17363ms] [LOG] [ChatTransport] Received WebSocket response: {"type":"delta","content":"想去","error":null,"message_id":"feb54f7e-13ef-4e10-b44f-2e7dff9a57a3","conversation_id":null,"itinerary":null} @ webpack-internal:///(app-pages-browser)/./lib/chat-transport.ts:103
[   17364ms] [LOG] [ChatTransport] Received WebSocket response: {"type":"delta","content":"哪个","error":null,"message_id":"feb54f7e-13ef-4e10-b44f-2e7dff9a57a3","conversation_id":null,"itinerary":null} @ webpack-internal:///(app-pages-browser)/./lib/chat-transport.ts:103
[   17930ms] [LOG] [ChatTransport] Received WebSocket response: {"type":"delta","content":"城市","error":null,"message_id":"feb54f7e-13ef-4e10-b44f-2e7dff9a57a3","conversation_id":null,"itinerary":null} @ webpack-internal:///(app-pages-browser)/./lib/chat-transport.ts:103
[   17930ms] [LOG] [ChatTransport] Received WebSocket response: {"type":"delta","content":"或","error":null,"message_id":"feb54f7e-13ef-4e10-b44f-2e7dff9a57a3","conversation_id":null,"itinerary":null} @ webpack-internal:///(app-pages-browser)/./lib/chat-transport.ts:103
[   17939ms] [LOG] [ChatTransport] Received WebSocket response: {"type":"delta","content":"地区","error":null,"message_id":"feb54f7e-13ef-4e10-b44f-2e7dff9a57a3","conversation_id":null,"itinerary":null} @ webpack-internal:///(app-pages-browser)/./lib/chat-transport.ts:103
[   17940ms] [LOG] [ChatTransport] Received WebSocket response: {"type":"delta","content":"？","error":null,"message_id":"feb54f7e-13ef-4e10-b44f-2e7dff9a57a3","conversation_id":null,"itinerary":null} @ webpack-internal:///(app-pages-browser)/./lib/chat-transport.ts:103
[   17949ms] [LOG] [ChatTransport] Received WebSocket response: {"type":"delta","content":"**","error":null,"message_id":"feb54f7e-13ef-4e10-b44f-2e7dff9a57a3","conversation_id":null,"itinerary":null} @ webpack-internal:///(app-pages-browser)/./lib/chat-transport.ts:103
[   17949ms] [LOG] [ChatTransport] Received WebSocket response: {"type":"delta","content":" (","error":null,"message_id":"feb54f7e-13ef-4e10-b44f-2e7dff9a57a3","conversation_id":null,"itinerary":null} @ webpack-internal:///(app-pages-browser)/./lib/chat-transport.ts:103
[   17949ms] [LOG] [ChatTransport] Received WebSocket response: {"type":"delta","content":"例如","error":null,"message_id":"feb54f7e-13ef-4e10-b44f-2e7dff9a57a3","conversation_id":null,"itinerary":null} @ webpack-internal:///(app-pages-browser)/./lib/chat-transport.ts:103
[   17950ms] [LOG] [ChatTransport] Received WebSocket response: {"type":"delta","content":"：","error":null,"message_id":"feb54f7e-13ef-4e10-b44f-2e7dff9a57a3","conversation_id":null,"itinerary":null} @ webpack-internal:///(app-pages-browser)/./lib/chat-transport.ts:103
[   17950ms] [LOG] [ChatTransport] Received WebSocket response: {"type":"delta","content":"北京","error":null,"message_id":"feb54f7e-13ef-4e10-b44f-2e7dff9a57a3","conversation_id":null,"itinerary":null} @ webpack-internal:///(app-pages-browser)/./lib/chat-transport.ts:103
[   17950ms] [LOG] [ChatTransport] Received WebSocket response: {"type":"delta","content":"、","error":null,"message_id":"feb54f7e-13ef-4e10-b44f-2e7dff9a57a3","conversation_id":null,"itinerary":null} @ webpack-internal:///(app-pages-browser)/./lib/chat-transport.ts:103
[   17950ms] [LOG] [ChatTransport] Received WebSocket response: {"type":"delta","content":"上海","error":null,"message_id":"feb54f7e-13ef-4e10-b44f-2e7dff9a57a3","conversation_id":null,"itinerary":null} @ webpack-internal:///(app-pages-browser)/./lib/chat-transport.ts:103
[   17950ms] [LOG] [ChatTransport] Received WebSocket response: {"type":"delta","content":"、","error":null,"message_id":"feb54f7e-13ef-4e10-b44f-2e7dff9a57a3","conversation_id":null,"itinerary":null} @ webpack-internal:///(app-pages-browser)/./lib/chat-transport.ts:103
[   17950ms] [LOG] [ChatTransport] Received WebSocket response: {"type":"delta","content":"成都","error":null,"message_id":"feb54f7e-13ef-4e10-b44f-2e7dff9a57a3","conversation_id":null,"itinerary":null} @ webpack-internal:///(app-pages-browser)/./lib/chat-transport.ts:103
[   17950ms] [LOG] [ChatTransport] Received WebSocket response: {"type":"delta","content":"、","error":null,"message_id":"feb54f7e-13ef-4e10-b44f-2e7dff9a57a3","conversation_id":null,"itinerary":null} @ webpack-internal:///(app-pages-browser)/./lib/chat-transport.ts:103
[   17967ms] [LOG] [ChatTransport] Received WebSocket response: {"type":"delta","content":"三亚","error":null,"message_id":"feb54f7e-13ef-4e10-b44f-2e7dff9a57a3","conversation_id":null,"itinerary":null} @ webpack-internal:///(app-pages-browser)/./lib/chat-transport.ts:103
[   17976ms] [LOG] [ChatTransport] Received WebSocket response: {"type":"delta","content":"、","error":null,"message_id":"feb54f7e-13ef-4e10-b44f-2e7dff9a57a3","conversation_id":null,"itinerary":null} @ webpack-internal:///(app-pages-browser)/./lib/chat-transport.ts:103
[   18081ms] [LOG] [ChatTransport] Received WebSocket response: {"type":"delta","content":"日本","error":null,"message_id":"feb54f7e-13ef-4e10-b44f-2e7dff9a57a3","conversation_id":null,"itinerary":null} @ webpack-internal:///(app-pages-browser)/./lib/chat-transport.ts:103
[   18090ms] [LOG] [ChatTransport] Received WebSocket response: {"type":"delta","content":"东京","error":null,"message_id":"feb54f7e-13ef-4e10-b44f-2e7dff9a57a3","conversation_id":null,"itinerary":null} @ webpack-internal:///(app-pages-browser)/./lib/chat-transport.ts:103
[   18090ms] [LOG] [ChatTransport] Received WebSocket response: {"type":"delta","content":"、","error":null,"message_id":"feb54f7e-13ef-4e10-b44f-2e7dff9a57a3","conversation_id":null,"itinerary":null} @ webpack-internal:///(app-pages-browser)/./lib/chat-transport.ts:103
[   18091ms] [LOG] [ChatTransport] Received WebSocket response: {"type":"delta","content":"泰国","error":null,"message_id":"feb54f7e-13ef-4e10-b44f-2e7dff9a57a3","conversation_id":null,"itinerary":null} @ webpack-internal:///(app-pages-browser)/./lib/chat-transport.ts:103
[   18173ms] [LOG] [ChatTransport] Received WebSocket response: {"type":"delta","content":"曼","error":null,"message_id":"feb54f7e-13ef-4e10-b44f-2e7dff9a57a3","conversation_id":null,"itinerary":null} @ webpack-internal:///(app-pages-browser)/./lib/chat-transport.ts:103
[   18182ms] [LOG] [ChatTransport] Received WebSocket response: {"type":"delta","content":"谷","error":null,"message_id":"feb54f7e-13ef-4e10-b44f-2e7dff9a57a3","conversation_id":null,"itinerary":null} @ webpack-internal:///(app-pages-browser)/./lib/chat-transport.ts:103
[   18320ms] [LOG] [ChatTransport] Received WebSocket response: {"type":"delta","content":"等","error":null,"message_id":"feb54f7e-13ef-4e10-b44f-2e7dff9a57a3","conversation_id":null,"itinerary":null} @ webpack-internal:///(app-pages-browser)/./lib/chat-transport.ts:103
[   18336ms] [LOG] [ChatTransport] Received WebSocket response: {"type":"delta","content":")\n","error":null,"message_id":"feb54f7e-13ef-4e10-b44f-2e7dff9a57a3","conversation_id":null,"itinerary":null} @ webpack-internal:///(app-pages-browser)/./lib/chat-transport.ts:103
[   18352ms] [LOG] [ChatTransport] Received WebSocket response: {"type":"delta","content":"2","error":null,"message_id":"feb54f7e-13ef-4e10-b44f-2e7dff9a57a3","conversation_id":null,"itinerary":null} @ webpack-internal:///(app-pages-browser)/./lib/chat-transport.ts:103
[   18352ms] [LOG] [ChatTransport] Received WebSocket response: {"type":"delta","content":".","error":null,"message_id":"feb54f7e-13ef-4e10-b44f-2e7dff9a57a3","conversation_id":null,"itinerary":null} @ webpack-internal:///(app-pages-browser)/./lib/chat-transport.ts:103
[   18385ms] [LOG] [ChatTransport] Received WebSocket response: {"type":"delta","content":" ","error":null,"message_id":"feb54f7e-13ef-4e10-b44f-2e7dff9a57a3","conversation_id":null,"itinerary":null} @ webpack-internal:///(app-pages-browser)/./lib/chat-transport.ts:103
[   18399ms] [LOG] [ChatTransport] Received WebSocket response: {"type":"delta","content":" **","error":null,"message_id":"feb54f7e-13ef-4e10-b44f-2e7dff9a57a3","conversation_id":null,"itinerary":null} @ webpack-internal:///(app-pages-browser)/./lib/chat-transport.ts:103
[   18451ms] [LOG] [ChatTransport] Received WebSocket response: {"type":"delta","content":"您","error":null,"message_id":"feb54f7e-13ef-4e10-b44f-2e7dff9a57a3","conversation_id":null,"itinerary":null} @ webpack-internal:///(app-pages-browser)/./lib/chat-transport.ts:103
[   18530ms] [LOG] [ChatTransport] Received WebSocket response: {"type":"delta","content":"对","error":null,"message_id":"feb54f7e-13ef-4e10-b44f-2e7dff9a57a3","conversation_id":null,"itinerary":null} @ webpack-internal:///(app-pages-browser)/./lib/chat-transport.ts:103
[   18594ms] [LOG] [ChatTransport] Received WebSocket response: {"type":"delta","content":"什么","error":null,"message_id":"feb54f7e-13ef-4e10-b44f-2e7dff9a57a3","conversation_id":null,"itinerary":null} @ webpack-internal:///(app-pages-browser)/./lib/chat-transport.ts:103
[   18607ms] [LOG] [ChatTransport] Received WebSocket response: {"type":"delta","content":"类型的","error":null,"message_id":"feb54f7e-13ef-4e10-b44f-2e7dff9a57a3","conversation_id":null,"itinerary":null} @ webpack-internal:///(app-pages-browser)/./lib/chat-transport.ts:103
[   18660ms] [LOG] [ChatTransport] Received WebSocket response: {"type":"delta","content":"活动","error":null,"message_id":"feb54f7e-13ef-4e10-b44f-2e7dff9a57a3","conversation_id":null,"itinerary":null} @ webpack-internal:///(app-pages-browser)/./lib/chat-transport.ts:103
[   18670ms] [LOG] [ChatTransport] Received WebSocket response: {"type":"delta","content":"感兴趣","error":null,"message_id":"feb54f7e-13ef-4e10-b44f-2e7dff9a57a3","conversation_id":null,"itinerary":null} @ webpack-internal:///(app-pages-browser)/./lib/chat-transport.ts:103
[   18746ms] [LOG] [ChatTransport] Received WebSocket response: {"type":"delta","content":"？","error":null,"message_id":"feb54f7e-13ef-4e10-b44f-2e7dff9a57a3","conversation_id":null,"itinerary":null} @ webpack-internal:///(app-pages-browser)/./lib/chat-transport.ts:103
[   18746ms] [LOG] [ChatTransport] Received WebSocket response: {"type":"delta","content":"**","error":null,"message_id":"feb54f7e-13ef-4e10-b44f-2e7dff9a57a3","conversation_id":null,"itinerary":null} @ webpack-internal:///(app-pages-browser)/./lib/chat-transport.ts:103
[   18813ms] [LOG] [ChatTransport] Received WebSocket response: {"type":"delta","content":" (","error":null,"message_id":"feb54f7e-13ef-4e10-b44f-2e7dff9a57a3","conversation_id":null,"itinerary":null} @ webpack-internal:///(app-pages-browser)/./lib/chat-transport.ts:103
[   18813ms] [LOG] [ChatTransport] Received WebSocket response: {"type":"delta","content":"例如","error":null,"message_id":"feb54f7e-13ef-4e10-b44f-2e7dff9a57a3","conversation_id":null,"itinerary":null} @ webpack-internal:///(app-pages-browser)/./lib/chat-transport.ts:103
[   18944ms] [LOG] [ChatTransport] Received WebSocket response: {"type":"delta","content":"：","error":null,"message_id":"feb54f7e-13ef-4e10-b44f-2e7dff9a57a3","conversation_id":null,"itinerary":null} @ webpack-internal:///(app-pages-browser)/./lib/chat-transport.ts:103
[   18952ms] [LOG] [ChatTransport] Received WebSocket response: {"type":"delta","content":"历史文化","error":null,"message_id":"feb54f7e-13ef-4e10-b44f-2e7dff9a57a3","conversation_id":null,"itinerary":null} @ webpack-internal:///(app-pages-browser)/./lib/chat-transport.ts:103
[   18964ms] [LOG] [ChatTransport] Received WebSocket response: {"type":"delta","content":"、","error":null,"message_id":"feb54f7e-13ef-4e10-b44f-2e7dff9a57a3","conversation_id":null,"itinerary":null} @ webpack-internal:///(app-pages-browser)/./lib/chat-transport.ts:103
[   18964ms] [LOG] [ChatTransport] Received WebSocket response: {"type":"delta","content":"自然","error":null,"message_id":"feb54f7e-13ef-4e10-b44f-2e7dff9a57a3","conversation_id":null,"itinerary":null} @ webpack-internal:///(app-pages-browser)/./lib/chat-transport.ts:103
[   19015ms] [LOG] [ChatTransport] Received WebSocket response: {"type":"delta","content":"风光","error":null,"message_id":"feb54f7e-13ef-4e10-b44f-2e7dff9a57a3","conversation_id":null,"itinerary":null} @ webpack-internal:///(app-pages-browser)/./lib/chat-transport.ts:103
[   19031ms] [LOG] [ChatTransport] Received WebSocket response: {"type":"delta","content":"、","error":null,"message_id":"feb54f7e-13ef-4e10-b44f-2e7dff9a57a3","conversation_id":null,"itinerary":null} @ webpack-internal:///(app-pages-browser)/./lib/chat-transport.ts:103
[   19249ms] [LOG] [ChatTransport] Received WebSocket response: {"type":"delta","content":"美食","error":null,"message_id":"feb54f7e-13ef-4e10-b44f-2e7dff9a57a3","conversation_id":null,"itinerary":null} @ webpack-internal:///(app-pages-browser)/./lib/chat-transport.ts:103
[   19268ms] [LOG] [ChatTransport] Received WebSocket response: {"type":"delta","content":"购物","error":null,"message_id":"feb54f7e-13ef-4e10-b44f-2e7dff9a57a3","conversation_id":null,"itinerary":null} @ webpack-internal:///(app-pages-browser)/./lib/chat-transport.ts:103
[   19284ms] [LOG] [ChatTransport] Received WebSocket response: {"type":"delta","content":"、","error":null,"message_id":"feb54f7e-13ef-4e10-b44f-2e7dff9a57a3","conversation_id":null,"itinerary":null} @ webpack-internal:///(app-pages-browser)/./lib/chat-transport.ts:103
[   19285ms] [LOG] [ChatTransport] Received WebSocket response: {"type":"delta","content":"主题","error":null,"message_id":"feb54f7e-13ef-4e10-b44f-2e7dff9a57a3","conversation_id":null,"itinerary":null} @ webpack-internal:///(app-pages-browser)/./lib/chat-transport.ts:103
[   19285ms] [LOG] [ChatTransport] Received WebSocket response: {"type":"delta","content":"乐园","error":null,"message_id":"feb54f7e-13ef-4e10-b44f-2e7dff9a57a3","conversation_id":null,"itinerary":null} @ webpack-internal:///(app-pages-browser)/./lib/chat-transport.ts:103
[   19285ms] [LOG] [ChatTransport] Received WebSocket response: {"type":"delta","content":"、","error":null,"message_id":"feb54f7e-13ef-4e10-b44f-2e7dff9a57a3","conversation_id":null,"itinerary":null} @ webpack-internal:///(app-pages-browser)/./lib/chat-transport.ts:103
[   19305ms] [LOG] [ChatTransport] Received WebSocket response: {"type":"delta","content":"休闲","error":null,"message_id":"feb54f7e-13ef-4e10-b44f-2e7dff9a57a3","conversation_id":null,"itinerary":null} @ webpack-internal:///(app-pages-browser)/./lib/chat-transport.ts:103
[   19384ms] [LOG] [ChatTransport] Received WebSocket response: {"type":"delta","content":"度假","error":null,"message_id":"feb54f7e-13ef-4e10-b44f-2e7dff9a57a3","conversation_id":null,"itinerary":null} @ webpack-internal:///(app-pages-browser)/./lib/chat-transport.ts:103
[   19438ms] [LOG] [ChatTransport] Received WebSocket response: {"type":"delta","content":"等","error":null,"message_id":"feb54f7e-13ef-4e10-b44f-2e7dff9a57a3","conversation_id":null,"itinerary":null} @ webpack-internal:///(app-pages-browser)/./lib/chat-transport.ts:103
[   19451ms] [LOG] [ChatTransport] Received WebSocket response: {"type":"delta","content":")\n","error":null,"message_id":"feb54f7e-13ef-4e10-b44f-2e7dff9a57a3","conversation_id":null,"itinerary":null} @ webpack-internal:///(app-pages-browser)/./lib/chat-transport.ts:103
[   19510ms] [LOG] [ChatTransport] Received WebSocket response: {"type":"delta","content":"3","error":null,"message_id":"feb54f7e-13ef-4e10-b44f-2e7dff9a57a3","conversation_id":null,"itinerary":null} @ webpack-internal:///(app-pages-browser)/./lib/chat-transport.ts:103
[   19528ms] [LOG] [ChatTransport] Received WebSocket response: {"type":"delta","content":".","error":null,"message_id":"feb54f7e-13ef-4e10-b44f-2e7dff9a57a3","conversation_id":null,"itinerary":null} @ webpack-internal:///(app-pages-browser)/./lib/chat-transport.ts:103
[   19754ms] [LOG] [ChatTransport] Received WebSocket response: {"type":"delta","content":" ","error":null,"message_id":"feb54f7e-13ef-4e10-b44f-2e7dff9a57a3","conversation_id":null,"itinerary":null} @ webpack-internal:///(app-pages-browser)/./lib/chat-transport.ts:103
[   19769ms] [LOG] [ChatTransport] Received WebSocket response: {"type":"delta","content":" **","error":null,"message_id":"feb54f7e-13ef-4e10-b44f-2e7dff9a57a3","conversation_id":null,"itinerary":null} @ webpack-internal:///(app-pages-browser)/./lib/chat-transport.ts:103
[   19770ms] [LOG] [ChatTransport] Received WebSocket response: {"type":"delta","content":"您的","error":null,"message_id":"feb54f7e-13ef-4e10-b44f-2e7dff9a57a3","conversation_id":null,"itinerary":null} @ webpack-internal:///(app-pages-browser)/./lib/chat-transport.ts:103
[   19780ms] [LOG] [ChatTransport] Received WebSocket response: {"type":"delta","content":"同行","error":null,"message_id":"feb54f7e-13ef-4e10-b44f-2e7dff9a57a3","conversation_id":null,"itinerary":null} @ webpack-internal:///(app-pages-browser)/./lib/chat-transport.ts:103
[   19780ms] [LOG] [ChatTransport] Received WebSocket response: {"type":"delta","content":"人员","error":null,"message_id":"feb54f7e-13ef-4e10-b44f-2e7dff9a57a3","conversation_id":null,"itinerary":null} @ webpack-internal:///(app-pages-browser)/./lib/chat-transport.ts:103
[   19780ms] [LOG] [ChatTransport] Received WebSocket response: {"type":"delta","content":"是","error":null,"message_id":"feb54f7e-13ef-4e10-b44f-2e7dff9a57a3","conversation_id":null,"itinerary":null} @ webpack-internal:///(app-pages-browser)/./lib/chat-transport.ts:103
[   19818ms] [LOG] [ChatTransport] Received WebSocket response: {"type":"delta","content":"？","error":null,"message_id":"feb54f7e-13ef-4e10-b44f-2e7dff9a57a3","conversation_id":null,"itinerary":null} @ webpack-internal:///(app-pages-browser)/./lib/chat-transport.ts:103
[   19818ms] [LOG] [ChatTransport] Received WebSocket response: {"type":"delta","content":"**","error":null,"message_id":"feb54f7e-13ef-4e10-b44f-2e7dff9a57a3","conversation_id":null,"itinerary":null} @ webpack-internal:///(app-pages-browser)/./lib/chat-transport.ts:103
[   19893ms] [LOG] [ChatTransport] Received WebSocket response: {"type":"delta","content":" (","error":null,"message_id":"feb54f7e-13ef-4e10-b44f-2e7dff9a57a3","conversation_id":null,"itinerary":null} @ webpack-internal:///(app-pages-browser)/./lib/chat-transport.ts:103
[   19894ms] [LOG] [ChatTransport] Received WebSocket response: {"type":"delta","content":"例如","error":null,"message_id":"feb54f7e-13ef-4e10-b44f-2e7dff9a57a3","conversation_id":null,"itinerary":null} @ webpack-internal:///(app-pages-browser)/./lib/chat-transport.ts:103
[   19945ms] [LOG] [ChatTransport] Received WebSocket response: {"type":"delta","content":"：","error":null,"message_id":"feb54f7e-13ef-4e10-b44f-2e7dff9a57a3","conversation_id":null,"itinerary":null} @ webpack-internal:///(app-pages-browser)/./lib/chat-transport.ts:103
[   19945ms] [LOG] [ChatTransport] Received WebSocket response: {"type":"delta","content":"独自","error":null,"message_id":"feb54f7e-13ef-4e10-b44f-2e7dff9a57a3","conversation_id":null,"itinerary":null} @ webpack-internal:///(app-pages-browser)/./lib/chat-transport.ts:103
[   20014ms] [LOG] [ChatTransport] Received WebSocket response: {"type":"delta","content":"旅行","error":null,"message_id":"feb54f7e-13ef-4e10-b44f-2e7dff9a57a3","conversation_id":null,"itinerary":null} @ webpack-internal:///(app-pages-browser)/./lib/chat-transport.ts:103
[   20015ms] [LOG] [ChatTransport] Received WebSocket response: {"type":"delta","content":"、","error":null,"message_id":"feb54f7e-13ef-4e10-b44f-2e7dff9a57a3","conversation_id":null,"itinerary":null} @ webpack-internal:///(app-pages-browser)/./lib/chat-transport.ts:103
[   20078ms] [LOG] [ChatTransport] Received WebSocket response: {"type":"delta","content":"情侣","error":null,"message_id":"feb54f7e-13ef-4e10-b44f-2e7dff9a57a3","conversation_id":null,"itinerary":null} @ webpack-internal:///(app-pages-browser)/./lib/chat-transport.ts:103
[   20078ms] [LOG] [ChatTransport] Received WebSocket response: {"type":"delta","content":"、","error":null,"message_id":"feb54f7e-13ef-4e10-b44f-2e7dff9a57a3","conversation_id":null,"itinerary":null} @ webpack-internal:///(app-pages-browser)/./lib/chat-transport.ts:103
[   20159ms] [LOG] [ChatTransport] Received WebSocket response: {"type":"delta","content":"家庭","error":null,"message_id":"feb54f7e-13ef-4e10-b44f-2e7dff9a57a3","conversation_id":null,"itinerary":null} @ webpack-internal:///(app-pages-browser)/./lib/chat-transport.ts:103
[   20169ms] [LOG] [ChatTransport] Received WebSocket response: {"type":"delta","content":"亲子","error":null,"message_id":"feb54f7e-13ef-4e10-b44f-2e7dff9a57a3","conversation_id":null,"itinerary":null} @ webpack-internal:///(app-pages-browser)/./lib/chat-transport.ts:103
[   20223ms] [LOG] [ChatTransport] Received WebSocket response: {"type":"delta","content":"、","error":null,"message_id":"feb54f7e-13ef-4e10-b44f-2e7dff9a57a3","conversation_id":null,"itinerary":null} @ webpack-internal:///(app-pages-browser)/./lib/chat-transport.ts:103
[   20224ms] [LOG] [ChatTransport] Received WebSocket response: {"type":"delta","content":"朋友","error":null,"message_id":"feb54f7e-13ef-4e10-b44f-2e7dff9a57a3","conversation_id":null,"itinerary":null} @ webpack-internal:///(app-pages-browser)/./lib/chat-transport.ts:103
[   20308ms] [LOG] [ChatTransport] Received WebSocket response: {"type":"delta","content":"聚会","error":null,"message_id":"feb54f7e-13ef-4e10-b44f-2e7dff9a57a3","conversation_id":null,"itinerary":null} @ webpack-internal:///(app-pages-browser)/./lib/chat-transport.ts:103
[   20378ms] [LOG] [ChatTransport] Received WebSocket response: {"type":"delta","content":")\n","error":null,"message_id":"feb54f7e-13ef-4e10-b44f-2e7dff9a57a3","conversation_id":null,"itinerary":null} @ webpack-internal:///(app-pages-browser)/./lib/chat-transport.ts:103
[   20444ms] [LOG] [ChatTransport] Received WebSocket response: {"type":"delta","content":"4","error":null,"message_id":"feb54f7e-13ef-4e10-b44f-2e7dff9a57a3","conversation_id":null,"itinerary":null} @ webpack-internal:///(app-pages-browser)/./lib/chat-transport.ts:103
[   20453ms] [LOG] [ChatTransport] Received WebSocket response: {"type":"delta","content":".","error":null,"message_id":"feb54f7e-13ef-4e10-b44f-2e7dff9a57a3","conversation_id":null,"itinerary":null} @ webpack-internal:///(app-pages-browser)/./lib/chat-transport.ts:103
[   20520ms] [LOG] [ChatTransport] Received WebSocket response: {"type":"delta","content":" ","error":null,"message_id":"feb54f7e-13ef-4e10-b44f-2e7dff9a57a3","conversation_id":null,"itinerary":null} @ webpack-internal:///(app-pages-browser)/./lib/chat-transport.ts:103
[   20520ms] [LOG] [ChatTransport] Received WebSocket response: {"type":"delta","content":" **","error":null,"message_id":"feb54f7e-13ef-4e10-b44f-2e7dff9a57a3","conversation_id":null,"itinerary":null} @ webpack-internal:///(app-pages-browser)/./lib/chat-transport.ts:103
[   20582ms] [LOG] [ChatTransport] Received WebSocket response: {"type":"delta","content":"您的","error":null,"message_id":"feb54f7e-13ef-4e10-b44f-2e7dff9a57a3","conversation_id":null,"itinerary":null} @ webpack-internal:///(app-pages-browser)/./lib/chat-transport.ts:103
[   20650ms] [LOG] [ChatTransport] Received WebSocket response: {"type":"delta","content":"预算","error":null,"message_id":"feb54f7e-13ef-4e10-b44f-2e7dff9a57a3","conversation_id":null,"itinerary":null} @ webpack-internal:///(app-pages-browser)/./lib/chat-transport.ts:103
[   20650ms] [LOG] [ChatTransport] Received WebSocket response: {"type":"delta","content":"大概","error":null,"message_id":"feb54f7e-13ef-4e10-b44f-2e7dff9a57a3","conversation_id":null,"itinerary":null} @ webpack-internal:///(app-pages-browser)/./lib/chat-transport.ts:103
[   20987ms] [LOG] [ChatTransport] Received WebSocket response: {"type":"delta","content":"在","error":null,"message_id":"feb54f7e-13ef-4e10-b44f-2e7dff9a57a3","conversation_id":null,"itinerary":null} @ webpack-internal:///(app-pages-browser)/./lib/chat-transport.ts:103
[   20987ms] [LOG] [ChatTransport] Received WebSocket response: {"type":"delta","content":"什么","error":null,"message_id":"feb54f7e-13ef-4e10-b44f-2e7dff9a57a3","conversation_id":null,"itinerary":null} @ webpack-internal:///(app-pages-browser)/./lib/chat-transport.ts:103
[   21005ms] [LOG] [ChatTransport] Received WebSocket response: {"type":"delta","content":"范围","error":null,"message_id":"feb54f7e-13ef-4e10-b44f-2e7dff9a57a3","conversation_id":null,"itinerary":null} @ webpack-internal:///(app-pages-browser)/./lib/chat-transport.ts:103
[   21006ms] [LOG] [ChatTransport] Received WebSocket response: {"type":"delta","content":"？","error":null,"message_id":"feb54f7e-13ef-4e10-b44f-2e7dff9a57a3","conversation_id":null,"itinerary":null} @ webpack-internal:///(app-pages-browser)/./lib/chat-transport.ts:103
[   21006ms] [LOG] [ChatTransport] Received WebSocket response: {"type":"delta","content":"**","error":null,"message_id":"feb54f7e-13ef-4e10-b44f-2e7dff9a57a3","conversation_id":null,"itinerary":null} @ webpack-internal:///(app-pages-browser)/./lib/chat-transport.ts:103
[   21020ms] [LOG] [ChatTransport] Received WebSocket response: {"type":"delta","content":" (","error":null,"message_id":"feb54f7e-13ef-4e10-b44f-2e7dff9a57a3","conversation_id":null,"itinerary":null} @ webpack-internal:///(app-pages-browser)/./lib/chat-transport.ts:103
[   21020ms] [LOG] [ChatTransport] Received WebSocket response: {"type":"delta","content":"例如","error":null,"message_id":"feb54f7e-13ef-4e10-b44f-2e7dff9a57a3","conversation_id":null,"itinerary":null} @ webpack-internal:///(app-pages-browser)/./lib/chat-transport.ts:103
[   21020ms] [LOG] [ChatTransport] Received WebSocket response: {"type":"delta","content":"：","error":null,"message_id":"feb54f7e-13ef-4e10-b44f-2e7dff9a57a3","conversation_id":null,"itinerary":null} @ webpack-internal:///(app-pages-browser)/./lib/chat-transport.ts:103
[   21031ms] [LOG] [ChatTransport] Received WebSocket response: {"type":"delta","content":"经济","error":null,"message_id":"feb54f7e-13ef-4e10-b44f-2e7dff9a57a3","conversation_id":null,"itinerary":null} @ webpack-internal:///(app-pages-browser)/./lib/chat-transport.ts:103
[   21031ms] [LOG] [ChatTransport] Received WebSocket response: {"type":"delta","content":"型","error":null,"message_id":"feb54f7e-13ef-4e10-b44f-2e7dff9a57a3","conversation_id":null,"itinerary":null} @ webpack-internal:///(app-pages-browser)/./lib/chat-transport.ts:103
[   21077ms] [LOG] [ChatTransport] Received WebSocket response: {"type":"delta","content":"、","error":null,"message_id":"feb54f7e-13ef-4e10-b44f-2e7dff9a57a3","conversation_id":null,"itinerary":null} @ webpack-internal:///(app-pages-browser)/./lib/chat-transport.ts:103
[   21077ms] [LOG] [ChatTransport] Received WebSocket response: {"type":"delta","content":"舒适","error":null,"message_id":"feb54f7e-13ef-4e10-b44f-2e7dff9a57a3","conversation_id":null,"itinerary":null} @ webpack-internal:///(app-pages-browser)/./lib/chat-transport.ts:103
[   21199ms] [LOG] [ChatTransport] Received WebSocket response: {"type":"delta","content":"型","error":null,"message_id":"feb54f7e-13ef-4e10-b44f-2e7dff9a57a3","conversation_id":null,"itinerary":null} @ webpack-internal:///(app-pages-browser)/./lib/chat-transport.ts:103
[   21210ms] [LOG] [ChatTransport] Received WebSocket response: {"type":"delta","content":"、","error":null,"message_id":"feb54f7e-13ef-4e10-b44f-2e7dff9a57a3","conversation_id":null,"itinerary":null} @ webpack-internal:///(app-pages-browser)/./lib/chat-transport.ts:103
[   21231ms] [LOG] [ChatTransport] Received WebSocket response: {"type":"delta","content":"豪华","error":null,"message_id":"feb54f7e-13ef-4e10-b44f-2e7dff9a57a3","conversation_id":null,"itinerary":null} @ webpack-internal:///(app-pages-browser)/./lib/chat-transport.ts:103
[   21243ms] [LOG] [ChatTransport] Received WebSocket response: {"type":"delta","content":"型","error":null,"message_id":"feb54f7e-13ef-4e10-b44f-2e7dff9a57a3","conversation_id":null,"itinerary":null} @ webpack-internal:///(app-pages-browser)/./lib/chat-transport.ts:103
[   21358ms] [LOG] [ChatTransport] Received WebSocket response: {"type":"delta","content":")\n\n","error":null,"message_id":"feb54f7e-13ef-4e10-b44f-2e7dff9a57a3","conversation_id":null,"itinerary":null} @ webpack-internal:///(app-pages-browser)/./lib/chat-transport.ts:103
[   21359ms] [LOG] [ChatTransport] Received WebSocket response: {"type":"delta","content":"请","error":null,"message_id":"feb54f7e-13ef-4e10-b44f-2e7dff9a57a3","conversation_id":null,"itinerary":null} @ webpack-internal:///(app-pages-browser)/./lib/chat-transport.ts:103
[   21378ms] [LOG] [ChatTransport] Received WebSocket response: {"type":"delta","content":"告诉我","error":null,"message_id":"feb54f7e-13ef-4e10-b44f-2e7dff9a57a3","conversation_id":null,"itinerary":null} @ webpack-internal:///(app-pages-browser)/./lib/chat-transport.ts:103
[   21396ms] [LOG] [ChatTransport] Received WebSocket response: {"type":"delta","content":"这些","error":null,"message_id":"feb54f7e-13ef-4e10-b44f-2e7dff9a57a3","conversation_id":null,"itinerary":null} @ webpack-internal:///(app-pages-browser)/./lib/chat-transport.ts:103
[   21447ms] [LOG] [ChatTransport] Received WebSocket response: {"type":"delta","content":"信息","error":null,"message_id":"feb54f7e-13ef-4e10-b44f-2e7dff9a57a3","conversation_id":null,"itinerary":null} @ webpack-internal:///(app-pages-browser)/./lib/chat-transport.ts:103
[   21448ms] [LOG] [ChatTransport] Received WebSocket response: {"type":"delta","content":"，","error":null,"message_id":"feb54f7e-13ef-4e10-b44f-2e7dff9a57a3","conversation_id":null,"itinerary":null} @ webpack-internal:///(app-pages-browser)/./lib/chat-transport.ts:103
[   21520ms] [LOG] [ChatTransport] Received WebSocket response: {"type":"delta","content":"我","error":null,"message_id":"feb54f7e-13ef-4e10-b44f-2e7dff9a57a3","conversation_id":null,"itinerary":null} @ webpack-internal:///(app-pages-browser)/./lib/chat-transport.ts:103
[   21533ms] [LOG] [ChatTransport] Received WebSocket response: {"type":"delta","content":"就能","error":null,"message_id":"feb54f7e-13ef-4e10-b44f-2e7dff9a57a3","conversation_id":null,"itinerary":null} @ webpack-internal:///(app-pages-browser)/./lib/chat-transport.ts:103
[   21589ms] [LOG] [ChatTransport] Received WebSocket response: {"type":"delta","content":"为您","error":null,"message_id":"feb54f7e-13ef-4e10-b44f-2e7dff9a57a3","conversation_id":null,"itinerary":null} @ webpack-internal:///(app-pages-browser)/./lib/chat-transport.ts:103
[   21604ms] [LOG] [ChatTransport] Received WebSocket response: {"type":"delta","content":"量身","error":null,"message_id":"feb54f7e-13ef-4e10-b44f-2e7dff9a57a3","conversation_id":null,"itinerary":null} @ webpack-internal:///(app-pages-browser)/./lib/chat-transport.ts:103
[   21661ms] [LOG] [ChatTransport] Received WebSocket response: {"type":"delta","content":"定制","error":null,"message_id":"feb54f7e-13ef-4e10-b44f-2e7dff9a57a3","conversation_id":null,"itinerary":null} @ webpack-internal:///(app-pages-browser)/./lib/chat-transport.ts:103
[   21672ms] [LOG] [ChatTransport] Received WebSocket response: {"type":"delta","content":"一份","error":null,"message_id":"feb54f7e-13ef-4e10-b44f-2e7dff9a57a3","conversation_id":null,"itinerary":null} @ webpack-internal:///(app-pages-browser)/./lib/chat-transport.ts:103
[   21724ms] [LOG] [ChatTransport] Received WebSocket response: {"type":"delta","content":"详细的","error":null,"message_id":"feb54f7e-13ef-4e10-b44f-2e7dff9a57a3","conversation_id":null,"itinerary":null} @ webpack-internal:///(app-pages-browser)/./lib/chat-transport.ts:103
[   21736ms] [LOG] [ChatTransport] Received WebSocket response: {"type":"delta","content":"3","error":null,"message_id":"feb54f7e-13ef-4e10-b44f-2e7dff9a57a3","conversation_id":null,"itinerary":null} @ webpack-internal:///(app-pages-browser)/./lib/chat-transport.ts:103
[   21797ms] [LOG] [ChatTransport] Received WebSocket response: {"type":"delta","content":"天","error":null,"message_id":"feb54f7e-13ef-4e10-b44f-2e7dff9a57a3","conversation_id":null,"itinerary":null} @ webpack-internal:///(app-pages-browser)/./lib/chat-transport.ts:103
[   21812ms] [LOG] [ChatTransport] Received WebSocket response: {"type":"delta","content":"行程","error":null,"message_id":"feb54f7e-13ef-4e10-b44f-2e7dff9a57a3","conversation_id":null,"itinerary":null} @ webpack-internal:///(app-pages-browser)/./lib/chat-transport.ts:103
[   21877ms] [LOG] [ChatTransport] Received WebSocket response: {"type":"delta","content":"计划","error":null,"message_id":"feb54f7e-13ef-4e10-b44f-2e7dff9a57a3","conversation_id":null,"itinerary":null} @ webpack-internal:///(app-pages-browser)/./lib/chat-transport.ts:103
[   21939ms] [LOG] [ChatTransport] Received WebSocket response: {"type":"delta","content":"，","error":null,"message_id":"feb54f7e-13ef-4e10-b44f-2e7dff9a57a3","conversation_id":null,"itinerary":null} @ webpack-internal:///(app-pages-browser)/./lib/chat-transport.ts:103
[   22013ms] [LOG] [ChatTransport] Received WebSocket response: {"type":"delta","content":"包括","error":null,"message_id":"feb54f7e-13ef-4e10-b44f-2e7dff9a57a3","conversation_id":null,"itinerary":null} @ webpack-internal:///(app-pages-browser)/./lib/chat-transport.ts:103
[   22025ms] [LOG] [ChatTransport] Received WebSocket response: {"type":"delta","content":"景点","error":null,"message_id":"feb54f7e-13ef-4e10-b44f-2e7dff9a57a3","conversation_id":null,"itinerary":null} @ webpack-internal:///(app-pages-browser)/./lib/chat-transport.ts:103
[   22094ms] [LOG] [ChatTransport] Received WebSocket response: {"type":"delta","content":"推荐","error":null,"message_id":"feb54f7e-13ef-4e10-b44f-2e7dff9a57a3","conversation_id":null,"itinerary":null} @ webpack-internal:///(app-pages-browser)/./lib/chat-transport.ts:103
[   22110ms] [LOG] [ChatTransport] Received WebSocket response: {"type":"delta","content":"、","error":null,"message_id":"feb54f7e-13ef-4e10-b44f-2e7dff9a57a3","conversation_id":null,"itinerary":null} @ webpack-internal:///(app-pages-browser)/./lib/chat-transport.ts:103
[   22161ms] [LOG] [ChatTransport] Received WebSocket response: {"type":"delta","content":"路线","error":null,"message_id":"feb54f7e-13ef-4e10-b44f-2e7dff9a57a3","conversation_id":null,"itinerary":null} @ webpack-internal:///(app-pages-browser)/./lib/chat-transport.ts:103
[   22172ms] [LOG] [ChatTransport] Received WebSocket response: {"type":"delta","content":"安排","error":null,"message_id":"feb54f7e-13ef-4e10-b44f-2e7dff9a57a3","conversation_id":null,"itinerary":null} @ webpack-internal:///(app-pages-browser)/./lib/chat-transport.ts:103
[   22227ms] [LOG] [ChatTransport] Received WebSocket response: {"type":"delta","content":"和","error":null,"message_id":"feb54f7e-13ef-4e10-b44f-2e7dff9a57a3","conversation_id":null,"itinerary":null} @ webpack-internal:///(app-pages-browser)/./lib/chat-transport.ts:103
[   22228ms] [LOG] [ChatTransport] Received WebSocket response: {"type":"delta","content":"实用","error":null,"message_id":"feb54f7e-13ef-4e10-b44f-2e7dff9a57a3","conversation_id":null,"itinerary":null} @ webpack-internal:///(app-pages-browser)/./lib/chat-transport.ts:103
[   22305ms] [LOG] [ChatTransport] Received WebSocket response: {"type":"delta","content":"建议","error":null,"message_id":"feb54f7e-13ef-4e10-b44f-2e7dff9a57a3","conversation_id":null,"itinerary":null} @ webpack-internal:///(app-pages-browser)/./lib/chat-transport.ts:103
[   22305ms] [LOG] [ChatTransport] Received WebSocket response: {"type":"delta","content":"。","error":null,"message_id":"feb54f7e-13ef-4e10-b44f-2e7dff9a57a3","conversation_id":null,"itinerary":null} @ webpack-internal:///(app-pages-browser)/./lib/chat-transport.ts:103
[   22392ms] [LOG] [ChatTransport] Received WebSocket response: {"type":"done","content":"您好！我是您的旅游助手，很高兴为您服务。\n\n我看到您想规划一个 **3天** 的行程，但您还没有告诉我您想去哪个**目的地**呢。\n\n为了给您规划一份完美的行程，我需要了解一些关键信息。请您告诉我：\n\n1.  **您想去哪个城市或地区？** (例如：北京、上海、成都、三亚、日本东京、泰国曼谷等)\n2.  **您对什么类型的活动感兴趣？** (例如：历史文化、自然风光、美食购物、主题乐园、休闲度假等)\n3.  **您的同行人员是？** (例如：独自旅行、情侣、家庭亲子、朋友聚会)\n4.  **您的预算大概在什么范围？** (例如：经济型、舒适型、豪华型)\n\n请告诉我这些信息，我就能为您量身定制一份详细的3天行程计划，包括景点推荐、路线安排和实用建议。","error":null,"message_id":"feb54f7e-13ef-4e10-b44f-2e7dff9a57a3","conversation_id":"7878182b-3e4d-46aa-b557-5161a2d294ac","itinerary":null} @ webpack-internal:///(app-pages-browser)/./lib/chat-transport.ts:103
[   22393ms] [LOG] [ChatTransport] Updated conversation_id: 7878182b-3e4d-46aa-b557-5161a2d294ac @ webpack-internal:///(app-pages-browser)/./lib/chat-transport.ts:121
